Archive member included to satisfy reference by file (symbol)

d:/win/pico/gcc-arm-none-eabi/bin/../lib/gcc/arm-none-eabi/10.3.1/thumb/v6-m/nofp\libgcc.a(_dvmd_tls.o)
                              CMakeFiles/LoraTest.dir/D_/win/Pico/pico-sdk/src/rp2_common/pico_divider/divider.S.obj (__aeabi_idiv0)
d:/win/pico/gcc-arm-none-eabi/bin/../lib/gcc/arm-none-eabi/10.3.1/../../../../arm-none-eabi/lib/thumb/v6-m/nofp\libg.a(lib_a-calloc.o)
                              CMakeFiles/LoraTest.dir/D_/win/Pico/pico-sdk/src/rp2_common/pico_malloc/pico_malloc.c.obj (calloc)
d:/win/pico/gcc-arm-none-eabi/bin/../lib/gcc/arm-none-eabi/10.3.1/../../../../arm-none-eabi/lib/thumb/v6-m/nofp\libg.a(lib_a-callocr.o)
                              d:/win/pico/gcc-arm-none-eabi/bin/../lib/gcc/arm-none-eabi/10.3.1/../../../../arm-none-eabi/lib/thumb/v6-m/nofp\libg.a(lib_a-calloc.o) (_calloc_r)
d:/win/pico/gcc-arm-none-eabi/bin/../lib/gcc/arm-none-eabi/10.3.1/../../../../arm-none-eabi/lib/thumb/v6-m/nofp\libg.a(lib_a-errno.o)
                              d:/win/pico/gcc-arm-none-eabi/bin/../lib/gcc/arm-none-eabi/10.3.1/../../../../arm-none-eabi/lib/thumb/v6-m/nofp\libg.a(lib_a-callocr.o) (__errno)
d:/win/pico/gcc-arm-none-eabi/bin/../lib/gcc/arm-none-eabi/10.3.1/../../../../arm-none-eabi/lib/thumb/v6-m/nofp\libg.a(lib_a-impure.o)
                              d:/win/pico/gcc-arm-none-eabi/bin/../lib/gcc/arm-none-eabi/10.3.1/../../../../arm-none-eabi/lib/thumb/v6-m/nofp\libg.a(lib_a-calloc.o) (_impure_ptr)
d:/win/pico/gcc-arm-none-eabi/bin/../lib/gcc/arm-none-eabi/10.3.1/../../../../arm-none-eabi/lib/thumb/v6-m/nofp\libg.a(lib_a-init.o)
                              d:/win/pico/gcc-arm-none-eabi/bin/../lib/gcc/arm-none-eabi/10.3.1/../../../../arm-none-eabi/lib/thumb/v6-m/nofp/crt0.o (__libc_init_array)
d:/win/pico/gcc-arm-none-eabi/bin/../lib/gcc/arm-none-eabi/10.3.1/../../../../arm-none-eabi/lib/thumb/v6-m/nofp\libg.a(lib_a-malloc.o)
                              CMakeFiles/LoraTest.dir/D_/win/Pico/pico-sdk/src/rp2_common/pico_malloc/pico_malloc.c.obj (malloc)
d:/win/pico/gcc-arm-none-eabi/bin/../lib/gcc/arm-none-eabi/10.3.1/../../../../arm-none-eabi/lib/thumb/v6-m/nofp\libg.a(lib_a-mallocr.o)
                              d:/win/pico/gcc-arm-none-eabi/bin/../lib/gcc/arm-none-eabi/10.3.1/../../../../arm-none-eabi/lib/thumb/v6-m/nofp\libg.a(lib_a-callocr.o) (_malloc_r)
d:/win/pico/gcc-arm-none-eabi/bin/../lib/gcc/arm-none-eabi/10.3.1/../../../../arm-none-eabi/lib/thumb/v6-m/nofp\libg.a(lib_a-mlock.o)
                              d:/win/pico/gcc-arm-none-eabi/bin/../lib/gcc/arm-none-eabi/10.3.1/../../../../arm-none-eabi/lib/thumb/v6-m/nofp\libg.a(lib_a-mallocr.o) (__malloc_lock)
d:/win/pico/gcc-arm-none-eabi/bin/../lib/gcc/arm-none-eabi/10.3.1/../../../../arm-none-eabi/lib/thumb/v6-m/nofp\libg.a(lib_a-realloc.o)
                              CMakeFiles/LoraTest.dir/D_/win/Pico/pico-sdk/src/rp2_common/pico_malloc/pico_malloc.c.obj (realloc)
d:/win/pico/gcc-arm-none-eabi/bin/../lib/gcc/arm-none-eabi/10.3.1/../../../../arm-none-eabi/lib/thumb/v6-m/nofp\libg.a(lib_a-reallocr.o)
                              d:/win/pico/gcc-arm-none-eabi/bin/../lib/gcc/arm-none-eabi/10.3.1/../../../../arm-none-eabi/lib/thumb/v6-m/nofp\libg.a(lib_a-realloc.o) (_realloc_r)
d:/win/pico/gcc-arm-none-eabi/bin/../lib/gcc/arm-none-eabi/10.3.1/../../../../arm-none-eabi/lib/thumb/v6-m/nofp\libg.a(lib_a-sbrkr.o)
                              d:/win/pico/gcc-arm-none-eabi/bin/../lib/gcc/arm-none-eabi/10.3.1/../../../../arm-none-eabi/lib/thumb/v6-m/nofp\libg.a(lib_a-mallocr.o) (_sbrk_r)
d:/win/pico/gcc-arm-none-eabi/bin/../lib/gcc/arm-none-eabi/10.3.1/../../../../arm-none-eabi/lib/thumb/v6-m/nofp\libg.a(lib_a-strlen-stub.o)
                              CMakeFiles/LoraTest.dir/uart.c.obj (strlen)
d:/win/pico/gcc-arm-none-eabi/bin/../lib/gcc/arm-none-eabi/10.3.1/../../../../arm-none-eabi/lib/thumb/v6-m/nofp\libg.a(lib_a-freer.o)
                              d:/win/pico/gcc-arm-none-eabi/bin/../lib/gcc/arm-none-eabi/10.3.1/../../../../arm-none-eabi/lib/thumb/v6-m/nofp\libg.a(lib_a-malloc.o) (_free_r)
d:/win/pico/gcc-arm-none-eabi/bin/../lib/gcc/arm-none-eabi/10.3.1/../../../../arm-none-eabi/lib/thumb/v6-m/nofp\libg.a(lib_a-lock.o)
                              d:/win/pico/gcc-arm-none-eabi/bin/../lib/gcc/arm-none-eabi/10.3.1/../../../../arm-none-eabi/lib/thumb/v6-m/nofp\libg.a(lib_a-mlock.o) (__retarget_lock_acquire_recursive)
d:/win/pico/gcc-arm-none-eabi/bin/../lib/gcc/arm-none-eabi/10.3.1/../../../../arm-none-eabi/lib/thumb/v6-m/nofp\libg.a(lib_a-memmove.o)
                              d:/win/pico/gcc-arm-none-eabi/bin/../lib/gcc/arm-none-eabi/10.3.1/../../../../arm-none-eabi/lib/thumb/v6-m/nofp\libg.a(lib_a-reallocr.o) (memmove)
d:/win/pico/gcc-arm-none-eabi/bin/../lib/gcc/arm-none-eabi/10.3.1/../../../../arm-none-eabi/lib/thumb/v6-m/nofp\libg.a(lib_a-reent.o)
[...]
Memory Configuration

Name             Origin             Length             Attributes
FLASH            0x10000000         0x00200000         xr
RAM              0x20000000         0x00040000         xrw
SCRATCH_X        0x20040000         0x00001000         xrw
SCRATCH_Y        0x20041000         0x00001000         xrw
*default*        0x00000000         0xffffffff

Linker script and memory map

LOAD d:/win/pico/gcc-arm-none-eabi/bin/../lib/gcc/arm-none-eabi/10.3.1/thumb/v6-m/nofp/crti.o
LOAD d:/win/pico/gcc-arm-none-eabi/bin/../lib/gcc/arm-none-eabi/10.3.1/thumb/v6-m/nofp/crtbegin.o
LOAD d:/win/pico/gcc-arm-none-eabi/bin/../lib/gcc/arm-none-eabi/10.3.1/../../../../arm-none-eabi/lib/thumb/v6-m/nofp/crt0.o

.flash_begin    0x10000000        0x0
                0x10000000                __flash_binary_start = .

.boot2          0x10000000      0x100
                0x10000000                __boot2_start__ = .
 *(.boot2)
 .boot2         0x10000000      0x100 C:\Users\iamna\AppData\Local\Temp\ccMa3uK0.o
                0x10000100                __boot2_end__ = .
                0x00000001                ASSERT (((__boot2_end__ - __boot2_start__) == 0x100), ERROR: Pico second stage bootloader must be 256 bytes in size)

.text           0x10000100     0x4e50
                0x10000100                __logical_binary_start = .
 *(.vectors)
 .vectors       0x10000100       0xd4 CMakeFiles/LoraTest.dir/D_/win/Pico/pico-sdk/src/rp2_common/pico_standard_link/crt0.S.obj
                0x10000100                __VECTOR_TABLE
                0x10000100                __vectors
                0x100001c0                isr_invalid
                0x100001c0                __default_isrs_start
                0x100001c2                isr_nmi
                0x100001c4                isr_hardfault
                0x100001c6                isr_svcall
                0x100001c8                isr_pendsv
                0x100001ca                isr_systick
                0x100001cc                isr_irq23
                0x100001cc                isr_irq18
                0x100001cc                isr_irq11
                0x100001cc                isr_irq28
                0x100001cc                isr_irq19
                0x100001cc                isr_irq0
                0x100001cc                isr_irq6
                0x100001cc                isr_irq5
                0x100001cc                isr_irq12
                0x100001cc                isr_irq22
                0x100001cc                isr_irq31
                0x100001cc                isr_irq17
                0x100001cc                isr_irq27
                0x100001cc                isr_irq30
                0x100001cc                isr_irq2
                0x100001cc                isr_irq10
                0x100001cc                isr_irq8
                0x100001cc                isr_irq24
                0x100001cc                isr_irq1
                0x100001cc                isr_irq7
                0x100001cc                isr_irq21
                0x100001cc                isr_irq20
                0x100001cc                isr_irq15
                0x100001cc                isr_irq25
                0x100001cc                isr_irq13
                0x100001cc                __unhandled_user_irq
                0x100001cc                isr_irq4
                0x100001cc                isr_irq16
                0x100001cc                isr_irq29
                0x100001cc                isr_irq26
                0x100001cc                __default_isrs_end
                0x100001cc                isr_irq3
                0x100001cc                isr_irq14
                0x100001cc                isr_irq9
                0x100001d2                unhandled_user_irq_num_in_r0
 *(.binary_info_header)
 .binary_info_header
                0x100001d4       0x14 CMakeFiles/LoraTest.dir/D_/win/Pico/pico-sdk/src/rp2_common/pico_standard_link/crt0.S.obj
                0x100001e8                __binary_info_header_end = .
 *(.reset)
 .reset         0x100001e8       0xa0 CMakeFiles/LoraTest.dir/D_/win/Pico/pico-sdk/src/rp2_common/pico_standard_link/crt0.S.obj
                0x100001e8                _entry_point
 .reset         0x10000288       0x30 CMakeFiles/LoraTest.dir/D_/win/Pico/pico-sdk/src/rp2_common/pico_standard_link/binary_info.c.obj
 *(.init)
 .init          0x100002b8        0x4 d:/win/pico/gcc-arm-none-eabi/bin/../lib/gcc/arm-none-eabi/10.3.1/thumb/v6-m/nofp/crti.o
                0x100002b8                _init
 *(EXCLUDE_FILE(*libm.a: *libc.a:*lib_a-mem*.o *libgcc.a:) .text*)
 .text          0x100002bc       0x48 d:/win/pico/gcc-arm-none-eabi/bin/../lib/gcc/arm-none-eabi/10.3.1/thumb/v6-m/nofp/crtbegin.o
 .text.main     0x10000304      0x328 CMakeFiles/LoraTest.dir/main.c.obj
                0x10000304                main
 .text.rb_init  0x1000062c        0xc CMakeFiles/LoraTest.dir/ring_buffer.c.obj
                0x1000062c                rb_init
 .text.rb_empty
                0x10000638       0x10 CMakeFiles/LoraTest.dir/ring_buffer.c.obj
                0x10000638                rb_empty
 .text.rb_full  0x10000648       0x1a CMakeFiles/LoraTest.dir/ring_buffer.c.obj
                0x10000648                rb_full
 .text.rb_put   0x10000662       0x24 CMakeFiles/LoraTest.dir/ring_buffer.c.obj
                0x10000662                rb_put
 .text.rb_get   0x10000686       0x1e CMakeFiles/LoraTest.dir/ring_buffer.c.obj
                0x10000686                rb_get
 .text.rb_alloc
                0x100006a4       0x1a CMakeFiles/LoraTest.dir/ring_buffer.c.obj
                0x100006a4                rb_alloc
 *fill*         0x100006be        0x2 
 .text.uart_get_handle
                0x100006c0       0x14 CMakeFiles/LoraTest.dir/uart.c.obj
 .text.uart_setup
                0x100006d4       0x76 CMakeFiles/LoraTest.dir/uart.c.obj
                0x100006d4                uart_setup
 .text.uart_read
                0x1000074a       0x40 CMakeFiles/LoraTest.dir/uart.c.obj
                0x1000074a                uart_read
 .text.uart_irq_rx
                0x1000078a       0x3e CMakeFiles/LoraTest.dir/uart.c.obj
                0x1000078a                uart_irq_rx
 .text.uart_irq_tx
                0x100007c8       0x46 CMakeFiles/LoraTest.dir/uart.c.obj
                0x100007c8                uart_irq_tx
 .text.uart_write
                0x1000080e       0x76 CMakeFiles/LoraTest.dir/uart.c.obj
                0x1000080e                uart_write
 .text.uart_send
                0x10000884       0x18 CMakeFiles/LoraTest.dir/uart.c.obj
                0x10000884                uart_send
 .text.uart0_handler
                0x1000089c       0x18 CMakeFiles/LoraTest.dir/uart.c.obj
                0x1000089c                uart0_handler
 .text.uart1_handler
                0x100008b4       0x18 CMakeFiles/LoraTest.dir/uart.c.obj
                0x100008b4                uart1_handler
 .text.gpio_set_function
                0x100008cc       0x30 CMakeFiles/LoraTest.dir/D_/win/Pico/pico-sdk/src/rp2_common/hardware_gpio/gpio.c.obj
                0x100008cc                gpio_set_function
 .text.gpio_set_pulls
                0x100008fc       0x34 CMakeFiles/LoraTest.dir/D_/win/Pico/pico-sdk/src/rp2_common/hardware_gpio/gpio.c.obj
                0x100008fc                gpio_set_pulls
 .text.gpio_init
                0x10000930       0x16 CMakeFiles/LoraTest.dir/D_/win/Pico/pico-sdk/src/rp2_common/hardware_gpio/gpio.c.obj
                0x10000930                gpio_init
 *fill*         0x10000946        0x2 
 .text.running_on_fpga
                0x10000948       0x14 CMakeFiles/LoraTest.dir/D_/win/Pico/pico-sdk/src/rp2_common/pico_platform/platform.c.obj
                0x10000948                running_on_fpga
 .text.hw_claim_lock
                0x1000095c       0x18 CMakeFiles/LoraTest.dir/D_/win/Pico/pico-sdk/src/rp2_common/hardware_claim/claim.c.obj
                0x1000095c                hw_claim_lock
 .text.hw_claim_unlock
                0x10000974       0x14 CMakeFiles/LoraTest.dir/D_/win/Pico/pico-sdk/src/rp2_common/hardware_claim/claim.c.obj
                0x10000974                hw_claim_unlock
 .text.hw_claim_or_assert
                0x10000988       0x32 CMakeFiles/LoraTest.dir/D_/win/Pico/pico-sdk/src/rp2_common/hardware_claim/claim.c.obj
                0x10000988                hw_claim_or_assert
 *fill*         0x100009ba        0x2 
 .text.spin_locks_reset
                0x100009bc       0x20 CMakeFiles/LoraTest.dir/D_/win/Pico/pico-sdk/src/rp2_common/hardware_sync/sync.c.obj
                0x100009bc                spin_locks_reset
 .text.next_striped_spin_lock_num
                0x100009dc       0x1c CMakeFiles/LoraTest.dir/D_/win/Pico/pico-sdk/src/rp2_common/hardware_sync/sync.c.obj
                0x100009dc                next_striped_spin_lock_num
 .text.set_raw_irq_handler_and_unlock
                0x100009f8       0x28 CMakeFiles/LoraTest.dir/D_/win/Pico/pico-sdk/src/rp2_common/hardware_irq/irq.c.obj
 .text.make_branch
                0x10000a20       0x48 CMakeFiles/LoraTest.dir/D_/win/Pico/pico-sdk/src/rp2_common/hardware_irq/irq.c.obj
 .text.insert_branch_and_link
                0x10000a68       0x40 CMakeFiles/LoraTest.dir/D_/win/Pico/pico-sdk/src/rp2_common/hardware_irq/irq.c.obj
 .text.irq_is_enabled
                0x10000aa8       0x18 CMakeFiles/LoraTest.dir/D_/win/Pico/pico-sdk/src/rp2_common/hardware_irq/irq.c.obj
                0x10000aa8                irq_is_enabled
 .text.irq_set_mask_enabled
                0x10000ac0       0x20 CMakeFiles/LoraTest.dir/D_/win/Pico/pico-sdk/src/rp2_common/hardware_irq/irq.c.obj
                0x10000ac0                irq_set_mask_enabled
 .text.irq_set_enabled
                0x10000ae0        0xe CMakeFiles/LoraTest.dir/D_/win/Pico/pico-sdk/src/rp2_common/hardware_irq/irq.c.obj
                0x10000ae0                irq_set_enabled
 *fill*         0x10000aee        0x2 
 .text.irq_get_vtable_handler
                0x10000af0       0x10 CMakeFiles/LoraTest.dir/D_/win/Pico/pico-sdk/src/rp2_common/hardware_irq/irq.c.obj
                0x10000af0                irq_get_vtable_handler
 .text.irq_set_exclusive_handler
                0x10000b00       0x54 CMakeFiles/LoraTest.dir/D_/win/Pico/pico-sdk/src/rp2_common/hardware_irq/irq.c.obj
                0x10000b00                irq_set_exclusive_handler
 .text.irq_remove_handler
                0x10000b54      0x1ac CMakeFiles/LoraTest.dir/D_/win/Pico/pico-sdk/src/rp2_common/hardware_irq/irq.c.obj
                0x10000b54                irq_remove_handler
 .text.irq_add_tail_to_free_list
                0x10000d00       0xf0 CMakeFiles/LoraTest.dir/D_/win/Pico/pico-sdk/src/rp2_common/hardware_irq/irq.c.obj
                0x10000d00                irq_add_tail_to_free_list
 .text.irq_init_priorities
                0x10000df0       0x1c CMakeFiles/LoraTest.dir/D_/win/Pico/pico-sdk/src/rp2_common/hardware_irq/irq.c.obj
                0x10000df0                irq_init_priorities
 .text.lock_init
                0x10000e0c       0x10 CMakeFiles/LoraTest.dir/D_/win/Pico/pico-sdk/src/common/pico_sync/lock_core.c.obj
                0x10000e0c                lock_init
 .text.mutex_init
                0x10000e1c       0x1a CMakeFiles/LoraTest.dir/D_/win/Pico/pico-sdk/src/common/pico_sync/mutex.c.obj
                0x10000e1c                mutex_init
 .text.recursive_mutex_init
                0x10000e36       0x1e CMakeFiles/LoraTest.dir/D_/win/Pico/pico-sdk/src/common/pico_sync/mutex.c.obj
                0x10000e36                recursive_mutex_init
 .text.alarm_pool_post_alloc_init
                0x10000e54       0x40 CMakeFiles/LoraTest.dir/D_/win/Pico/pico-sdk/src/common/pico_time/time.c.obj
 .text.sleep_until_callback
                0x10000e94       0x30 CMakeFiles/LoraTest.dir/D_/win/Pico/pico-sdk/src/common/pico_time/time.c.obj
 .text.timer_pool_entry_comparator
                0x10000ec4       0x7c CMakeFiles/LoraTest.dir/D_/win/Pico/pico-sdk/src/common/pico_time/time.c.obj
                0x10000ec4                timer_pool_entry_comparator
 .text.ph_add_child_node
                0x10000f40       0xa4 CMakeFiles/LoraTest.dir/D_/win/Pico/pico-sdk/src/common/pico_time/time.c.obj
 .text.ph_merge_nodes
                0x10000fe4       0x3e CMakeFiles/LoraTest.dir/D_/win/Pico/pico-sdk/src/common/pico_time/time.c.obj
 *fill*         0x10001022        0x2 
 .text.add_alarm_under_lock
                0x10001024      0x174 CMakeFiles/LoraTest.dir/D_/win/Pico/pico-sdk/src/common/pico_time/time.c.obj
 .text.alarm_pool_alarm_callback
                0x10001198      0x33c CMakeFiles/LoraTest.dir/D_/win/Pico/pico-sdk/src/common/pico_time/time.c.obj
 .text.alarm_pool_init_default
                0x100014d4       0x40 CMakeFiles/LoraTest.dir/D_/win/Pico/pico-sdk/src/common/pico_time/time.c.obj
                0x100014d4                alarm_pool_init_default
 .text.alarm_pool_get_default
                0x10001514       0x2c CMakeFiles/LoraTest.dir/D_/win/Pico/pico-sdk/src/common/pico_time/time.c.obj
                0x10001514                alarm_pool_get_default
 .text.alarm_pool_add_alarm_at
                0x10001540      0x168 CMakeFiles/LoraTest.dir/D_/win/Pico/pico-sdk/src/common/pico_time/time.c.obj
                0x10001540                alarm_pool_add_alarm_at
 .text.alarm_pool_cancel_alarm
                0x100016a8       0xf0 CMakeFiles/LoraTest.dir/D_/win/Pico/pico-sdk/src/common/pico_time/time.c.obj
                0x100016a8                alarm_pool_cancel_alarm
 .text.sleep_until
                0x10001798       0xfc CMakeFiles/LoraTest.dir/D_/win/Pico/pico-sdk/src/common/pico_time/time.c.obj
                0x10001798                sleep_until
 .text.sleep_us
                0x10001894       0x58 CMakeFiles/LoraTest.dir/D_/win/Pico/pico-sdk/src/common/pico_time/time.c.obj
                0x10001894                sleep_us
 .text.sleep_ms
                0x100018ec       0x14 CMakeFiles/LoraTest.dir/D_/win/Pico/pico-sdk/src/common/pico_time/time.c.obj
                0x100018ec                sleep_ms
 .text.best_effort_wfe_or_timeout
                0x10001900       0xac CMakeFiles/LoraTest.dir/D_/win/Pico/pico-sdk/src/common/pico_time/time.c.obj
                0x10001900                best_effort_wfe_or_timeout
 .text.hardware_alarm_irq_handler
                0x100019ac       0x90 CMakeFiles/LoraTest.dir/D_/win/Pico/pico-sdk/src/rp2_common/hardware_timer/timer.c.obj
 .text.hardware_alarm_claim
                0x10001a3c       0x18 CMakeFiles/LoraTest.dir/D_/win/Pico/pico-sdk/src/rp2_common/hardware_timer/timer.c.obj
                0x10001a3c                hardware_alarm_claim
 .text.time_us_64
                0x10001a54       0x18 CMakeFiles/LoraTest.dir/D_/win/Pico/pico-sdk/src/rp2_common/hardware_timer/timer.c.obj
                0x10001a54                time_us_64
 .text.busy_wait_until
                0x10001a6c       0x28 CMakeFiles/LoraTest.dir/D_/win/Pico/pico-sdk/src/rp2_common/hardware_timer/timer.c.obj
                0x10001a6c                busy_wait_until
 .text.hardware_alarm_set_callback
                0x10001a94       0x90 CMakeFiles/LoraTest.dir/D_/win/Pico/pico-sdk/src/rp2_common/hardware_timer/timer.c.obj
                0x10001a94                hardware_alarm_set_callback
 .text.hardware_alarm_set_target
                0x10001b24       0xe8 CMakeFiles/LoraTest.dir/D_/win/Pico/pico-sdk/src/rp2_common/hardware_timer/timer.c.obj
                0x10001b24                hardware_alarm_set_target
 .text.hardware_alarm_cancel
                0x10001c0c       0x40 CMakeFiles/LoraTest.dir/D_/win/Pico/pico-sdk/src/rp2_common/hardware_timer/timer.c.obj
                0x10001c0c                hardware_alarm_cancel
 .text.ph_add_child_node
                0x10001c4c       0xa4 CMakeFiles/LoraTest.dir/D_/win/Pico/pico-sdk/src/common/pico_util/pheap.c.obj
 .text.ph_merge_nodes
                0x10001cf0       0x3e CMakeFiles/LoraTest.dir/D_/win/Pico/pico-sdk/src/common/pico_util/pheap.c.obj
 *fill*         0x10001d2e        0x2 
 .text.ph_clear
                0x10001d30       0x70 CMakeFiles/LoraTest.dir/D_/win/Pico/pico-sdk/src/common/pico_util/pheap.c.obj
                0x10001d30                ph_clear
 .text.ph_post_alloc_init
                0x10001da0        0xe CMakeFiles/LoraTest.dir/D_/win/Pico/pico-sdk/src/common/pico_util/pheap.c.obj
                0x10001da0                ph_post_alloc_init
 *fill*         0x10001dae        0x2 
 .text.ph_merge_two_pass
                0x10001db0       0xa8 CMakeFiles/LoraTest.dir/D_/win/Pico/pico-sdk/src/common/pico_util/pheap.c.obj
                0x10001db0                ph_merge_two_pass
 .text.ph_remove_any_head
                0x10001e58      0x128 CMakeFiles/LoraTest.dir/D_/win/Pico/pico-sdk/src/common/pico_util/pheap.c.obj
 .text.ph_remove_head
                0x10001f80       0x14 CMakeFiles/LoraTest.dir/D_/win/Pico/pico-sdk/src/common/pico_util/pheap.c.obj
                0x10001f80                ph_remove_head
 .text.ph_remove_and_free_node
                0x10001f94       0xf8 CMakeFiles/LoraTest.dir/D_/win/Pico/pico-sdk/src/common/pico_util/pheap.c.obj
                0x10001f94                ph_remove_and_free_node
 .text.uart_set_baudrate
                0x1000208c       0x5c CMakeFiles/LoraTest.dir/D_/win/Pico/pico-sdk/src/rp2_common/hardware_uart/uart.c.obj
                0x1000208c                uart_set_baudrate
 .text.uart_set_translate_crlf
                0x100020e8       0x28 CMakeFiles/LoraTest.dir/D_/win/Pico/pico-sdk/src/rp2_common/hardware_uart/uart.c.obj
                0x100020e8                uart_set_translate_crlf
 .text.uart_init
                0x10002110       0x80 CMakeFiles/LoraTest.dir/D_/win/Pico/pico-sdk/src/rp2_common/hardware_uart/uart.c.obj
                0x10002110                uart_init
 .text.clock_configure
                0x10002190      0x104 CMakeFiles/LoraTest.dir/D_/win/Pico/pico-sdk/src/rp2_common/hardware_clocks/clocks.c.obj
                0x10002190                clock_configure
 .text.clocks_init
                0x10002294      0x100 CMakeFiles/LoraTest.dir/D_/win/Pico/pico-sdk/src/rp2_common/hardware_clocks/clocks.c.obj
                0x10002294                clocks_init
 .text.clock_get_hz
                0x10002394        0xc CMakeFiles/LoraTest.dir/D_/win/Pico/pico-sdk/src/rp2_common/hardware_clocks/clocks.c.obj
                0x10002394                clock_get_hz
 .text.pll_init
                0x100023a0      0x12c CMakeFiles/LoraTest.dir/D_/win/Pico/pico-sdk/src/rp2_common/hardware_pll/pll.c.obj
                0x100023a0                pll_init
 .text.watchdog_start_tick
                0x100024cc       0x10 CMakeFiles/LoraTest.dir/D_/win/Pico/pico-sdk/src/rp2_common/hardware_watchdog/watchdog.c.obj
                0x100024cc                watchdog_start_tick
 .text.xosc_init
                0x100024dc       0x28 CMakeFiles/LoraTest.dir/D_/win/Pico/pico-sdk/src/rp2_common/hardware_xosc/xosc.c.obj
                0x100024dc                xosc_init
 .text._exit    0x10002504        0x4 CMakeFiles/LoraTest.dir/D_/win/Pico/pico-sdk/src/rp2_common/pico_runtime/runtime.c.obj
                0x10002504                _exit
 .text._sbrk    0x10002508       0x38 CMakeFiles/LoraTest.dir/D_/win/Pico/pico-sdk/src/rp2_common/pico_runtime/runtime.c.obj
                0x10002508                _sbrk
 .text.exit     0x10002540        0x6 CMakeFiles/LoraTest.dir/D_/win/Pico/pico-sdk/src/rp2_common/pico_runtime/runtime.c.obj
                0x10002540                exit
 *fill*         0x10002546        0x2 
 .text.__assert_func
                0x10002548       0x3c CMakeFiles/LoraTest.dir/D_/win/Pico/pico-sdk/src/rp2_common/pico_runtime/runtime.c.obj
                0x10002548                __assert_func
 .text.runtime_init
                0x10002584       0xf8 CMakeFiles/LoraTest.dir/D_/win/Pico/pico-sdk/src/rp2_common/pico_runtime/runtime.c.obj
                0x10002584                runtime_init
 .text.panic    0x1000267c       0x30 CMakeFiles/LoraTest.dir/D_/win/Pico/pico-sdk/src/rp2_common/pico_runtime/runtime.c.obj
                0x1000267c                panic
 .text._out_null
                0x100026ac        0x2 CMakeFiles/LoraTest.dir/D_/win/Pico/pico-sdk/src/rp2_common/pico_printf/printf.c.obj
 .text._out_fct
                0x100026ae        0xe CMakeFiles/LoraTest.dir/D_/win/Pico/pico-sdk/src/rp2_common/pico_printf/printf.c.obj
 .text._atoi    0x100026bc       0x24 CMakeFiles/LoraTest.dir/D_/win/Pico/pico-sdk/src/rp2_common/pico_printf/printf.c.obj
 .text._out_rev
                0x100026e0       0xae CMakeFiles/LoraTest.dir/D_/win/Pico/pico-sdk/src/rp2_common/pico_printf/printf.c.obj
 .text._ntoa_format
                0x1000278e      0x112 CMakeFiles/LoraTest.dir/D_/win/Pico/pico-sdk/src/rp2_common/pico_printf/printf.c.obj
 .text._ntoa_long
                0x100028a0       0xbc CMakeFiles/LoraTest.dir/D_/win/Pico/pico-sdk/src/rp2_common/pico_printf/printf.c.obj
 .text._ntoa_long_long
                0x1000295c       0xe2 CMakeFiles/LoraTest.dir/D_/win/Pico/pico-sdk/src/rp2_common/pico_printf/printf.c.obj
 *fill*         0x10002a3e        0x2 
 .text._etoa    0x10002a40      0x414 CMakeFiles/LoraTest.dir/D_/win/Pico/pico-sdk/src/rp2_common/pico_printf/printf.c.obj
 .text._ftoa    0x10002e54      0x354 CMakeFiles/LoraTest.dir/D_/win/Pico/pico-sdk/src/rp2_common/pico_printf/printf.c.obj
 .text._vsnprintf
                0x100031a8      0x624 CMakeFiles/LoraTest.dir/D_/win/Pico/pico-sdk/src/rp2_common/pico_printf/printf.c.obj
 .text.vfctprintf
                0x100037cc       0x20 CMakeFiles/LoraTest.dir/D_/win/Pico/pico-sdk/src/rp2_common/pico_printf/printf.c.obj
                0x100037cc                vfctprintf
 .text          0x100037ec       0x10 CMakeFiles/LoraTest.dir/D_/win/Pico/pico-sdk/src/rp2_common/pico_bit_ops/bit_ops_aeabi.S.obj
 .text.rom_func_lookup
                0x100037fc       0x10 CMakeFiles/LoraTest.dir/D_/win/Pico/pico-sdk/src/rp2_common/pico_bootrom/bootrom.c.obj
                0x100037fc                rom_func_lookup
 .text.rom_data_lookup
                0x1000380c       0x10 CMakeFiles/LoraTest.dir/D_/win/Pico/pico-sdk/src/rp2_common/pico_bootrom/bootrom.c.obj
                0x1000380c                rom_data_lookup
 .text.rom_funcs_lookup
                0x1000381c       0x36 CMakeFiles/LoraTest.dir/D_/win/Pico/pico-sdk/src/rp2_common/pico_bootrom/bootrom.c.obj
                0x1000381c                rom_funcs_lookup
 *fill*         0x10003852        0x2 
 .text.__wrap___aeabi_idiv
                0x10003854       0x50 CMakeFiles/LoraTest.dir/D_/win/Pico/pico-sdk/src/rp2_common/pico_divider/divider.S.obj
                0x10003854                __wrap___aeabi_idivmod
                0x10003854                divmod_s32s32
                0x10003854                div_s32s32
                0x10003854                __wrap___aeabi_idiv
                0x1000385c                divmod_s32s32_unsafe
                0x10003888                divmod_s32s32_savestate
 .text.__wrap___aeabi_uidiv
                0x100038a4       0x4c CMakeFiles/LoraTest.dir/D_/win/Pico/pico-sdk/src/rp2_common/pico_divider/divider.S.obj
                0x100038a4                __wrap___aeabi_uidiv
                0x100038a4                __wrap___aeabi_uidivmod
                0x100038a4                div_u32u32
                0x100038a4                divmod_u32u32
                0x100038ac                divmod_u32u32_unsafe
                0x100038d4                divmod_u32u32_savestate
 .text.__wrap___aeabi_ldiv
                0x100038f0      0x424 CMakeFiles/LoraTest.dir/D_/win/Pico/pico-sdk/src/rp2_common/pico_divider/divider.S.obj
                0x100038f0                div_s64s64
                0x100038f0                divmod_s64s64
                0x100038f0                __wrap___aeabi_ldivmod
                0x10003920                divmod_u64u64
                0x10003920                div_u64u64
                0x10003920                __wrap___aeabi_uldivmod
                0x10003930                divmod_u64u64_savestate
                0x10003950                divmod_s64s64_unsafe
                0x100039d8                divmod_u64u64_unsafe
 .text.__wrap___aeabi_darithmetic
                0x10003d14       0x60 CMakeFiles/LoraTest.dir/D_/win/Pico/pico-sdk/src/rp2_common/pico_double/double_aeabi.S.obj
                0x10003d14                __wrap___aeabi_drsub
                0x10003d1a                __wrap___aeabi_dsub
                0x10003d24                __wrap___aeabi_dadd
                0x10003d2e                __wrap___aeabi_ddiv
                0x10003d62                __wrap___aeabi_dmul
 .text.__wrap___aeabi_cdcmple
                0x10003d74       0x6c CMakeFiles/LoraTest.dir/D_/win/Pico/pico-sdk/src/rp2_common/pico_double/double_aeabi.S.obj
                0x10003d74                __wrap___aeabi_cdrcmple
                0x10003d84                __wrap___aeabi_cdcmpeq
                0x10003d84                __wrap___aeabi_cdcmple
 .text.__wrap___aeabi_dcmplt
                0x10003de0        0xc CMakeFiles/LoraTest.dir/D_/win/Pico/pico-sdk/src/rp2_common/pico_double/double_aeabi.S.obj
                0x10003de0                __wrap___aeabi_dcmplt
 .text.__wrap___aeabi_dcmple
                0x10003dec       0x10 CMakeFiles/LoraTest.dir/D_/win/Pico/pico-sdk/src/rp2_common/pico_double/double_aeabi.S.obj
                0x10003dec                __wrap___aeabi_dcmple
 .text.__wrap___aeabi_dcmpge
                0x10003dfc       0x10 CMakeFiles/LoraTest.dir/D_/win/Pico/pico-sdk/src/rp2_common/pico_double/double_aeabi.S.obj
                0x10003dfc                __wrap___aeabi_dcmpge
 .text.__wrap___aeabi_dcmpgt
                0x10003e0c        0xa CMakeFiles/LoraTest.dir/D_/win/Pico/pico-sdk/src/rp2_common/pico_double/double_aeabi.S.obj
                0x10003e0c                __wrap___aeabi_dcmpgt
 .text.__wrap___aeabi_dcmpun
                0x10003e16       0x1c CMakeFiles/LoraTest.dir/D_/win/Pico/pico-sdk/src/rp2_common/pico_double/double_aeabi.S.obj
                0x10003e16                __wrap___aeabi_dcmpun
 *fill*         0x10003e32        0x2 
 .text.__wrap___aeabi_i2d
                0x10003e34       0x38 CMakeFiles/LoraTest.dir/D_/win/Pico/pico-sdk/src/rp2_common/pico_double/double_aeabi.S.obj
                0x10003e34                __wrap___aeabi_ui2d
                0x10003e3c                __wrap___aeabi_i2d
 .text.__wrap___aeabi_d2iz
                0x10003e6c       0x48 CMakeFiles/LoraTest.dir/D_/win/Pico/pico-sdk/src/rp2_common/pico_double/double_aeabi.S.obj
                0x10003e6c                double2int_z
                0x10003e6c                __wrap___aeabi_d2iz
 .text.__wrap___aeabi_d2uiz
                0x10003eb4       0x10 CMakeFiles/LoraTest.dir/D_/win/Pico/pico-sdk/src/rp2_common/pico_double/double_aeabi.S.obj
                0x10003eb4                __wrap___aeabi_d2uiz
                0x10003eb4                double2uint
 .text.missing_double_func_shim
                0x10003ec4        0xc CMakeFiles/LoraTest.dir/D_/win/Pico/pico-sdk/src/rp2_common/pico_double/double_init_rom.c.obj
 .text.__aeabi_double_init
                0x10003ed0       0xcc CMakeFiles/LoraTest.dir/D_/win/Pico/pico-sdk/src/rp2_common/pico_double/double_init_rom.c.obj
                0x10003ed0                __aeabi_double_init
 .text.double_table_shim_on_use_helper
                0x10003f9c       0x34 CMakeFiles/LoraTest.dir/D_/win/Pico/pico-sdk/src/rp2_common/pico_double/double_v1_rom_shim.S.obj
                0x10003f9c                double_table_shim_on_use_helper
 .text.__aeabi_lmul
                0x10003fd0       0x32 CMakeFiles/LoraTest.dir/D_/win/Pico/pico-sdk/src/rp2_common/pico_int64_ops/pico_int64_ops_aeabi.S.obj
                0x10003fd0                __wrap___aeabi_lmul
 *fill*         0x10004002        0x2 
 .text.missing_float_func_shim
                0x10004004        0xc CMakeFiles/LoraTest.dir/D_/win/Pico/pico-sdk/src/rp2_common/pico_float/float_init_rom.c.obj
 .text.__aeabi_float_init
                0x10004010       0x88 CMakeFiles/LoraTest.dir/D_/win/Pico/pico-sdk/src/rp2_common/pico_float/float_init_rom.c.obj
                0x10004010                __aeabi_float_init
 .text.__wrap_calloc
                0x10004098       0x24 CMakeFiles/LoraTest.dir/D_/win/Pico/pico-sdk/src/rp2_common/pico_malloc/pico_malloc.c.obj
                0x10004098                __wrap_calloc
 .text          0x100040bc       0x10 CMakeFiles/LoraTest.dir/D_/win/Pico/pico-sdk/src/rp2_common/pico_mem_ops/mem_ops_aeabi.S.obj
                0x100040bc                __aeabi_mem_init
 .text.memset   0x100040cc        0xc CMakeFiles/LoraTest.dir/D_/win/Pico/pico-sdk/src/rp2_common/pico_mem_ops/mem_ops_aeabi.S.obj
                0x100040cc                __wrap_memset
 .text.memcpy   0x100040d8        0xc CMakeFiles/LoraTest.dir/D_/win/Pico/pico-sdk/src/rp2_common/pico_mem_ops/mem_ops_aeabi.S.obj
                0x100040d8                __wrap_memcpy
                0x100040d8                __wrap___aeabi_memcpy
 .text.stdio_out_chars_no_crlf
                0x100040e4        0xe CMakeFiles/LoraTest.dir/D_/win/Pico/pico-sdk/src/rp2_common/pico_stdio/stdio.c.obj
 *fill*         0x100040f2        0x2 
 .text.stdio_out_chars_crlf
                0x100040f4       0x80 CMakeFiles/LoraTest.dir/D_/win/Pico/pico-sdk/src/rp2_common/pico_stdio/stdio.c.obj
 .text.stdio_stack_buffer_flush
                0x10004174       0x44 CMakeFiles/LoraTest.dir/D_/win/Pico/pico-sdk/src/rp2_common/pico_stdio/stdio.c.obj
 .text.stdio_buffered_printer
                0x100041b8       0x20 CMakeFiles/LoraTest.dir/D_/win/Pico/pico-sdk/src/rp2_common/pico_stdio/stdio.c.obj
 .text.stdout_serialize_begin
                0x100041d8       0x5c CMakeFiles/LoraTest.dir/D_/win/Pico/pico-sdk/src/rp2_common/pico_stdio/stdio.c.obj
                0x100041d8                stdout_serialize_begin
 .text.stdout_serialize_end
                0x10004234       0x10 CMakeFiles/LoraTest.dir/D_/win/Pico/pico-sdk/src/rp2_common/pico_stdio/stdio.c.obj
                0x10004234                stdout_serialize_end
 .text.stdio_put_string
                0x10004244       0x98 CMakeFiles/LoraTest.dir/D_/win/Pico/pico-sdk/src/rp2_common/pico_stdio/stdio.c.obj
 .text.stdio_set_driver_enabled
                0x100042dc       0x2c CMakeFiles/LoraTest.dir/D_/win/Pico/pico-sdk/src/rp2_common/pico_stdio/stdio.c.obj
                0x100042dc                stdio_set_driver_enabled
 .text.stdio_flush
                0x10004308       0x20 CMakeFiles/LoraTest.dir/D_/win/Pico/pico-sdk/src/rp2_common/pico_stdio/stdio.c.obj
                0x10004308                stdio_flush
 .text.__wrap_puts
                0x10004328       0x1e CMakeFiles/LoraTest.dir/D_/win/Pico/pico-sdk/src/rp2_common/pico_stdio/stdio.c.obj
                0x10004328                __wrap_puts
 *fill*         0x10004346        0x2 
 .text.__wrap_vprintf
                0x10004348       0x40 CMakeFiles/LoraTest.dir/D_/win/Pico/pico-sdk/src/rp2_common/pico_stdio/stdio.c.obj
                0x10004348                __wrap_vprintf
 .text.__wrap_printf
                0x10004388       0x18 CMakeFiles/LoraTest.dir/D_/win/Pico/pico-sdk/src/rp2_common/pico_stdio/stdio.c.obj
                0x10004388                __wrap_printf
 .text.stdio_init_all
                0x100043a0        0xa CMakeFiles/LoraTest.dir/D_/win/Pico/pico-sdk/src/rp2_common/pico_stdio/stdio.c.obj
                0x100043a0                stdio_init_all
 *fill*         0x100043aa        0x2 
 .text.stdio_uart_out_chars
                0x100043ac       0x74 CMakeFiles/LoraTest.dir/D_/win/Pico/pico-sdk/src/rp2_common/pico_stdio_uart/stdio_uart.c.obj
 .text.stdio_uart_in_chars
                0x10004420       0x80 CMakeFiles/LoraTest.dir/D_/win/Pico/pico-sdk/src/rp2_common/pico_stdio_uart/stdio_uart.c.obj
                0x10004420                stdio_uart_in_chars
 .text.on_uart_rx
                0x100044a0       0x28 CMakeFiles/LoraTest.dir/D_/win/Pico/pico-sdk/src/rp2_common/pico_stdio_uart/stdio_uart.c.obj
 .text.stdio_uart_set_chars_available_callback
                0x100044c8       0x8c CMakeFiles/LoraTest.dir/D_/win/Pico/pico-sdk/src/rp2_common/pico_stdio_uart/stdio_uart.c.obj
 .text.stdio_uart_init_full
                0x10004554       0x44 CMakeFiles/LoraTest.dir/D_/win/Pico/pico-sdk/src/rp2_common/pico_stdio_uart/stdio_uart.c.obj
                0x10004554                stdio_uart_init_full
 .text.stdio_uart_init
                0x10004598       0x28 CMakeFiles/LoraTest.dir/D_/win/Pico/pico-sdk/src/rp2_common/pico_stdio_uart/stdio_uart.c.obj
                0x10004598                stdio_uart_init
 .text.calloc   0x100045c0       0x18 d:/win/pico/gcc-arm-none-eabi/bin/../lib/gcc/arm-none-eabi/10.3.1/../../../../arm-none-eabi/lib/thumb/v6-m/nofp\libg.a(lib_a-calloc.o)
                0x100045c0                calloc
 .text._calloc_r
                0x100045d8       0x9c d:/win/pico/gcc-arm-none-eabi/bin/../lib/gcc/arm-none-eabi/10.3.1/../../../../arm-none-eabi/lib/thumb/v6-m/nofp\libg.a(lib_a-callocr.o)
                0x100045d8                _calloc_r
 .text.__errno  0x10004674        0xc d:/win/pico/gcc-arm-none-eabi/bin/../lib/gcc/arm-none-eabi/10.3.1/../../../../arm-none-eabi/lib/thumb/v6-m/nofp\libg.a(lib_a-errno.o)
                0x10004674                __errno
 .text._malloc_r
                0x10004680      0x584 d:/win/pico/gcc-arm-none-eabi/bin/../lib/gcc/arm-none-eabi/10.3.1/../../../../arm-none-eabi/lib/thumb/v6-m/nofp\libg.a(lib_a-mallocr.o)
                0x10004680                _malloc_r
 .text.__malloc_lock
                0x10004c04       0x10 d:/win/pico/gcc-arm-none-eabi/bin/../lib/gcc/arm-none-eabi/10.3.1/../../../../arm-none-eabi/lib/thumb/v6-m/nofp\libg.a(lib_a-mlock.o)
                0x10004c04                __malloc_lock
 .text.__malloc_unlock
                0x10004c14       0x10 d:/win/pico/gcc-arm-none-eabi/bin/../lib/gcc/arm-none-eabi/10.3.1/../../../../arm-none-eabi/lib/thumb/v6-m/nofp\libg.a(lib_a-mlock.o)
                0x10004c14                __malloc_unlock
 .text._sbrk_r  0x10004c24       0x24 d:/win/pico/gcc-arm-none-eabi/bin/../lib/gcc/arm-none-eabi/10.3.1/../../../../arm-none-eabi/lib/thumb/v6-m/nofp\libg.a(lib_a-sbrkr.o)
                0x10004c24                _sbrk_r
 .text.strlen   0x10004c48       0x5c d:/win/pico/gcc-arm-none-eabi/bin/../lib/gcc/arm-none-eabi/10.3.1/../../../../arm-none-eabi/lib/thumb/v6-m/nofp\libg.a(lib_a-strlen-stub.o)
                0x10004c48                strlen
 .text._malloc_trim_r
                0x10004ca4       0x9c d:/win/pico/gcc-arm-none-eabi/bin/../lib/gcc/arm-none-eabi/10.3.1/../../../../arm-none-eabi/lib/thumb/v6-m/nofp\libg.a(lib_a-freer.o)
                0x10004ca4                _malloc_trim_r
 .text._free_r  0x10004d40      0x1c4 d:/win/pico/gcc-arm-none-eabi/bin/../lib/gcc/arm-none-eabi/10.3.1/../../../../arm-none-eabi/lib/thumb/v6-m/nofp\libg.a(lib_a-freer.o)
                0x10004d40                _free_r
 .text.__retarget_lock_acquire_recursive
                0x10004f04        0x4 d:/win/pico/gcc-arm-none-eabi/bin/../lib/gcc/arm-none-eabi/10.3.1/../../../../arm-none-eabi/lib/thumb/v6-m/nofp\libg.a(lib_a-lock.o)
                0x10004f04                __retarget_lock_acquire_recursive
 .text.__retarget_lock_release_recursive
                0x10004f08        0x4 d:/win/pico/gcc-arm-none-eabi/bin/../lib/gcc/arm-none-eabi/10.3.1/../../../../arm-none-eabi/lib/thumb/v6-m/nofp\libg.a(lib_a-lock.o)
                0x10004f08                __retarget_lock_release_recursive
 *(.fini)
 .fini          0x10004f0c        0x4 d:/win/pico/gcc-arm-none-eabi/bin/../lib/gcc/arm-none-eabi/10.3.1/thumb/v6-m/nofp/crti.o
                0x10004f0c                _fini
 .fini.__stub   0x10004f10       0x40 linker stubs
 *crtbegin.o(.ctors)
 *crtbegin?.o(.ctors)
 *(EXCLUDE_FILE(*crtend.o *crtend?.o) .ctors)
 *(SORT_BY_NAME(.ctors.*))
 *(.ctors)
 *crtbegin.o(.dtors)
 *crtbegin?.o(.dtors)
 *(EXCLUDE_FILE(*crtend.o *crtend?.o) .dtors)
 *(SORT_BY_NAME(.dtors.*))
 *(.dtors)
 *(.eh_frame*)
 .eh_frame      0x10004f50        0x0 d:/win/pico/gcc-arm-none-eabi/bin/../lib/gcc/arm-none-eabi/10.3.1/thumb/v6-m/nofp/crtbegin.o
                0x10004f50                . = ALIGN (0x4)

.glue_7         0x10004f50        0x0
 .glue_7        0x10004f50        0x0 linker stubs

.glue_7t        0x10004f50        0x0
 .glue_7t       0x10004f50        0x0 linker stubs

.vfp11_veneer   0x10004f50        0x0
 .vfp11_veneer  0x10004f50        0x0 linker stubs

.v4_bx          0x10004f50        0x0
 .v4_bx         0x10004f50        0x0 linker stubs

.iplt           0x10004f50        0x0
 .iplt          0x10004f50        0x0 d:/win/pico/gcc-arm-none-eabi/bin/../lib/gcc/arm-none-eabi/10.3.1/thumb/v6-m/nofp/crtbegin.o

.rodata         0x10004f50     0x1030
 *(EXCLUDE_FILE(*libm.a: *libc.a:*lib_a-mem*.o *libgcc.a:) .rodata*)
 .rodata.main.str1.4
                0x10004f50      0x11f CMakeFiles/LoraTest.dir/main.c.obj
 *fill*         0x1000506f        0x1 
 .rodata.make_branch.str1.4
                0x10005070       0x67 CMakeFiles/LoraTest.dir/D_/win/Pico/pico-sdk/src/rp2_common/hardware_irq/irq.c.obj
 *fill*         0x100050d7        0x1 
 .rodata.insert_branch_and_link.str1.4
                0x100050d8       0x10 CMakeFiles/LoraTest.dir/D_/win/Pico/pico-sdk/src/rp2_common/hardware_irq/irq.c.obj
 .rodata.irq_set_exclusive_handler.str1.4
                0x100050e8       0x36 CMakeFiles/LoraTest.dir/D_/win/Pico/pico-sdk/src/rp2_common/hardware_irq/irq.c.obj
 *fill*         0x1000511e        0x2 
 .rodata.irq_add_shared_handler.str1.4
                0x10005120       0xd9 CMakeFiles/LoraTest.dir/D_/win/Pico/pico-sdk/src/rp2_common/hardware_irq/irq.c.obj
 *fill*         0x100051f9        0x3 
 .rodata.irq_remove_handler.str1.4
                0x100051fc       0x3a CMakeFiles/LoraTest.dir/D_/win/Pico/pico-sdk/src/rp2_common/hardware_irq/irq.c.obj
 *fill*         0x10005236        0x2 
 .rodata.irq_add_tail_to_free_list.str1.4
                0x10005238       0x3a CMakeFiles/LoraTest.dir/D_/win/Pico/pico-sdk/src/rp2_common/hardware_irq/irq.c.obj
 *fill*         0x10005272        0x2 
 .rodata.__func__.0
                0x10005274       0x1a CMakeFiles/LoraTest.dir/D_/win/Pico/pico-sdk/src/rp2_common/hardware_irq/irq.c.obj
 *fill*         0x1000528e        0x2 
 .rodata.__func__.1
                0x10005290       0x17 CMakeFiles/LoraTest.dir/D_/win/Pico/pico-sdk/src/rp2_common/hardware_irq/irq.c.obj
 *fill*         0x100052a7        0x1 
 .rodata.__func__.2
                0x100052a8       0x13 CMakeFiles/LoraTest.dir/D_/win/Pico/pico-sdk/src/rp2_common/hardware_irq/irq.c.obj
 *fill*         0x100052bb        0x1 
 .rodata.__func__.3
                0x100052bc        0xc CMakeFiles/LoraTest.dir/D_/win/Pico/pico-sdk/src/rp2_common/hardware_irq/irq.c.obj
 .rodata.__func__.4
                0x100052c8        0xf CMakeFiles/LoraTest.dir/D_/win/Pico/pico-sdk/src/rp2_common/hardware_irq/irq.c.obj
 *fill*         0x100052d7        0x1 
 .rodata.__func__.6
                0x100052d8       0x1a CMakeFiles/LoraTest.dir/D_/win/Pico/pico-sdk/src/rp2_common/hardware_irq/irq.c.obj
 *fill*         0x100052f2        0x2 
 .rodata.str1.4
                0x100052f4       0xe1 CMakeFiles/LoraTest.dir/D_/win/Pico/pico-sdk/src/common/pico_sync/mutex.c.obj
 *fill*         0x100053d5        0x3 
 .rodata.__func__.1
                0x100053d8        0xb CMakeFiles/LoraTest.dir/D_/win/Pico/pico-sdk/src/common/pico_sync/mutex.c.obj
 *fill*         0x100053e3        0x1 
 .rodata.__func__.3
                0x100053e4       0x18 CMakeFiles/LoraTest.dir/D_/win/Pico/pico-sdk/src/common/pico_sync/mutex.c.obj
 .rodata.repeating_timer_callback.str1.4
                0x100053fc       0x45 CMakeFiles/LoraTest.dir/D_/win/Pico/pico-sdk/src/common/pico_time/time.c.obj
 *fill*         0x10005441        0x3 
 .rodata.timer_pool_entry_comparator.str1.4
                0x10005444       0x22 CMakeFiles/LoraTest.dir/D_/win/Pico/pico-sdk/src/common/pico_time/time.c.obj
 *fill*         0x10005466        0x2 
 .rodata.ph_add_child_node.str1.4
                0x10005468       0x8e CMakeFiles/LoraTest.dir/D_/win/Pico/pico-sdk/src/common/pico_time/time.c.obj
 *fill*         0x100054f6        0x2 
 .rodata.add_alarm_under_lock.str1.4
                0x100054f8       0x28 CMakeFiles/LoraTest.dir/D_/win/Pico/pico-sdk/src/common/pico_time/time.c.obj
                                 0x2b (size before relaxing)
 .rodata.alarm_pool_alarm_callback.str1.4
                0x10005520       0x98 CMakeFiles/LoraTest.dir/D_/win/Pico/pico-sdk/src/common/pico_time/time.c.obj
                                 0xf4 (size before relaxing)
 .rodata.alarm_pool_get_default.str1.4
                0x100055b8       0x21 CMakeFiles/LoraTest.dir/D_/win/Pico/pico-sdk/src/common/pico_time/time.c.obj
 *fill*         0x100055d9        0x3 
 .rodata.alarm_pool_cancel_alarm.str1.4
                0x100055dc       0x27 CMakeFiles/LoraTest.dir/D_/win/Pico/pico-sdk/src/common/pico_time/time.c.obj
 *fill*         0x10005603        0x1 
 .rodata.sleep_until.str1.4
                0x10005604       0x4d CMakeFiles/LoraTest.dir/D_/win/Pico/pico-sdk/src/common/pico_time/time.c.obj
 *fill*         0x10005651        0x3 
 .rodata.__func__.1
                0x10005654       0x18 CMakeFiles/LoraTest.dir/D_/win/Pico/pico-sdk/src/common/pico_time/time.c.obj
 .rodata.__func__.10
                0x1000566c       0x15 CMakeFiles/LoraTest.dir/D_/win/Pico/pico-sdk/src/common/pico_time/time.c.obj
 *fill*         0x10005681        0x3 
 .rodata.__func__.11
                0x10005684       0x1a CMakeFiles/LoraTest.dir/D_/win/Pico/pico-sdk/src/common/pico_time/time.c.obj
 *fill*         0x1000569e        0x2 
 .rodata.__func__.12
                0x100056a0        0xa CMakeFiles/LoraTest.dir/D_/win/Pico/pico-sdk/src/common/pico_time/time.c.obj
 *fill*         0x100056aa        0x2 
 .rodata.__func__.3
                0x100056ac       0x17 CMakeFiles/LoraTest.dir/D_/win/Pico/pico-sdk/src/common/pico_time/time.c.obj
 *fill*         0x100056c3        0x1 
 .rodata.__func__.4
                0x100056c4       0x12 CMakeFiles/LoraTest.dir/D_/win/Pico/pico-sdk/src/common/pico_time/time.c.obj
 *fill*         0x100056d6        0x2 
 .rodata.__func__.5
                0x100056d8        0xd CMakeFiles/LoraTest.dir/D_/win/Pico/pico-sdk/src/common/pico_time/time.c.obj
 *fill*         0x100056e5        0x3 
 .rodata.__func__.6
                0x100056e8       0x12 CMakeFiles/LoraTest.dir/D_/win/Pico/pico-sdk/src/common/pico_time/time.c.obj
 *fill*         0x100056fa        0x2 
 .rodata.__func__.7
                0x100056fc        0xf CMakeFiles/LoraTest.dir/D_/win/Pico/pico-sdk/src/common/pico_time/time.c.obj
 *fill*         0x1000570b        0x1 
 .rodata.__func__.8
                0x1000570c        0xc CMakeFiles/LoraTest.dir/D_/win/Pico/pico-sdk/src/common/pico_time/time.c.obj
 .rodata.__func__.9
                0x10005718       0x15 CMakeFiles/LoraTest.dir/D_/win/Pico/pico-sdk/src/common/pico_time/time.c.obj
 *fill*         0x1000572d        0x3 
 .rodata.hardware_alarm_claim.str1.4
                0x10005730       0x22 CMakeFiles/LoraTest.dir/D_/win/Pico/pico-sdk/src/rp2_common/hardware_timer/timer.c.obj
 *fill*         0x10005752        0x2 
 .rodata.hardware_alarm_set_target.str1.4
                0x10005754       0x5f CMakeFiles/LoraTest.dir/D_/win/Pico/pico-sdk/src/rp2_common/hardware_timer/timer.c.obj
 *fill*         0x100057b3        0x1 
 .rodata.__func__.0
                0x100057b4       0x1a CMakeFiles/LoraTest.dir/D_/win/Pico/pico-sdk/src/rp2_common/hardware_timer/timer.c.obj
 .rodata.ph_add_child_node.str1.4
                0x100057ce       0x8e CMakeFiles/LoraTest.dir/D_/win/Pico/pico-sdk/src/common/pico_util/pheap.c.obj
 *fill*         0x100057ce        0x2 
 .rodata.ph_remove_any_head.str1.4
                0x100057d0       0x88 CMakeFiles/LoraTest.dir/D_/win/Pico/pico-sdk/src/common/pico_util/pheap.c.obj
                                 0x9c (size before relaxing)
 .rodata.ph_remove_and_free_node.str1.4
                0x10005858       0x1e CMakeFiles/LoraTest.dir/D_/win/Pico/pico-sdk/src/common/pico_util/pheap.c.obj
                                 0x26 (size before relaxing)
 *fill*         0x10005876        0x2 
 .rodata.__func__.0
                0x10005878       0x18 CMakeFiles/LoraTest.dir/D_/win/Pico/pico-sdk/src/common/pico_util/pheap.c.obj
 .rodata.__func__.1
                0x10005890       0x13 CMakeFiles/LoraTest.dir/D_/win/Pico/pico-sdk/src/common/pico_util/pheap.c.obj
 *fill*         0x100058a3        0x1 
 .rodata.__func__.2
                0x100058a4       0x12 CMakeFiles/LoraTest.dir/D_/win/Pico/pico-sdk/src/common/pico_util/pheap.c.obj
 *fill*         0x100058b6        0x2 
 .rodata.__func__.3
                0x100058b8        0xc CMakeFiles/LoraTest.dir/D_/win/Pico/pico-sdk/src/common/pico_util/pheap.c.obj
 .rodata.clock_configure.str1.4
                0x100058c4       0x51 CMakeFiles/LoraTest.dir/D_/win/Pico/pico-sdk/src/rp2_common/hardware_clocks/clocks.c.obj
 *fill*         0x10005915        0x3 
 .rodata.__func__.1
                0x10005918       0x10 CMakeFiles/LoraTest.dir/D_/win/Pico/pico-sdk/src/rp2_common/hardware_clocks/clocks.c.obj
 .rodata.pll_init.str1.4
                0x10005928      0x11b CMakeFiles/LoraTest.dir/D_/win/Pico/pico-sdk/src/rp2_common/hardware_pll/pll.c.obj
 *fill*         0x10005a43        0x1 
 .rodata.__func__.0
                0x10005a44        0x9 CMakeFiles/LoraTest.dir/D_/win/Pico/pico-sdk/src/rp2_common/hardware_pll/pll.c.obj
 *fill*         0x10005a4d        0x3 
 .rodata.__assert_func.str1.4
                0x10005a50       0x3f CMakeFiles/LoraTest.dir/D_/win/Pico/pico-sdk/src/rp2_common/pico_runtime/runtime.c.obj
                                 0x43 (size before relaxing)
 *fill*         0x10005a8f        0x1 
 .rodata.runtime_init.str1.4
                0x10005a90       0x5b CMakeFiles/LoraTest.dir/D_/win/Pico/pico-sdk/src/rp2_common/pico_runtime/runtime.c.obj
 *fill*         0x10005aeb        0x1 
 .rodata.panic.str1.4
                0x10005aec       0x10 CMakeFiles/LoraTest.dir/D_/win/Pico/pico-sdk/src/rp2_common/pico_runtime/runtime.c.obj
                                 0x12 (size before relaxing)
 .rodata.__func__.2
                0x10005afc        0xd CMakeFiles/LoraTest.dir/D_/win/Pico/pico-sdk/src/rp2_common/pico_runtime/runtime.c.obj
 *fill*         0x10005b09        0x3 
 .rodata._ftoa.str1.4
                0x10005b0c       0x15 CMakeFiles/LoraTest.dir/D_/win/Pico/pico-sdk/src/rp2_common/pico_printf/printf.c.obj
 *fill*         0x10005b21        0x3 
 .rodata._vsnprintf
                0x10005b24      0x1e0 CMakeFiles/LoraTest.dir/D_/win/Pico/pico-sdk/src/rp2_common/pico_printf/printf.c.obj
 *fill*         0x10005d04        0x4 
 .rodata.pow10.0
                0x10005d08       0x50 CMakeFiles/LoraTest.dir/D_/win/Pico/pico-sdk/src/rp2_common/pico_printf/printf.c.obj
 .rodata.missing_double_func_shim.str1.4
                0x10005d58       0x18 CMakeFiles/LoraTest.dir/D_/win/Pico/pico-sdk/src/rp2_common/pico_double/double_init_rom.c.obj
 .rodata.__aeabi_double_init.str1.4
                0x10005d70       0xa2 CMakeFiles/LoraTest.dir/D_/win/Pico/pico-sdk/src/rp2_common/pico_double/double_init_rom.c.obj
 *fill*         0x10005e12        0x2 
 .rodata.__func__.0
                0x10005e14       0x14 CMakeFiles/LoraTest.dir/D_/win/Pico/pico-sdk/src/rp2_common/pico_double/double_init_rom.c.obj
 .rodata.missing_float_func_shim.str1.4
                0x10005e28        0x1 CMakeFiles/LoraTest.dir/D_/win/Pico/pico-sdk/src/rp2_common/pico_float/float_init_rom.c.obj
 .rodata.__aeabi_float_init.str1.4
                0x10005e28       0x74 CMakeFiles/LoraTest.dir/D_/win/Pico/pico-sdk/src/rp2_common/pico_float/float_init_rom.c.obj
 .rodata.__func__.0
                0x10005e9c       0x13 CMakeFiles/LoraTest.dir/D_/win/Pico/pico-sdk/src/rp2_common/pico_float/float_init_rom.c.obj
 *fill*         0x10005eaf        0x1 
 .rodata.__wrap_malloc.str1.4
                0x10005eb0        0xe CMakeFiles/LoraTest.dir/D_/win/Pico/pico-sdk/src/rp2_common/pico_malloc/pico_malloc.c.obj
 *fill*         0x10005ebe        0x2 
 .rodata.str1.4
                0x10005ec0       0x40 CMakeFiles/LoraTest.dir/D_/win/Pico/pico-sdk/src/rp2_common/pico_standard_link/binary_info.c.obj
 .rodata.__bi_44
                0x10005f00        0xc CMakeFiles/LoraTest.dir/D_/win/Pico/pico-sdk/src/rp2_common/pico_standard_link/binary_info.c.obj
 .rodata.__bi_75
                0x10005f0c        0xc CMakeFiles/LoraTest.dir/D_/win/Pico/pico-sdk/src/rp2_common/pico_standard_link/binary_info.c.obj
 .rodata.__bi_81
                0x10005f18        0xc CMakeFiles/LoraTest.dir/D_/win/Pico/pico-sdk/src/rp2_common/pico_standard_link/binary_info.c.obj
 .rodata.stdout_serialize_begin.str1.4
                0x10005f24       0x5b CMakeFiles/LoraTest.dir/D_/win/Pico/pico-sdk/src/rp2_common/pico_stdio/stdio.c.obj
 .rodata.__func__.3
                0x10005f24       0x15 CMakeFiles/LoraTest.dir/D_/win/Pico/pico-sdk/src/rp2_common/pico_stdio/stdio.c.obj
 *fill*         0x10005f39        0x3 
 .rodata.crlf_str.2
                0x10005f3c        0x2 CMakeFiles/LoraTest.dir/D_/win/Pico/pico-sdk/src/rp2_common/pico_stdio/stdio.c.obj
 *fill*         0x10005f3e        0x2 
 .rodata.str1.4
                0x10005f40       0x2c CMakeFiles/LoraTest.dir/D_/win/Pico/pico-sdk/src/rp2_common/pico_stdio_uart/stdio_uart.c.obj
 .rodata.__bi_33.4
                0x10005f6c        0xc CMakeFiles/LoraTest.dir/D_/win/Pico/pico-sdk/src/rp2_common/pico_stdio_uart/stdio_uart.c.obj
 .rodata.__bi_34.5
                0x10005f78        0x8 CMakeFiles/LoraTest.dir/D_/win/Pico/pico-sdk/src/rp2_common/pico_stdio_uart/stdio_uart.c.obj
                0x10005f80                . = ALIGN (0x4)
 *(SORT_BY_ALIGNMENT(SORT_BY_NAME(.flashdata*)))
                0x10005f80                . = ALIGN (0x4)

.rel.dyn        0x10005f80        0x0
 .rel.iplt      0x10005f80        0x0 d:/win/pico/gcc-arm-none-eabi/bin/../lib/gcc/arm-none-eabi/10.3.1/thumb/v6-m/nofp/crtbegin.o

.ARM.extab
 *(.ARM.extab* .gnu.linkonce.armextab.*)
                0x10005f80                __exidx_start = .

.ARM.exidx
 *(.ARM.exidx* .gnu.linkonce.armexidx.*)
                0x10005f80                __exidx_end = .
                0x10005f80                . = ALIGN (0x4)
                0x10005f80                __binary_info_start = .

.binary_info    0x10005f80       0x24
 *(.binary_info.keep.*)
 .binary_info.keep.__bi_ptr22
                0x10005f80        0x4 CMakeFiles/LoraTest.dir/D_/win/Pico/pico-sdk/src/rp2_common/pico_standard_link/binary_info.c.obj
 .binary_info.keep.__bi_ptr30
                0x10005f84        0x4 CMakeFiles/LoraTest.dir/D_/win/Pico/pico-sdk/src/rp2_common/pico_standard_link/binary_info.c.obj
 .binary_info.keep.__bi_ptr38
                0x10005f88        0x4 CMakeFiles/LoraTest.dir/D_/win/Pico/pico-sdk/src/rp2_common/pico_standard_link/binary_info.c.obj
 .binary_info.keep.__bi_ptr44
                0x10005f8c        0x4 CMakeFiles/LoraTest.dir/D_/win/Pico/pico-sdk/src/rp2_common/pico_standard_link/binary_info.c.obj
 .binary_info.keep.__bi_ptr50
                0x10005f90        0x4 CMakeFiles/LoraTest.dir/D_/win/Pico/pico-sdk/src/rp2_common/pico_standard_link/binary_info.c.obj
 .binary_info.keep.__bi_ptr75
                0x10005f94        0x4 CMakeFiles/LoraTest.dir/D_/win/Pico/pico-sdk/src/rp2_common/pico_standard_link/binary_info.c.obj
 .binary_info.keep.__bi_ptr81
                0x10005f98        0x4 CMakeFiles/LoraTest.dir/D_/win/Pico/pico-sdk/src/rp2_common/pico_standard_link/binary_info.c.obj
 *(.binary_info.*)
 .binary_info.__bi_ptr33
                0x10005f9c        0x4 CMakeFiles/LoraTest.dir/D_/win/Pico/pico-sdk/src/rp2_common/pico_stdio_uart/stdio_uart.c.obj
 .binary_info.__bi_ptr34
                0x10005fa0        0x4 CMakeFiles/LoraTest.dir/D_/win/Pico/pico-sdk/src/rp2_common/pico_stdio_uart/stdio_uart.c.obj
                0x10005fa4                __binary_info_end = .
                0x10005fa4                . = ALIGN (0x4)
                0x10005fa4                __etext = .

.ram_vector_table
                0x20000000       0xc0
 *(.ram_vector_table)
 .ram_vector_table
                0x20000000       0xc0 CMakeFiles/LoraTest.dir/D_/win/Pico/pico-sdk/src/rp2_common/pico_runtime/runtime.c.obj
                0x20000000                ram_vector_table

.data           0x200000c0      0xae4 load address 0x10005fa4
                0x200000c0                __data_start__ = .
 *(vtable)
 *(.time_critical*)
 .time_critical.mutex_try_enter
                0x200000c0       0x46 CMakeFiles/LoraTest.dir/D_/win/Pico/pico-sdk/src/common/pico_sync/mutex.c.obj
                0x200000c0                mutex_try_enter
 *fill*         0x20000106        0x2 
 .time_critical.mutex_enter_block_until
                0x20000108       0x8c CMakeFiles/LoraTest.dir/D_/win/Pico/pico-sdk/src/common/pico_sync/mutex.c.obj
                0x20000108                mutex_enter_block_until
 .time_critical.mutex_try_enter_block_until
                0x20000194       0x34 CMakeFiles/LoraTest.dir/D_/win/Pico/pico-sdk/src/common/pico_sync/mutex.c.obj
                0x20000194                mutex_try_enter_block_until
 .time_critical.mutex_exit
                0x200001c8       0x4c CMakeFiles/LoraTest.dir/D_/win/Pico/pico-sdk/src/common/pico_sync/mutex.c.obj
                0x200001c8                mutex_exit
 *(.text*)
 .text          0x20000214        0x4 d:/win/pico/gcc-arm-none-eabi/bin/../lib/gcc/arm-none-eabi/10.3.1/thumb/v6-m/nofp\libgcc.a(_dvmd_tls.o)
                0x20000214                __aeabi_idiv0
                0x20000214                __aeabi_ldiv0
 .text.__stub   0x20000218       0x20 linker stubs
                0x20000238                . = ALIGN (0x4)
 *(.rodata*)
                0x20000238                . = ALIGN (0x4)
 *(.data*)
 .data.u0       0x20000238       0x2c CMakeFiles/LoraTest.dir/uart.c.obj
 .data.u1       0x20000264       0x2c CMakeFiles/LoraTest.dir/uart.c.obj
 .data.striped_spin_lock_num
                0x20000290        0x1 CMakeFiles/LoraTest.dir/D_/win/Pico/pico-sdk/src/rp2_common/hardware_sync/sync.c.obj
 *fill*         0x20000291        0x3 
 .data          0x20000294       0x48 CMakeFiles/LoraTest.dir/D_/win/Pico/pico-sdk/src/rp2_common/hardware_irq/irq_handler_chain.S.obj
                0x20000294                irq_handler_chain_slots
                0x200002c4                irq_handler_chain_first_slot
                0x200002ce                irq_handler_chain_remove_tail
 .data.default_alarm_pool
                0x200002dc       0x18 CMakeFiles/LoraTest.dir/D_/win/Pico/pico-sdk/src/common/pico_time/time.c.obj
 .data.default_alarm_pool_heap
                0x200002f4       0x10 CMakeFiles/LoraTest.dir/D_/win/Pico/pico-sdk/src/common/pico_time/time.c.obj
 *fill*         0x20000304        0xc 
 .data.aeabi_bits_funcs
                0x20000310       0x10 CMakeFiles/LoraTest.dir/D_/win/Pico/pico-sdk/src/rp2_common/pico_bit_ops/bit_ops_aeabi.S.obj
                0x20000310                aeabi_bits_funcs
                0x20000320                aeabi_bits_funcs_end
 .data.aeabi_mem_funcs
                0x20000320       0x10 CMakeFiles/LoraTest.dir/D_/win/Pico/pico-sdk/src/rp2_common/pico_mem_ops/mem_ops_aeabi.S.obj
                0x20000320                aeabi_mem_funcs
                0x20000330                aeabi_mem_funcs_end
 .data.stdio_uart
                0x20000330       0x18 CMakeFiles/LoraTest.dir/D_/win/Pico/pico-sdk/src/rp2_common/pico_stdio_uart/stdio_uart.c.obj
                0x20000330                stdio_uart
 .data._impure_ptr
                0x20000348        0x4 d:/win/pico/gcc-arm-none-eabi/bin/../lib/gcc/arm-none-eabi/10.3.1/../../../../arm-none-eabi/lib/thumb/v6-m/nofp\libg.a(lib_a-impure.o)
                0x20000348                _impure_ptr
 *fill*         0x2000034c        0x4 
 .data.impure_data
                0x20000350      0x428 d:/win/pico/gcc-arm-none-eabi/bin/../lib/gcc/arm-none-eabi/10.3.1/../../../../arm-none-eabi/lib/thumb/v6-m/nofp\libg.a(lib_a-impure.o)
 .data.__malloc_av_
                0x20000778      0x408 d:/win/pico/gcc-arm-none-eabi/bin/../lib/gcc/arm-none-eabi/10.3.1/../../../../arm-none-eabi/lib/thumb/v6-m/nofp\libg.a(lib_a-mallocr.o)
                0x20000778                __malloc_av_
 .data.__malloc_sbrk_base
                0x20000b80        0x4 d:/win/pico/gcc-arm-none-eabi/bin/../lib/gcc/arm-none-eabi/10.3.1/../../../../arm-none-eabi/lib/thumb/v6-m/nofp\libg.a(lib_a-mallocr.o)
                0x20000b80                __malloc_sbrk_base
 .data.__malloc_trim_threshold
                0x20000b84        0x4 d:/win/pico/gcc-arm-none-eabi/bin/../lib/gcc/arm-none-eabi/10.3.1/../../../../arm-none-eabi/lib/thumb/v6-m/nofp\libg.a(lib_a-mallocr.o)
                0x20000b84                __malloc_trim_threshold
                0x20000b88                . = ALIGN (0x4)
 *(.after_data.*)
                0x20000b88                . = ALIGN (0x4)
                0x20000b88                PROVIDE (__mutex_array_start = .)
 *(SORT_BY_NAME(.mutex_array.*))
 *(.mutex_array)
 .mutex_array   0x20000b88        0x8 CMakeFiles/LoraTest.dir/D_/win/Pico/pico-sdk/src/rp2_common/pico_stdio/stdio.c.obj
                0x20000b90                PROVIDE (__mutex_array_end = .)
                0x20000b90                . = ALIGN (0x4)
                0x20000b90                PROVIDE (__preinit_array_start = .)
 *(SORT_BY_NAME(.preinit_array.*))
 .preinit_array.00001
                0x20000b90        0x4 CMakeFiles/LoraTest.dir/D_/win/Pico/pico-sdk/src/rp2_common/pico_mem_ops/mem_ops_aeabi.S.obj
 .preinit_array.00010
                0x20000b94        0x4 CMakeFiles/LoraTest.dir/D_/win/Pico/pico-sdk/src/rp2_common/pico_bit_ops/bit_ops_aeabi.S.obj
 .preinit_array.00020
                0x20000b98        0x4 CMakeFiles/LoraTest.dir/D_/win/Pico/pico-sdk/src/rp2_common/pico_double/double_aeabi.S.obj
 .preinit_array.00020
                0x20000b9c        0x4 CMakeFiles/LoraTest.dir/D_/win/Pico/pico-sdk/src/rp2_common/pico_float/float_aeabi.S.obj
 *(.preinit_array)
                0x20000ba0                PROVIDE (__preinit_array_end = .)
                0x20000ba0                . = ALIGN (0x4)
                0x20000ba0                PROVIDE (__init_array_start = .)
 *(SORT_BY_NAME(.init_array.*))
 *(.init_array)
 .init_array    0x20000ba0        0x4 d:/win/pico/gcc-arm-none-eabi/bin/../lib/gcc/arm-none-eabi/10.3.1/thumb/v6-m/nofp/crtbegin.o
                0x20000ba4                PROVIDE (__init_array_end = .)
                0x20000ba4                . = ALIGN (0x4)
                [!provide]                PROVIDE (__fini_array_start = .)
 *(SORT_BY_NAME(.fini_array.*))
 *(.fini_array)
                [!provide]                PROVIDE (__fini_array_end = .)
 *(.jcr)
                0x20000ba4                . = ALIGN (0x4)
                0x20000ba4                __data_end__ = .

.igot.plt       0x20000ba4        0x0 load address 0x10006a88
 .igot.plt      0x20000ba4        0x0 d:/win/pico/gcc-arm-none-eabi/bin/../lib/gcc/arm-none-eabi/10.3.1/thumb/v6-m/nofp/crtbegin.o

.uninitialized_data
                0x20000ba4        0x0 load address 0x10006a88
                0x20000ba4                . = ALIGN (0x4)
 *(.uninitialized_data*)

.scratch_x      0x20040000        0x0 load address 0x10006a88
                0x20040000                __scratch_x_start__ = .
 *(.scratch_x.*)
                0x20040000                . = ALIGN (0x4)
                0x20040000                __scratch_x_end__ = .
                0x10006a88                __scratch_x_source__ = LOADADDR (.scratch_x)

.scratch_y      0x20041000        0x0 load address 0x10006a88
                0x20041000                __scratch_y_start__ = .
 *(.scratch_y.*)
                0x20041000                . = ALIGN (0x4)
                0x20041000                __scratch_y_end__ = .
                0x10006a88                __scratch_y_source__ = LOADADDR (.scratch_y)

.bss            0x20000ba8      0x418
                0x20000ba8                . = ALIGN (0x4)
                0x20000ba8                __bss_start__ = .
 *(SORT_BY_ALIGNMENT(SORT_BY_NAME(.bss*)))
 .bss.default_alarm_pool_entries
                0x20000ba8      0x100 CMakeFiles/LoraTest.dir/D_/win/Pico/pico-sdk/src/common/pico_time/time.c.obj
 .bss           0x20000ca8       0x1c d:/win/pico/gcc-arm-none-eabi/bin/../lib/gcc/arm-none-eabi/10.3.1/thumb/v6-m/nofp/crtbegin.o
 .bss.__lock___malloc_recursive_mutex
                0x20000cc4        0x1 d:/win/pico/gcc-arm-none-eabi/bin/../lib/gcc/arm-none-eabi/10.3.1/../../../../arm-none-eabi/lib/thumb/v6-m/nofp\libg.a(lib_a-lock.o)
                0x20000cc4                __lock___malloc_recursive_mutex
 *fill*         0x20000cc5        0x3 
 .bss.__malloc_current_mallinfo
                0x20000cc8       0x28 d:/win/pico/gcc-arm-none-eabi/bin/../lib/gcc/arm-none-eabi/10.3.1/../../../../arm-none-eabi/lib/thumb/v6-m/nofp\libg.a(lib_a-mallocr.o)
                0x20000cc8                __malloc_current_mallinfo
 .bss.__malloc_max_sbrked_mem
                0x20000cf0        0x4 d:/win/pico/gcc-arm-none-eabi/bin/../lib/gcc/arm-none-eabi/10.3.1/../../../../arm-none-eabi/lib/thumb/v6-m/nofp\libg.a(lib_a-mallocr.o)
                0x20000cf0                __malloc_max_sbrked_mem
 .bss.__malloc_max_total_mem
                0x20000cf4        0x4 d:/win/pico/gcc-arm-none-eabi/bin/../lib/gcc/arm-none-eabi/10.3.1/../../../../arm-none-eabi/lib/thumb/v6-m/nofp\libg.a(lib_a-mallocr.o)
                0x20000cf4                __malloc_max_total_mem
 .bss.__malloc_top_pad
                0x20000cf8        0x4 d:/win/pico/gcc-arm-none-eabi/bin/../lib/gcc/arm-none-eabi/10.3.1/../../../../arm-none-eabi/lib/thumb/v6-m/nofp\libg.a(lib_a-mallocr.o)
                0x20000cf8                __malloc_top_pad
 .bss.alarm_callbacks
                0x20000cfc       0x10 CMakeFiles/LoraTest.dir/D_/win/Pico/pico-sdk/src/rp2_common/hardware_timer/timer.c.obj
 .bss.chars_available_callback
                0x20000d0c        0x4 CMakeFiles/LoraTest.dir/D_/win/Pico/pico-sdk/src/rp2_common/pico_stdio_uart/stdio_uart.c.obj
 .bss.chars_available_param
                0x20000d10        0x4 CMakeFiles/LoraTest.dir/D_/win/Pico/pico-sdk/src/rp2_common/pico_stdio_uart/stdio_uart.c.obj
 .bss.configured_freq
                0x20000d14       0x28 CMakeFiles/LoraTest.dir/D_/win/Pico/pico-sdk/src/rp2_common/hardware_clocks/clocks.c.obj
 .bss.default_alarm_pool_entry_ids_high
                0x20000d3c       0x10 CMakeFiles/LoraTest.dir/D_/win/Pico/pico-sdk/src/common/pico_time/time.c.obj
 .bss.default_alarm_pool_heap_nodes
                0x20000d4c       0x30 CMakeFiles/LoraTest.dir/D_/win/Pico/pico-sdk/src/common/pico_time/time.c.obj
 .bss.drivers   0x20000d7c        0x4 CMakeFiles/LoraTest.dir/D_/win/Pico/pico-sdk/src/rp2_common/pico_stdio/stdio.c.obj
 .bss.errno     0x20000d80        0x4 d:/win/pico/gcc-arm-none-eabi/bin/../lib/gcc/arm-none-eabi/10.3.1/../../../../arm-none-eabi/lib/thumb/v6-m/nofp\libg.a(lib_a-reent.o)
                0x20000d80                errno
 .bss.filter    0x20000d84        0x4 CMakeFiles/LoraTest.dir/D_/win/Pico/pico-sdk/src/rp2_common/pico_stdio/stdio.c.obj
 .bss.heap_end.1
                0x20000d88        0x4 CMakeFiles/LoraTest.dir/D_/win/Pico/pico-sdk/src/rp2_common/pico_runtime/runtime.c.obj
 .bss.pools     0x20000d8c       0x10 CMakeFiles/LoraTest.dir/D_/win/Pico/pico-sdk/src/common/pico_time/time.c.obj
 .bss.sd_table  0x20000d9c      0x100 CMakeFiles/LoraTest.dir/D_/win/Pico/pico-sdk/src/rp2_common/pico_double/double_init_rom.c.obj
                0x20000d9c                sd_table
 .bss.sf_clz_func
                0x20000e9c        0x4 CMakeFiles/LoraTest.dir/D_/win/Pico/pico-sdk/src/rp2_common/pico_double/double_init_rom.c.obj
                0x20000e9c                sf_clz_func
 .bss.sf_table  0x20000ea0      0x100 CMakeFiles/LoraTest.dir/D_/win/Pico/pico-sdk/src/rp2_common/pico_float/float_init_rom.c.obj
                0x20000ea0                sf_table
 .bss.sleep_notifier
                0x20000fa0        0x4 CMakeFiles/LoraTest.dir/D_/win/Pico/pico-sdk/src/common/pico_time/time.c.obj
 .bss.target_hi
                0x20000fa4       0x10 CMakeFiles/LoraTest.dir/D_/win/Pico/pico-sdk/src/rp2_common/hardware_timer/timer.c.obj
 .bss.uart_char_to_line_feed
                0x20000fb4        0x4 CMakeFiles/LoraTest.dir/D_/win/Pico/pico-sdk/src/rp2_common/hardware_uart/uart.c.obj
                0x20000fb4                uart_char_to_line_feed
 .bss.uart_instance
                0x20000fb8        0x4 CMakeFiles/LoraTest.dir/D_/win/Pico/pico-sdk/src/rp2_common/pico_stdio_uart/stdio_uart.c.obj
 .bss.claimed   0x20000fbc        0x1 CMakeFiles/LoraTest.dir/D_/win/Pico/pico-sdk/src/rp2_common/hardware_timer/timer.c.obj
 .bss.irq_hander_chain_free_slot_head
                0x20000fbd        0x1 CMakeFiles/LoraTest.dir/D_/win/Pico/pico-sdk/src/rp2_common/hardware_irq/irq.c.obj
 .bss.timer_callbacks_pending
                0x20000fbe        0x1 CMakeFiles/LoraTest.dir/D_/win/Pico/pico-sdk/src/rp2_common/hardware_timer/timer.c.obj
 *(COMMON)
                0x20000fc0                . = ALIGN (0x4)
 *fill*         0x20000fbf        0x1 
                0x20000fc0                __bss_end__ = .

.heap           0x20000fc0      0x800
                0x20000fc0                __end__ = .
                0x20000fc0                end = __end__
 *(.heap*)
 .heap          0x20000fc0      0x800 CMakeFiles/LoraTest.dir/D_/win/Pico/pico-sdk/src/rp2_common/pico_standard_link/crt0.S.obj
                0x200017c0                __HeapLimit = .

.stack1_dummy   0x20040000        0x0
 *(.stack1*)

.stack_dummy    0x20041000      0x800
 *(.stack*)
 .stack         0x20041000      0x800 CMakeFiles/LoraTest.dir/D_/win/Pico/pico-sdk/src/rp2_common/pico_standard_link/crt0.S.obj

.flash_end      0x10006a88        0x0
                0x10006a88                __flash_binary_end = .
                0x20040000                __StackLimit = (ORIGIN (RAM) + LENGTH (RAM))
                0x20041000                __StackOneTop = (ORIGIN (SCRATCH_X) + LENGTH (SCRATCH_X))
                0x20042000                __StackTop = (ORIGIN (SCRATCH_Y) + LENGTH (SCRATCH_Y))
                0x20041000                __StackOneBottom = (__StackOneTop - SIZEOF (.stack1_dummy))
                0x20041800                __StackBottom = (__StackTop - SIZEOF (.stack_dummy))
                0x20042000                PROVIDE (__stack = __StackTop)
                0x00000001                ASSERT ((__StackLimit >= __HeapLimit), region RAM overflowed)
                0x00000001                ASSERT (((__binary_info_header_end - __logical_binary_start) <= 0x100), Binary info must be in first 256 bytes of the binary)
LOAD CMakeFiles/LoraTest.dir/main.c.obj
LOAD CMakeFiles/LoraTest.dir/ring_buffer.c.obj
LOAD CMakeFiles/LoraTest.dir/uart.c.obj
LOAD CMakeFiles/LoraTest.dir/D_/win/Pico/pico-sdk/src/rp2_common/pico_stdlib/stdlib.c.obj
LOAD CMakeFiles/LoraTest.dir/D_/win/Pico/pico-sdk/src/rp2_common/hardware_gpio/gpio.c.obj
LOAD CMakeFiles/LoraTest.dir/D_/win/Pico/pico-sdk/src/rp2_common/pico_platform/platform.c.obj
LOAD CMakeFiles/LoraTest.dir/D_/win/Pico/pico-sdk/src/rp2_common/hardware_claim/claim.c.obj
LOAD CMakeFiles/LoraTest.dir/D_/win/Pico/pico-sdk/src/rp2_common/hardware_sync/sync.c.obj
LOAD CMakeFiles/LoraTest.dir/D_/win/Pico/pico-sdk/src/rp2_common/hardware_irq/irq.c.obj
LOAD CMakeFiles/LoraTest.dir/D_/win/Pico/pico-sdk/src/rp2_common/hardware_irq/irq_handler_chain.S.obj
LOAD CMakeFiles/LoraTest.dir/D_/win/Pico/pico-sdk/src/common/pico_sync/sem.c.obj
LOAD CMakeFiles/LoraTest.dir/D_/win/Pico/pico-sdk/src/common/pico_sync/lock_core.c.obj
LOAD CMakeFiles/LoraTest.dir/D_/win/Pico/pico-sdk/src/common/pico_sync/mutex.c.obj
LOAD CMakeFiles/LoraTest.dir/D_/win/Pico/pico-sdk/src/common/pico_sync/critical_section.c.obj
LOAD CMakeFiles/LoraTest.dir/D_/win/Pico/pico-sdk/src/common/pico_time/time.c.obj
LOAD CMakeFiles/LoraTest.dir/D_/win/Pico/pico-sdk/src/common/pico_time/timeout_helper.c.obj
LOAD CMakeFiles/LoraTest.dir/D_/win/Pico/pico-sdk/src/rp2_common/hardware_timer/timer.c.obj
LOAD CMakeFiles/LoraTest.dir/D_/win/Pico/pico-sdk/src/common/pico_util/datetime.c.obj
LOAD CMakeFiles/LoraTest.dir/D_/win/Pico/pico-sdk/src/common/pico_util/pheap.c.obj
LOAD CMakeFiles/LoraTest.dir/D_/win/Pico/pico-sdk/src/common/pico_util/queue.c.obj
LOAD CMakeFiles/LoraTest.dir/D_/win/Pico/pico-sdk/src/rp2_common/hardware_uart/uart.c.obj
LOAD CMakeFiles/LoraTest.dir/D_/win/Pico/pico-sdk/src/rp2_common/hardware_clocks/clocks.c.obj
LOAD CMakeFiles/LoraTest.dir/D_/win/Pico/pico-sdk/src/rp2_common/hardware_pll/pll.c.obj
LOAD CMakeFiles/LoraTest.dir/D_/win/Pico/pico-sdk/src/rp2_common/hardware_vreg/vreg.c.obj
LOAD CMakeFiles/LoraTest.dir/D_/win/Pico/pico-sdk/src/rp2_common/hardware_watchdog/watchdog.c.obj
LOAD CMakeFiles/LoraTest.dir/D_/win/Pico/pico-sdk/src/rp2_common/hardware_xosc/xosc.c.obj
LOAD CMakeFiles/LoraTest.dir/D_/win/Pico/pico-sdk/src/rp2_common/hardware_divider/divider.S.obj
LOAD CMakeFiles/LoraTest.dir/D_/win/Pico/pico-sdk/src/rp2_common/pico_runtime/runtime.c.obj
LOAD CMakeFiles/LoraTest.dir/D_/win/Pico/pico-sdk/src/rp2_common/pico_printf/printf.c.obj
LOAD CMakeFiles/LoraTest.dir/D_/win/Pico/pico-sdk/src/rp2_common/pico_bit_ops/bit_ops_aeabi.S.obj
LOAD CMakeFiles/LoraTest.dir/D_/win/Pico/pico-sdk/src/rp2_common/pico_bootrom/bootrom.c.obj
LOAD CMakeFiles/LoraTest.dir/D_/win/Pico/pico-sdk/src/rp2_common/pico_divider/divider.S.obj
LOAD CMakeFiles/LoraTest.dir/D_/win/Pico/pico-sdk/src/rp2_common/pico_double/double_aeabi.S.obj
LOAD CMakeFiles/LoraTest.dir/D_/win/Pico/pico-sdk/src/rp2_common/pico_double/double_init_rom.c.obj
LOAD CMakeFiles/LoraTest.dir/D_/win/Pico/pico-sdk/src/rp2_common/pico_double/double_math.c.obj
LOAD CMakeFiles/LoraTest.dir/D_/win/Pico/pico-sdk/src/rp2_common/pico_double/double_v1_rom_shim.S.obj
LOAD CMakeFiles/LoraTest.dir/D_/win/Pico/pico-sdk/src/rp2_common/pico_int64_ops/pico_int64_ops_aeabi.S.obj
LOAD CMakeFiles/LoraTest.dir/D_/win/Pico/pico-sdk/src/rp2_common/pico_float/float_aeabi.S.obj
LOAD CMakeFiles/LoraTest.dir/D_/win/Pico/pico-sdk/src/rp2_common/pico_float/float_init_rom.c.obj
LOAD CMakeFiles/LoraTest.dir/D_/win/Pico/pico-sdk/src/rp2_common/pico_float/float_math.c.obj
LOAD CMakeFiles/LoraTest.dir/D_/win/Pico/pico-sdk/src/rp2_common/pico_float/float_v1_rom_shim.S.obj
LOAD CMakeFiles/LoraTest.dir/D_/win/Pico/pico-sdk/src/rp2_common/pico_malloc/pico_malloc.c.obj
LOAD CMakeFiles/LoraTest.dir/D_/win/Pico/pico-sdk/src/rp2_common/pico_mem_ops/mem_ops_aeabi.S.obj
LOAD CMakeFiles/LoraTest.dir/D_/win/Pico/pico-sdk/src/rp2_common/pico_standard_link/crt0.S.obj
LOAD CMakeFiles/LoraTest.dir/D_/win/Pico/pico-sdk/src/rp2_common/pico_standard_link/new_delete.cpp.obj
LOAD CMakeFiles/LoraTest.dir/D_/win/Pico/pico-sdk/src/rp2_common/pico_standard_link/binary_info.c.obj
LOAD CMakeFiles/LoraTest.dir/D_/win/Pico/pico-sdk/src/rp2_common/pico_stdio/stdio.c.obj
LOAD CMakeFiles/LoraTest.dir/D_/win/Pico/pico-sdk/src/rp2_common/pico_stdio_uart/stdio_uart.c.obj
LOAD C:\Users\iamna\AppData\Local\Temp\ccMa3uK0.o
LOAD d:/win/pico/gcc-arm-none-eabi/bin/../lib/gcc/arm-none-eabi/10.3.1/../../../../arm-none-eabi/lib/thumb/v6-m/nofp\libstdc++.a
LOAD d:/win/pico/gcc-arm-none-eabi/bin/../lib/gcc/arm-none-eabi/10.3.1/../../../../arm-none-eabi/lib/thumb/v6-m/nofp\libm.a
START GROUP
LOAD d:/win/pico/gcc-arm-none-eabi/bin/../lib/gcc/arm-none-eabi/10.3.1/thumb/v6-m/nofp\libgcc.a
LOAD d:/win/pico/gcc-arm-none-eabi/bin/../lib/gcc/arm-none-eabi/10.3.1/../../../../arm-none-eabi/lib/thumb/v6-m/nofp\libg.a
LOAD d:/win/pico/gcc-arm-none-eabi/bin/../lib/gcc/arm-none-eabi/10.3.1/../../../../arm-none-eabi/lib/thumb/v6-m/nofp\libc.a
END GROUP
START GROUP
LOAD d:/win/pico/gcc-arm-none-eabi/bin/../lib/gcc/arm-none-eabi/10.3.1/thumb/v6-m/nofp\libgcc.a
LOAD d:/win/pico/gcc-arm-none-eabi/bin/../lib/gcc/arm-none-eabi/10.3.1/../../../../arm-none-eabi/lib/thumb/v6-m/nofp\libc.a
LOAD d:/win/pico/gcc-arm-none-eabi/bin/../lib/gcc/arm-none-eabi/10.3.1/../../../../arm-none-eabi/lib/thumb/v6-m/nofp\libnosys.a
END GROUP
LOAD d:/win/pico/gcc-arm-none-eabi/bin/../lib/gcc/arm-none-eabi/10.3.1/thumb/v6-m/nofp/crtend.o
LOAD d:/win/pico/gcc-arm-none-eabi/bin/../lib/gcc/arm-none-eabi/10.3.1/thumb/v6-m/nofp/crtn.o
OUTPUT(LoraTest.elf elf32-littlearm)
LOAD linker stubs

.ARM.attributes
                0x00000000       0x28
 .ARM.attributes
                0x00000000       0x1e d:/win/pico/gcc-arm-none-eabi/bin/../lib/gcc/arm-none-eabi/10.3.1/thumb/v6-m/nofp/crti.o
 .ARM.attributes
                0x0000001e       0x2c d:/win/pico/gcc-arm-none-eabi/bin/../lib/gcc/arm-none-eabi/10.3.1/thumb/v6-m/nofp/crtbegin.o
 .ARM.attributes
                0x0000004a       0x2c CMakeFiles/LoraTest.dir/main.c.obj
 .ARM.attributes
                0x00000076       0x2c CMakeFiles/LoraTest.dir/ring_buffer.c.obj
 .ARM.attributes
                0x000000a2       0x2c CMakeFiles/LoraTest.dir/uart.c.obj
 .ARM.attributes
                0x000000ce       0x2c CMakeFiles/LoraTest.dir/D_/win/Pico/pico-sdk/src/rp2_common/hardware_gpio/gpio.c.obj
 .ARM.attributes
                0x000000fa       0x2c CMakeFiles/LoraTest.dir/D_/win/Pico/pico-sdk/src/rp2_common/pico_platform/platform.c.obj
 .ARM.attributes
                0x00000126       0x2c CMakeFiles/LoraTest.dir/D_/win/Pico/pico-sdk/src/rp2_common/hardware_claim/claim.c.obj
 .ARM.attributes
                0x00000152       0x2c CMakeFiles/LoraTest.dir/D_/win/Pico/pico-sdk/src/rp2_common/hardware_sync/sync.c.obj
 .ARM.attributes
                0x0000017e       0x2c CMakeFiles/LoraTest.dir/D_/win/Pico/pico-sdk/src/rp2_common/hardware_irq/irq.c.obj
 .ARM.attributes
                0x000001aa       0x22 CMakeFiles/LoraTest.dir/D_/win/Pico/pico-sdk/src/rp2_common/hardware_irq/irq_handler_chain.S.obj
 .ARM.attributes
                0x000001cc       0x2c CMakeFiles/LoraTest.dir/D_/win/Pico/pico-sdk/src/common/pico_sync/lock_core.c.obj
 .ARM.attributes
                0x000001f8       0x2c CMakeFiles/LoraTest.dir/D_/win/Pico/pico-sdk/src/common/pico_sync/mutex.c.obj
 .ARM.attributes
                0x00000224       0x2c CMakeFiles/LoraTest.dir/D_/win/Pico/pico-sdk/src/common/pico_time/time.c.obj
 .ARM.attributes
                0x00000250       0x2c CMakeFiles/LoraTest.dir/D_/win/Pico/pico-sdk/src/rp2_common/hardware_timer/timer.c.obj
 .ARM.attributes
                0x0000027c       0x2c CMakeFiles/LoraTest.dir/D_/win/Pico/pico-sdk/src/common/pico_util/pheap.c.obj
 .ARM.attributes
                0x000002a8       0x2c CMakeFiles/LoraTest.dir/D_/win/Pico/pico-sdk/src/rp2_common/hardware_uart/uart.c.obj
 .ARM.attributes
                0x000002d4       0x2c CMakeFiles/LoraTest.dir/D_/win/Pico/pico-sdk/src/rp2_common/hardware_clocks/clocks.c.obj
 .ARM.attributes
                0x00000300       0x2c CMakeFiles/LoraTest.dir/D_/win/Pico/pico-sdk/src/rp2_common/hardware_pll/pll.c.obj
 .ARM.attributes
                0x0000032c       0x2c CMakeFiles/LoraTest.dir/D_/win/Pico/pico-sdk/src/rp2_common/hardware_watchdog/watchdog.c.obj
 .ARM.attributes
                0x00000358       0x2c CMakeFiles/LoraTest.dir/D_/win/Pico/pico-sdk/src/rp2_common/hardware_xosc/xosc.c.obj
 .ARM.attributes
                0x00000384       0x2c CMakeFiles/LoraTest.dir/D_/win/Pico/pico-sdk/src/rp2_common/pico_runtime/runtime.c.obj
 .ARM.attributes
                0x000003b0       0x2c CMakeFiles/LoraTest.dir/D_/win/Pico/pico-sdk/src/rp2_common/pico_printf/printf.c.obj
 .ARM.attributes
                0x000003dc       0x22 CMakeFiles/LoraTest.dir/D_/win/Pico/pico-sdk/src/rp2_common/pico_bit_ops/bit_ops_aeabi.S.obj
 .ARM.attributes
                0x000003fe       0x2c CMakeFiles/LoraTest.dir/D_/win/Pico/pico-sdk/src/rp2_common/pico_bootrom/bootrom.c.obj
 .ARM.attributes
                0x0000042a       0x22 CMakeFiles/LoraTest.dir/D_/win/Pico/pico-sdk/src/rp2_common/pico_divider/divider.S.obj
 .ARM.attributes
                0x0000044c       0x22 CMakeFiles/LoraTest.dir/D_/win/Pico/pico-sdk/src/rp2_common/pico_double/double_aeabi.S.obj
 .ARM.attributes
                0x0000046e       0x2c CMakeFiles/LoraTest.dir/D_/win/Pico/pico-sdk/src/rp2_common/pico_double/double_init_rom.c.obj
 .ARM.attributes
                0x0000049a       0x22 CMakeFiles/LoraTest.dir/D_/win/Pico/pico-sdk/src/rp2_common/pico_double/double_v1_rom_shim.S.obj
 .ARM.attributes
                0x000004bc       0x22 CMakeFiles/LoraTest.dir/D_/win/Pico/pico-sdk/src/rp2_common/pico_int64_ops/pico_int64_ops_aeabi.S.obj
 .ARM.attributes
                0x000004de       0x22 CMakeFiles/LoraTest.dir/D_/win/Pico/pico-sdk/src/rp2_common/pico_float/float_aeabi.S.obj
 .ARM.attributes
                0x00000500       0x2c CMakeFiles/LoraTest.dir/D_/win/Pico/pico-sdk/src/rp2_common/pico_float/float_init_rom.c.obj
 .ARM.attributes
                0x0000052c       0x2c CMakeFiles/LoraTest.dir/D_/win/Pico/pico-sdk/src/rp2_common/pico_malloc/pico_malloc.c.obj
 .ARM.attributes
                0x00000558       0x22 CMakeFiles/LoraTest.dir/D_/win/Pico/pico-sdk/src/rp2_common/pico_mem_ops/mem_ops_aeabi.S.obj
 .ARM.attributes
                0x0000057a       0x22 CMakeFiles/LoraTest.dir/D_/win/Pico/pico-sdk/src/rp2_common/pico_standard_link/crt0.S.obj
 .ARM.attributes
                0x0000059c       0x2c CMakeFiles/LoraTest.dir/D_/win/Pico/pico-sdk/src/rp2_common/pico_standard_link/binary_info.c.obj
 .ARM.attributes
                0x000005c8       0x2c CMakeFiles/LoraTest.dir/D_/win/Pico/pico-sdk/src/rp2_common/pico_stdio/stdio.c.obj
 .ARM.attributes
                0x000005f4       0x2c CMakeFiles/LoraTest.dir/D_/win/Pico/pico-sdk/src/rp2_common/pico_stdio_uart/stdio_uart.c.obj
 .ARM.attributes
                0x00000620       0x22 C:\Users\iamna\AppData\Local\Temp\ccMa3uK0.o
 .ARM.attributes
                0x00000642       0x1e d:/win/pico/gcc-arm-none-eabi/bin/../lib/gcc/arm-none-eabi/10.3.1/thumb/v6-m/nofp\libgcc.a(_dvmd_tls.o)
 .ARM.attributes
                0x00000660       0x2c d:/win/pico/gcc-arm-none-eabi/bin/../lib/gcc/arm-none-eabi/10.3.1/../../../../arm-none-eabi/lib/thumb/v6-m/nofp\libg.a(lib_a-calloc.o)
 .ARM.attributes
                0x0000068c       0x2c d:/win/pico/gcc-arm-none-eabi/bin/../lib/gcc/arm-none-eabi/10.3.1/../../../../arm-none-eabi/lib/thumb/v6-m/nofp\libg.a(lib_a-callocr.o)
 .ARM.attributes
                0x000006b8       0x2c d:/win/pico/gcc-arm-none-eabi/bin/../lib/gcc/arm-none-eabi/10.3.1/../../../../arm-none-eabi/lib/thumb/v6-m/nofp\libg.a(lib_a-errno.o)
 .ARM.attributes
                0x000006e4       0x2c d:/win/pico/gcc-arm-none-eabi/bin/../lib/gcc/arm-none-eabi/10.3.1/../../../../arm-none-eabi/lib/thumb/v6-m/nofp\libg.a(lib_a-impure.o)
 .ARM.attributes
                0x00000710       0x2c d:/win/pico/gcc-arm-none-eabi/bin/../lib/gcc/arm-none-eabi/10.3.1/../../../../arm-none-eabi/lib/thumb/v6-m/nofp\libg.a(lib_a-mallocr.o)
 .ARM.attributes
                0x0000073c       0x2c d:/win/pico/gcc-arm-none-eabi/bin/../lib/gcc/arm-none-eabi/10.3.1/../../../../arm-none-eabi/lib/thumb/v6-m/nofp\libg.a(lib_a-mlock.o)
 .ARM.attributes
                0x00000768       0x2c d:/win/pico/gcc-arm-none-eabi/bin/../lib/gcc/arm-none-eabi/10.3.1/../../../../arm-none-eabi/lib/thumb/v6-m/nofp\libg.a(lib_a-sbrkr.o)
 .ARM.attributes
                0x00000794       0x2c d:/win/pico/gcc-arm-none-eabi/bin/../lib/gcc/arm-none-eabi/10.3.1/../../../../arm-none-eabi/lib/thumb/v6-m/nofp\libg.a(lib_a-strlen-stub.o)
 .ARM.attributes
                0x000007c0       0x2c d:/win/pico/gcc-arm-none-eabi/bin/../lib/gcc/arm-none-eabi/10.3.1/../../../../arm-none-eabi/lib/thumb/v6-m/nofp\libg.a(lib_a-freer.o)
 .ARM.attributes
                0x000007ec       0x2c d:/win/pico/gcc-arm-none-eabi/bin/../lib/gcc/arm-none-eabi/10.3.1/../../../../arm-none-eabi/lib/thumb/v6-m/nofp\libg.a(lib_a-lock.o)
 .ARM.attributes
                0x00000818       0x2c d:/win/pico/gcc-arm-none-eabi/bin/../lib/gcc/arm-none-eabi/10.3.1/../../../../arm-none-eabi/lib/thumb/v6-m/nofp\libg.a(lib_a-reent.o)

.comment        0x00000000       0x49
 .comment       0x00000000       0x49 CMakeFiles/LoraTest.dir/main.c.obj
                                 0x4a (size before relaxing)
 .comment       0x00000049       0x4a CMakeFiles/LoraTest.dir/ring_buffer.c.obj
 .comment       0x00000049       0x4a CMakeFiles/LoraTest.dir/uart.c.obj
 .comment       0x00000049       0x4a CMakeFiles/LoraTest.dir/D_/win/Pico/pico-sdk/src/rp2_common/hardware_gpio/gpio.c.obj
 .comment       0x00000049       0x4a CMakeFiles/LoraTest.dir/D_/win/Pico/pico-sdk/src/rp2_common/pico_platform/platform.c.obj
 .comment       0x00000049       0x4a CMakeFiles/LoraTest.dir/D_/win/Pico/pico-sdk/src/rp2_common/hardware_claim/claim.c.obj
 .comment       0x00000049       0x4a CMakeFiles/LoraTest.dir/D_/win/Pico/pico-sdk/src/rp2_common/hardware_sync/sync.c.obj
 .comment       0x00000049       0x4a CMakeFiles/LoraTest.dir/D_/win/Pico/pico-sdk/src/rp2_common/hardware_irq/irq.c.obj
 .comment       0x00000049       0x4a CMakeFiles/LoraTest.dir/D_/win/Pico/pico-sdk/src/common/pico_sync/lock_core.c.obj
 .comment       0x00000049       0x4a CMakeFiles/LoraTest.dir/D_/win/Pico/pico-sdk/src/common/pico_sync/mutex.c.obj
 .comment       0x00000049       0x4a CMakeFiles/LoraTest.dir/D_/win/Pico/pico-sdk/src/common/pico_time/time.c.obj
 .comment       0x00000049       0x4a CMakeFiles/LoraTest.dir/D_/win/Pico/pico-sdk/src/rp2_common/hardware_timer/timer.c.obj
 .comment       0x00000049       0x4a CMakeFiles/LoraTest.dir/D_/win/Pico/pico-sdk/src/common/pico_util/pheap.c.obj
 .comment       0x00000049       0x4a CMakeFiles/LoraTest.dir/D_/win/Pico/pico-sdk/src/rp2_common/hardware_uart/uart.c.obj
 .comment       0x00000049       0x4a CMakeFiles/LoraTest.dir/D_/win/Pico/pico-sdk/src/rp2_common/hardware_clocks/clocks.c.obj
 .comment       0x00000049       0x4a CMakeFiles/LoraTest.dir/D_/win/Pico/pico-sdk/src/rp2_common/hardware_pll/pll.c.obj
 .comment       0x00000049       0x4a CMakeFiles/LoraTest.dir/D_/win/Pico/pico-sdk/src/rp2_common/hardware_watchdog/watchdog.c.obj
 .comment       0x00000049       0x4a CMakeFiles/LoraTest.dir/D_/win/Pico/pico-sdk/src/rp2_common/hardware_xosc/xosc.c.obj
 .comment       0x00000049       0x4a CMakeFiles/LoraTest.dir/D_/win/Pico/pico-sdk/src/rp2_common/pico_runtime/runtime.c.obj
 .comment       0x00000049       0x4a CMakeFiles/LoraTest.dir/D_/win/Pico/pico-sdk/src/rp2_common/pico_printf/printf.c.obj
 .comment       0x00000049       0x4a CMakeFiles/LoraTest.dir/D_/win/Pico/pico-sdk/src/rp2_common/pico_bootrom/bootrom.c.obj
 .comment       0x00000049       0x4a CMakeFiles/LoraTest.dir/D_/win/Pico/pico-sdk/src/rp2_common/pico_double/double_init_rom.c.obj
 .comment       0x00000049       0x4a CMakeFiles/LoraTest.dir/D_/win/Pico/pico-sdk/src/rp2_common/pico_float/float_init_rom.c.obj
 .comment       0x00000049       0x4a CMakeFiles/LoraTest.dir/D_/win/Pico/pico-sdk/src/rp2_common/pico_malloc/pico_malloc.c.obj
 .comment       0x00000049       0x4a CMakeFiles/LoraTest.dir/D_/win/Pico/pico-sdk/src/rp2_common/pico_standard_link/binary_info.c.obj
 .comment       0x00000049       0x4a CMakeFiles/LoraTest.dir/D_/win/Pico/pico-sdk/src/rp2_common/pico_stdio/stdio.c.obj
 .comment       0x00000049       0x4a CMakeFiles/LoraTest.dir/D_/win/Pico/pico-sdk/src/rp2_common/pico_stdio_uart/stdio_uart.c.obj

.debug_info     0x00000000    0x17082
 .debug_info    0x00000000      0xc2d CMakeFiles/LoraTest.dir/main.c.obj
 .debug_info    0x00000c2d      0x312 CMakeFiles/LoraTest.dir/ring_buffer.c.obj
 .debug_info    0x00000f3f      0xd4c CMakeFiles/LoraTest.dir/uart.c.obj
 .debug_info    0x00001c8b     0x16d8 CMakeFiles/LoraTest.dir/D_/win/Pico/pico-sdk/src/rp2_common/hardware_gpio/gpio.c.obj
 .debug_info    0x00003363      0x1e3 CMakeFiles/LoraTest.dir/D_/win/Pico/pico-sdk/src/rp2_common/pico_platform/platform.c.obj
 .debug_info    0x00003546      0x6bc CMakeFiles/LoraTest.dir/D_/win/Pico/pico-sdk/src/rp2_common/hardware_claim/claim.c.obj
 .debug_info    0x00003c02      0x58e CMakeFiles/LoraTest.dir/D_/win/Pico/pico-sdk/src/rp2_common/hardware_sync/sync.c.obj
 .debug_info    0x00004190     0x1c9c CMakeFiles/LoraTest.dir/D_/win/Pico/pico-sdk/src/rp2_common/hardware_irq/irq.c.obj
 .debug_info    0x00005e2c      0x1a4 CMakeFiles/LoraTest.dir/D_/win/Pico/pico-sdk/src/common/pico_sync/lock_core.c.obj
 .debug_info    0x00005fd0     0x20d3 CMakeFiles/LoraTest.dir/D_/win/Pico/pico-sdk/src/common/pico_sync/mutex.c.obj
 .debug_info    0x000080a3     0x4066 CMakeFiles/LoraTest.dir/D_/win/Pico/pico-sdk/src/common/pico_time/time.c.obj
 .debug_info    0x0000c109     0x13ee CMakeFiles/LoraTest.dir/D_/win/Pico/pico-sdk/src/rp2_common/hardware_timer/timer.c.obj
 .debug_info    0x0000d4f7     0x123b CMakeFiles/LoraTest.dir/D_/win/Pico/pico-sdk/src/common/pico_util/pheap.c.obj
 .debug_info    0x0000e732      0xb65 CMakeFiles/LoraTest.dir/D_/win/Pico/pico-sdk/src/rp2_common/hardware_uart/uart.c.obj
 .debug_info    0x0000f297      0xf8d CMakeFiles/LoraTest.dir/D_/win/Pico/pico-sdk/src/rp2_common/hardware_clocks/clocks.c.obj
 .debug_info    0x00010224      0x51b CMakeFiles/LoraTest.dir/D_/win/Pico/pico-sdk/src/rp2_common/hardware_pll/pll.c.obj
 .debug_info    0x0001073f      0x4ee CMakeFiles/LoraTest.dir/D_/win/Pico/pico-sdk/src/rp2_common/hardware_watchdog/watchdog.c.obj
 .debug_info    0x00010c2d      0x1d8 CMakeFiles/LoraTest.dir/D_/win/Pico/pico-sdk/src/rp2_common/hardware_xosc/xosc.c.obj
 .debug_info    0x00010e05     0x1028 CMakeFiles/LoraTest.dir/D_/win/Pico/pico-sdk/src/rp2_common/pico_runtime/runtime.c.obj
 .debug_info    0x00011e2d     0x1a5f CMakeFiles/LoraTest.dir/D_/win/Pico/pico-sdk/src/rp2_common/pico_printf/printf.c.obj
 .debug_info    0x0001388c       0x22 CMakeFiles/LoraTest.dir/D_/win/Pico/pico-sdk/src/rp2_common/pico_bit_ops/bit_ops_aeabi.S.obj
 .debug_info    0x000138ae      0x27c CMakeFiles/LoraTest.dir/D_/win/Pico/pico-sdk/src/rp2_common/pico_bootrom/bootrom.c.obj
 .debug_info    0x00013b2a       0x22 CMakeFiles/LoraTest.dir/D_/win/Pico/pico-sdk/src/rp2_common/pico_divider/divider.S.obj
 .debug_info    0x00013b4c       0x22 CMakeFiles/LoraTest.dir/D_/win/Pico/pico-sdk/src/rp2_common/pico_double/double_aeabi.S.obj
 .debug_info    0x00013b6e      0x2fb CMakeFiles/LoraTest.dir/D_/win/Pico/pico-sdk/src/rp2_common/pico_double/double_init_rom.c.obj
 .debug_info    0x00013e69       0x26 CMakeFiles/LoraTest.dir/D_/win/Pico/pico-sdk/src/rp2_common/pico_double/double_v1_rom_shim.S.obj
 .debug_info    0x00013e8f       0x26 CMakeFiles/LoraTest.dir/D_/win/Pico/pico-sdk/src/rp2_common/pico_int64_ops/pico_int64_ops_aeabi.S.obj
 .debug_info    0x00013eb5       0x22 CMakeFiles/LoraTest.dir/D_/win/Pico/pico-sdk/src/rp2_common/pico_float/float_aeabi.S.obj
 .debug_info    0x00013ed7      0x2d8 CMakeFiles/LoraTest.dir/D_/win/Pico/pico-sdk/src/rp2_common/pico_float/float_init_rom.c.obj
 .debug_info    0x000141af      0x334 CMakeFiles/LoraTest.dir/D_/win/Pico/pico-sdk/src/rp2_common/pico_malloc/pico_malloc.c.obj
 .debug_info    0x000144e3       0x22 CMakeFiles/LoraTest.dir/D_/win/Pico/pico-sdk/src/rp2_common/pico_mem_ops/mem_ops_aeabi.S.obj
 .debug_info    0x00014505       0x22 CMakeFiles/LoraTest.dir/D_/win/Pico/pico-sdk/src/rp2_common/pico_standard_link/crt0.S.obj
 .debug_info    0x00014527      0x2f6 CMakeFiles/LoraTest.dir/D_/win/Pico/pico-sdk/src/rp2_common/pico_standard_link/binary_info.c.obj
 .debug_info    0x0001481d     0x1821 CMakeFiles/LoraTest.dir/D_/win/Pico/pico-sdk/src/rp2_common/pico_stdio/stdio.c.obj
 .debug_info    0x0001603e     0x1044 CMakeFiles/LoraTest.dir/D_/win/Pico/pico-sdk/src/rp2_common/pico_stdio_uart/stdio_uart.c.obj

.debug_abbrev   0x00000000     0x481e
 .debug_abbrev  0x00000000      0x23c CMakeFiles/LoraTest.dir/main.c.obj
 .debug_abbrev  0x0000023c      0x15d CMakeFiles/LoraTest.dir/ring_buffer.c.obj
 .debug_abbrev  0x00000399      0x334 CMakeFiles/LoraTest.dir/uart.c.obj
 .debug_abbrev  0x000006cd      0x339 CMakeFiles/LoraTest.dir/D_/win/Pico/pico-sdk/src/rp2_common/hardware_gpio/gpio.c.obj
 .debug_abbrev  0x00000a06       0xeb CMakeFiles/LoraTest.dir/D_/win/Pico/pico-sdk/src/rp2_common/pico_platform/platform.c.obj
 .debug_abbrev  0x00000af1      0x2e9 CMakeFiles/LoraTest.dir/D_/win/Pico/pico-sdk/src/rp2_common/hardware_claim/claim.c.obj
 .debug_abbrev  0x00000dda      0x21b CMakeFiles/LoraTest.dir/D_/win/Pico/pico-sdk/src/rp2_common/hardware_sync/sync.c.obj
 .debug_abbrev  0x00000ff5      0x4e7 CMakeFiles/LoraTest.dir/D_/win/Pico/pico-sdk/src/rp2_common/hardware_irq/irq.c.obj
 .debug_abbrev  0x000014dc      0x116 CMakeFiles/LoraTest.dir/D_/win/Pico/pico-sdk/src/common/pico_sync/lock_core.c.obj
 .debug_abbrev  0x000015f2      0x397 CMakeFiles/LoraTest.dir/D_/win/Pico/pico-sdk/src/common/pico_sync/mutex.c.obj
 .debug_abbrev  0x00001989      0x571 CMakeFiles/LoraTest.dir/D_/win/Pico/pico-sdk/src/common/pico_time/time.c.obj
 .debug_abbrev  0x00001efa      0x3b8 CMakeFiles/LoraTest.dir/D_/win/Pico/pico-sdk/src/rp2_common/hardware_timer/timer.c.obj
 .debug_abbrev  0x000022b2      0x297 CMakeFiles/LoraTest.dir/D_/win/Pico/pico-sdk/src/common/pico_util/pheap.c.obj
 .debug_abbrev  0x00002549      0x2d2 CMakeFiles/LoraTest.dir/D_/win/Pico/pico-sdk/src/rp2_common/hardware_uart/uart.c.obj
 .debug_abbrev  0x0000281b      0x3a5 CMakeFiles/LoraTest.dir/D_/win/Pico/pico-sdk/src/rp2_common/hardware_clocks/clocks.c.obj
 .debug_abbrev  0x00002bc0      0x1ea CMakeFiles/LoraTest.dir/D_/win/Pico/pico-sdk/src/rp2_common/hardware_pll/pll.c.obj
 .debug_abbrev  0x00002daa      0x1a8 CMakeFiles/LoraTest.dir/D_/win/Pico/pico-sdk/src/rp2_common/hardware_watchdog/watchdog.c.obj
 .debug_abbrev  0x00002f52      0x109 CMakeFiles/LoraTest.dir/D_/win/Pico/pico-sdk/src/rp2_common/hardware_xosc/xosc.c.obj
 .debug_abbrev  0x0000305b      0x4ba CMakeFiles/LoraTest.dir/D_/win/Pico/pico-sdk/src/rp2_common/pico_runtime/runtime.c.obj
 .debug_abbrev  0x00003515      0x384 CMakeFiles/LoraTest.dir/D_/win/Pico/pico-sdk/src/rp2_common/pico_printf/printf.c.obj
 .debug_abbrev  0x00003899       0x12 CMakeFiles/LoraTest.dir/D_/win/Pico/pico-sdk/src/rp2_common/pico_bit_ops/bit_ops_aeabi.S.obj
 .debug_abbrev  0x000038ab      0x13b CMakeFiles/LoraTest.dir/D_/win/Pico/pico-sdk/src/rp2_common/pico_bootrom/bootrom.c.obj
 .debug_abbrev  0x000039e6       0x12 CMakeFiles/LoraTest.dir/D_/win/Pico/pico-sdk/src/rp2_common/pico_divider/divider.S.obj
 .debug_abbrev  0x000039f8       0x12 CMakeFiles/LoraTest.dir/D_/win/Pico/pico-sdk/src/rp2_common/pico_double/double_aeabi.S.obj
 .debug_abbrev  0x00003a0a      0x196 CMakeFiles/LoraTest.dir/D_/win/Pico/pico-sdk/src/rp2_common/pico_double/double_init_rom.c.obj
 .debug_abbrev  0x00003ba0       0x14 CMakeFiles/LoraTest.dir/D_/win/Pico/pico-sdk/src/rp2_common/pico_double/double_v1_rom_shim.S.obj
 .debug_abbrev  0x00003bb4       0x14 CMakeFiles/LoraTest.dir/D_/win/Pico/pico-sdk/src/rp2_common/pico_int64_ops/pico_int64_ops_aeabi.S.obj
 .debug_abbrev  0x00003bc8       0x12 CMakeFiles/LoraTest.dir/D_/win/Pico/pico-sdk/src/rp2_common/pico_float/float_aeabi.S.obj
 .debug_abbrev  0x00003bda      0x18d CMakeFiles/LoraTest.dir/D_/win/Pico/pico-sdk/src/rp2_common/pico_float/float_init_rom.c.obj
 .debug_abbrev  0x00003d67      0x159 CMakeFiles/LoraTest.dir/D_/win/Pico/pico-sdk/src/rp2_common/pico_malloc/pico_malloc.c.obj
 .debug_abbrev  0x00003ec0       0x12 CMakeFiles/LoraTest.dir/D_/win/Pico/pico-sdk/src/rp2_common/pico_mem_ops/mem_ops_aeabi.S.obj
 .debug_abbrev  0x00003ed2       0x12 CMakeFiles/LoraTest.dir/D_/win/Pico/pico-sdk/src/rp2_common/pico_standard_link/crt0.S.obj
 .debug_abbrev  0x00003ee4       0xad CMakeFiles/LoraTest.dir/D_/win/Pico/pico-sdk/src/rp2_common/pico_standard_link/binary_info.c.obj
 .debug_abbrev  0x00003f91      0x4a5 CMakeFiles/LoraTest.dir/D_/win/Pico/pico-sdk/src/rp2_common/pico_stdio/stdio.c.obj
 .debug_abbrev  0x00004436      0x3e8 CMakeFiles/LoraTest.dir/D_/win/Pico/pico-sdk/src/rp2_common/pico_stdio_uart/stdio_uart.c.obj

.debug_loc      0x00000000     0xf548
 .debug_loc     0x00000000      0x33c CMakeFiles/LoraTest.dir/main.c.obj
 .debug_loc     0x0000033c      0x1dc CMakeFiles/LoraTest.dir/ring_buffer.c.obj
 .debug_loc     0x00000518      0x708 CMakeFiles/LoraTest.dir/uart.c.obj
 .debug_loc     0x00000c20     0x118d CMakeFiles/LoraTest.dir/D_/win/Pico/pico-sdk/src/rp2_common/hardware_gpio/gpio.c.obj
 .debug_loc     0x00001dad       0xe9 CMakeFiles/LoraTest.dir/D_/win/Pico/pico-sdk/src/rp2_common/pico_platform/platform.c.obj
 .debug_loc     0x00001e96      0x45f CMakeFiles/LoraTest.dir/D_/win/Pico/pico-sdk/src/rp2_common/hardware_claim/claim.c.obj
 .debug_loc     0x000022f5      0x233 CMakeFiles/LoraTest.dir/D_/win/Pico/pico-sdk/src/rp2_common/hardware_sync/sync.c.obj
 .debug_loc     0x00002528     0x13f5 CMakeFiles/LoraTest.dir/D_/win/Pico/pico-sdk/src/rp2_common/hardware_irq/irq.c.obj
 .debug_loc     0x0000391d       0x60 CMakeFiles/LoraTest.dir/D_/win/Pico/pico-sdk/src/common/pico_sync/lock_core.c.obj
 .debug_loc     0x0000397d     0x152e CMakeFiles/LoraTest.dir/D_/win/Pico/pico-sdk/src/common/pico_sync/mutex.c.obj
 .debug_loc     0x00004eab     0x31cb CMakeFiles/LoraTest.dir/D_/win/Pico/pico-sdk/src/common/pico_time/time.c.obj
 .debug_loc     0x00008076      0xacb CMakeFiles/LoraTest.dir/D_/win/Pico/pico-sdk/src/rp2_common/hardware_timer/timer.c.obj
 .debug_loc     0x00008b41     0x1446 CMakeFiles/LoraTest.dir/D_/win/Pico/pico-sdk/src/common/pico_util/pheap.c.obj
 .debug_loc     0x00009f87      0x533 CMakeFiles/LoraTest.dir/D_/win/Pico/pico-sdk/src/rp2_common/hardware_uart/uart.c.obj
 .debug_loc     0x0000a4ba      0x81d CMakeFiles/LoraTest.dir/D_/win/Pico/pico-sdk/src/rp2_common/hardware_clocks/clocks.c.obj
 .debug_loc     0x0000acd7      0x2f3 CMakeFiles/LoraTest.dir/D_/win/Pico/pico-sdk/src/rp2_common/hardware_pll/pll.c.obj
 .debug_loc     0x0000afca      0x2ec CMakeFiles/LoraTest.dir/D_/win/Pico/pico-sdk/src/rp2_common/hardware_watchdog/watchdog.c.obj
 .debug_loc     0x0000b2b6       0x71 CMakeFiles/LoraTest.dir/D_/win/Pico/pico-sdk/src/rp2_common/hardware_xosc/xosc.c.obj
 .debug_loc     0x0000b327      0x674 CMakeFiles/LoraTest.dir/D_/win/Pico/pico-sdk/src/rp2_common/pico_runtime/runtime.c.obj
 .debug_loc     0x0000b99b     0x2095 CMakeFiles/LoraTest.dir/D_/win/Pico/pico-sdk/src/rp2_common/pico_printf/printf.c.obj