Archive member included to satisfy reference by file (symbol)

d:/win/pico/gcc-arm-none-eabi/bin/../lib/gcc/arm-none-eabi/10.3.1/thumb/v6-m/nofp\libgcc.a(_dvmd_tls.o)
                              CMakeFiles/uart_xx1.dir/D_/win/Pico/pico-sdk/src/rp2_common/pico_divider/divider.S.obj (__aeabi_idiv0)
d:/win/pico/gcc-arm-none-eabi/bin/../lib/gcc/arm-none-eabi/10.3.1/../../../../arm-none-eabi/lib/thumb/v6-m/nofp\libg.a(lib_a-calloc.o)
                              CMakeFiles/uart_xx1.dir/D_/win/Pico/pico-sdk/src/rp2_common/pico_malloc/pico_malloc.c.obj (calloc)
d:/win/pico/gcc-arm-none-eabi/bin/../lib/gcc/arm-none-eabi/10.3.1/../../../../arm-none-eabi/lib/thumb/v6-m/nofp\libg.a(lib_a-callocr.o)
                              d:/win/pico/gcc-arm-none-eabi/bin/../lib/gcc/arm-none-eabi/10.3.1/../../../../arm-none-eabi/lib/thumb/v6-m/nofp\libg.a(lib_a-calloc.o) (_calloc_r)
d:/win/pico/gcc-arm-none-eabi/bin/../lib/gcc/arm-none-eabi/10.3.1/../../../../arm-none-eabi/lib/thumb/v6-m/nofp\libg.a(lib_a-ctype_.o)
                              CMakeFiles/uart_xx1.dir/main.c.obj (_ctype_)
d:/win/pico/gcc-arm-none-eabi/bin/../lib/gcc/arm-none-eabi/10.3.1/../../../../arm-none-eabi/lib/thumb/v6-m/nofp\libg.a(lib_a-errno.o)
                              d:/win/pico/gcc-arm-none-eabi/bin/../lib/gcc/arm-none-eabi/10.3.1/../../../../arm-none-eabi/lib/thumb/v6-m/nofp\libg.a(lib_a-callocr.o) (__errno)
d:/win/pico/gcc-arm-none-eabi/bin/../lib/gcc/arm-none-eabi/10.3.1/../../../../arm-none-eabi/lib/thumb/v6-m/nofp\libg.a(lib_a-impure.o)
                              d:/win/pico/gcc-arm-none-eabi/bin/../lib/gcc/arm-none-eabi/10.3.1/../../../../arm-none-eabi/lib/thumb/v6-m/nofp\libg.a(lib_a-calloc.o) (_impure_ptr)
d:/win/pico/gcc-arm-none-eabi/bin/../lib/gcc/arm-none-eabi/10.3.1/../../../../arm-none-eabi/lib/thumb/v6-m/nofp\libg.a(lib_a-init.o)
                              d:/win/pico/gcc-arm-none-eabi/bin/../lib/gcc/arm-none-eabi/10.3.1/../../../../arm-none-eabi/lib/thumb/v6-m/nofp/crt0.o (__libc_init_array)
d:/win/pico/gcc-arm-none-eabi/bin/../lib/gcc/arm-none-eabi/10.3.1/../../../../arm-none-eabi/lib/thumb/v6-m/nofp\libg.a(lib_a-malloc.o)
                              CMakeFiles/uart_xx1.dir/D_/win/Pico/pico-sdk/src/rp2_common/pico_malloc/pico_malloc.c.obj (malloc)
d:/win/pico/gcc-arm-none-eabi/bin/../lib/gcc/arm-none-eabi/10.3.1/../../../../arm-none-eabi/lib/thumb/v6-m/nofp\libg.a(lib_a-mallocr.o)
                              d:/win/pico/gcc-arm-none-eabi/bin/../lib/gcc/arm-none-eabi/10.3.1/../../../../arm-none-eabi/lib/thumb/v6-m/nofp\libg.a(lib_a-callocr.o) (_malloc_r)
d:/win/pico/gcc-arm-none-eabi/bin/../lib/gcc/arm-none-eabi/10.3.1/../../../../arm-none-eabi/lib/thumb/v6-m/nofp\libg.a(lib_a-mlock.o)
                              d:/win/pico/gcc-arm-none-eabi/bin/../lib/gcc/arm-none-eabi/10.3.1/../../../../arm-none-eabi/lib/thumb/v6-m/nofp\libg.a(lib_a-mallocr.o) (__malloc_lock)
d:/win/pico/gcc-arm-none-eabi/bin/../lib/gcc/arm-none-eabi/10.3.1/../../../../arm-none-eabi/lib/thumb/v6-m/nofp\libg.a(lib_a-realloc.o)
                              CMakeFiles/uart_xx1.dir/D_/win/Pico/pico-sdk/src/rp2_common/pico_malloc/pico_malloc.c.obj (realloc)
d:/win/pico/gcc-arm-none-eabi/bin/../lib/gcc/arm-none-eabi/10.3.1/../../../../arm-none-eabi/lib/thumb/v6-m/nofp\libg.a(lib_a-reallocr.o)
                              d:/win/pico/gcc-arm-none-eabi/bin/../lib/gcc/arm-none-eabi/10.3.1/../../../../arm-none-eabi/lib/thumb/v6-m/nofp\libg.a(lib_a-realloc.o) (_realloc_r)
d:/win/pico/gcc-arm-none-eabi/bin/../lib/gcc/arm-none-eabi/10.3.1/../../../../arm-none-eabi/lib/thumb/v6-m/nofp\libg.a(lib_a-sbrkr.o)
                              d:/win/pico/gcc-arm-none-eabi/bin/../lib/gcc/arm-none-eabi/10.3.1/../../../../arm-none-eabi/lib/thumb/v6-m/nofp\libg.a(lib_a-mallocr.o) (_sbrk_r)
d:/win/pico/gcc-arm-none-eabi/bin/../lib/gcc/arm-none-eabi/10.3.1/../../../../arm-none-eabi/lib/thumb/v6-m/nofp\libg.a(lib_a-strchr.o)
                              CMakeFiles/uart_xx1.dir/main.c.obj (strchr)
d:/win/pico/gcc-arm-none-eabi/bin/../lib/gcc/arm-none-eabi/10.3.1/../../../../arm-none-eabi/lib/thumb/v6-m/nofp\libg.a(lib_a-strlen-stub.o)
                              CMakeFiles/uart_xx1.dir/main.c.obj (strlen)
d:/win/pico/gcc-arm-none-eabi/bin/../lib/gcc/arm-none-eabi/10.3.1/../../../../arm-none-eabi/lib/thumb/v6-m/nofp\libg.a(lib_a-freer.o)
                              d:/win/pico/gcc-arm-none-eabi/bin/../lib/gcc/arm-none-eabi/10.3.1/../../../../arm-none-eabi/lib/thumb/v6-m/nofp\libg.a(lib_a-malloc.o) (_free_r)
d:/win/pico/gcc-arm-none-eabi/bin/../lib/gcc/arm-none-eabi/10.3.1/../../../../arm-none-eabi/lib/thumb/v6-m/nofp\libg.a(lib_a-lock.o)
                              d:/win/pico/gcc-arm-none-eabi/bin/../lib/gcc/arm-none-eabi/10.3.1/../../../../arm-none-eabi/lib/thumb/v6-m/nofp\libg.a(lib_a-mlock.o) (__retarget_lock_acquire_recursive)
d:/win/pico/gcc-arm-none-eabi/bin/../lib/gcc/arm-none-eabi/10.3.1/../../../../arm-none-eabi/lib/thumb/v6-m/nofp\libg.a(lib_a-memmove.o)
[...]
Memory Configuration

Name             Origin             Length             Attributes
FLASH            0x10000000         0x00200000         xr
RAM              0x20000000         0x00040000         xrw
SCRATCH_X        0x20040000         0x00001000         xrw
SCRATCH_Y        0x20041000         0x00001000         xrw
*default*        0x00000000         0xffffffff

Linker script and memory map

LOAD d:/win/pico/gcc-arm-none-eabi/bin/../lib/gcc/arm-none-eabi/10.3.1/thumb/v6-m/nofp/crti.o
LOAD d:/win/pico/gcc-arm-none-eabi/bin/../lib/gcc/arm-none-eabi/10.3.1/thumb/v6-m/nofp/crtbegin.o
LOAD d:/win/pico/gcc-arm-none-eabi/bin/../lib/gcc/arm-none-eabi/10.3.1/../../../../arm-none-eabi/lib/thumb/v6-m/nofp/crt0.o

.flash_begin    0x10000000        0x0
                0x10000000                __flash_binary_start = .

.boot2          0x10000000      0x100
                0x10000000                __boot2_start__ = .
 *(.boot2)
 .boot2         0x10000000      0x100 C:\Users\iamna\AppData\Local\Temp\ccyCBeqJ.o
                0x10000100                __boot2_end__ = .
                0x00000001                ASSERT (((__boot2_end__ - __boot2_start__) == 0x100), ERROR: Pico second stage bootloader must be 256 bytes in size)

.text           0x10000100     0x4e10
                0x10000100                __logical_binary_start = .
 *(.vectors)
 .vectors       0x10000100       0xd4 CMakeFiles/uart_xx1.dir/D_/win/Pico/pico-sdk/src/rp2_common/pico_standard_link/crt0.S.obj
                0x10000100                __VECTOR_TABLE
                0x10000100                __vectors
                0x100001c0                isr_invalid
                0x100001c0                __default_isrs_start
                0x100001c2                isr_nmi
                0x100001c4                isr_hardfault
                0x100001c6                isr_svcall
                0x100001c8                isr_pendsv
                0x100001ca                isr_systick
                0x100001cc                isr_irq23
                0x100001cc                isr_irq18
                0x100001cc                isr_irq11
                0x100001cc                isr_irq28
                0x100001cc                isr_irq19
                0x100001cc                isr_irq0
                0x100001cc                isr_irq6
                0x100001cc                isr_irq5
                0x100001cc                isr_irq12
                0x100001cc                isr_irq22
                0x100001cc                isr_irq31
                0x100001cc                isr_irq17
                0x100001cc                isr_irq27
                0x100001cc                isr_irq30
                0x100001cc                isr_irq2
                0x100001cc                isr_irq10
                0x100001cc                isr_irq8
                0x100001cc                isr_irq24
                0x100001cc                isr_irq1
                0x100001cc                isr_irq7
                0x100001cc                isr_irq21
                0x100001cc                isr_irq20
                0x100001cc                isr_irq15
                0x100001cc                isr_irq25
                0x100001cc                isr_irq13
                0x100001cc                __unhandled_user_irq
                0x100001cc                isr_irq4
                0x100001cc                isr_irq16
                0x100001cc                isr_irq29
                0x100001cc                isr_irq26
                0x100001cc                __default_isrs_end
                0x100001cc                isr_irq3
                0x100001cc                isr_irq14
                0x100001cc                isr_irq9
                0x100001d2                unhandled_user_irq_num_in_r0
 *(.binary_info_header)
 .binary_info_header
                0x100001d4       0x14 CMakeFiles/uart_xx1.dir/D_/win/Pico/pico-sdk/src/rp2_common/pico_standard_link/crt0.S.obj
                0x100001e8                __binary_info_header_end = .
 *(.reset)
 .reset         0x100001e8       0xa0 CMakeFiles/uart_xx1.dir/D_/win/Pico/pico-sdk/src/rp2_common/pico_standard_link/crt0.S.obj
                0x100001e8                _entry_point
 .reset         0x10000288       0x30 CMakeFiles/uart_xx1.dir/D_/win/Pico/pico-sdk/src/rp2_common/pico_standard_link/binary_info.c.obj
 *(.init)
 .init          0x100002b8        0x4 d:/win/pico/gcc-arm-none-eabi/bin/../lib/gcc/arm-none-eabi/10.3.1/thumb/v6-m/nofp/crti.o
                0x100002b8                _init
 *(EXCLUDE_FILE(*libm.a: *libc.a:*lib_a-mem*.o *libgcc.a:) .text*)
 .text          0x100002bc       0x48 d:/win/pico/gcc-arm-none-eabi/bin/../lib/gcc/arm-none-eabi/10.3.1/thumb/v6-m/nofp/crtbegin.o
 .text.main     0x10000304      0x224 CMakeFiles/uart_xx1.dir/main.c.obj
                0x10000304                main
 .text.rb_init  0x10000528        0xc CMakeFiles/uart_xx1.dir/ring_buffer.c.obj
                0x10000528                rb_init
 .text.rb_empty
                0x10000534       0x10 CMakeFiles/uart_xx1.dir/ring_buffer.c.obj
                0x10000534                rb_empty
 .text.rb_full  0x10000544       0x1a CMakeFiles/uart_xx1.dir/ring_buffer.c.obj
                0x10000544                rb_full
 .text.rb_put   0x1000055e       0x24 CMakeFiles/uart_xx1.dir/ring_buffer.c.obj
                0x1000055e                rb_put
 .text.rb_get   0x10000582       0x1e CMakeFiles/uart_xx1.dir/ring_buffer.c.obj
                0x10000582                rb_get
 .text.rb_alloc
                0x100005a0       0x1a CMakeFiles/uart_xx1.dir/ring_buffer.c.obj
                0x100005a0                rb_alloc
 *fill*         0x100005ba        0x2 
 .text.uart_get_handle
                0x100005bc       0x14 CMakeFiles/uart_xx1.dir/uart.c.obj
 .text.uart_setup
                0x100005d0       0x76 CMakeFiles/uart_xx1.dir/uart.c.obj
                0x100005d0                uart_setup
 .text.uart_read
                0x10000646       0x40 CMakeFiles/uart_xx1.dir/uart.c.obj
                0x10000646                uart_read
 .text.uart_irq_rx
                0x10000686       0x3e CMakeFiles/uart_xx1.dir/uart.c.obj
                0x10000686                uart_irq_rx
 .text.uart_irq_tx
                0x100006c4       0x46 CMakeFiles/uart_xx1.dir/uart.c.obj
                0x100006c4                uart_irq_tx
 .text.uart_write
                0x1000070a       0x76 CMakeFiles/uart_xx1.dir/uart.c.obj
                0x1000070a                uart_write
 .text.uart_send
                0x10000780       0x18 CMakeFiles/uart_xx1.dir/uart.c.obj
                0x10000780                uart_send
 .text.uart0_handler
                0x10000798       0x18 CMakeFiles/uart_xx1.dir/uart.c.obj
                0x10000798                uart0_handler
 .text.uart1_handler
                0x100007b0       0x18 CMakeFiles/uart_xx1.dir/uart.c.obj
                0x100007b0                uart1_handler
 .text.gpio_set_function
                0x100007c8       0x30 CMakeFiles/uart_xx1.dir/D_/win/Pico/pico-sdk/src/rp2_common/hardware_gpio/gpio.c.obj
                0x100007c8                gpio_set_function
 .text.gpio_set_pulls
                0x100007f8       0x34 CMakeFiles/uart_xx1.dir/D_/win/Pico/pico-sdk/src/rp2_common/hardware_gpio/gpio.c.obj
                0x100007f8                gpio_set_pulls
 .text.gpio_init
                0x1000082c       0x16 CMakeFiles/uart_xx1.dir/D_/win/Pico/pico-sdk/src/rp2_common/hardware_gpio/gpio.c.obj
                0x1000082c                gpio_init
 *fill*         0x10000842        0x2 
 .text.running_on_fpga
                0x10000844       0x14 CMakeFiles/uart_xx1.dir/D_/win/Pico/pico-sdk/src/rp2_common/pico_platform/platform.c.obj
                0x10000844                running_on_fpga
 .text.hw_claim_lock
                0x10000858       0x18 CMakeFiles/uart_xx1.dir/D_/win/Pico/pico-sdk/src/rp2_common/hardware_claim/claim.c.obj
                0x10000858                hw_claim_lock
 .text.hw_claim_unlock
                0x10000870       0x14 CMakeFiles/uart_xx1.dir/D_/win/Pico/pico-sdk/src/rp2_common/hardware_claim/claim.c.obj
                0x10000870                hw_claim_unlock
 .text.hw_claim_or_assert
                0x10000884       0x32 CMakeFiles/uart_xx1.dir/D_/win/Pico/pico-sdk/src/rp2_common/hardware_claim/claim.c.obj
                0x10000884                hw_claim_or_assert
 *fill*         0x100008b6        0x2 
 .text.spin_locks_reset
                0x100008b8       0x20 CMakeFiles/uart_xx1.dir/D_/win/Pico/pico-sdk/src/rp2_common/hardware_sync/sync.c.obj
                0x100008b8                spin_locks_reset
 .text.next_striped_spin_lock_num
                0x100008d8       0x1c CMakeFiles/uart_xx1.dir/D_/win/Pico/pico-sdk/src/rp2_common/hardware_sync/sync.c.obj
                0x100008d8                next_striped_spin_lock_num
 .text.set_raw_irq_handler_and_unlock
                0x100008f4       0x28 CMakeFiles/uart_xx1.dir/D_/win/Pico/pico-sdk/src/rp2_common/hardware_irq/irq.c.obj
 .text.make_branch
                0x1000091c       0x48 CMakeFiles/uart_xx1.dir/D_/win/Pico/pico-sdk/src/rp2_common/hardware_irq/irq.c.obj
 .text.insert_branch_and_link
                0x10000964       0x40 CMakeFiles/uart_xx1.dir/D_/win/Pico/pico-sdk/src/rp2_common/hardware_irq/irq.c.obj
 .text.irq_is_enabled
                0x100009a4       0x18 CMakeFiles/uart_xx1.dir/D_/win/Pico/pico-sdk/src/rp2_common/hardware_irq/irq.c.obj
                0x100009a4                irq_is_enabled
 .text.irq_set_mask_enabled
                0x100009bc       0x20 CMakeFiles/uart_xx1.dir/D_/win/Pico/pico-sdk/src/rp2_common/hardware_irq/irq.c.obj
                0x100009bc                irq_set_mask_enabled
 .text.irq_set_enabled
                0x100009dc        0xe CMakeFiles/uart_xx1.dir/D_/win/Pico/pico-sdk/src/rp2_common/hardware_irq/irq.c.obj
                0x100009dc                irq_set_enabled
 *fill*         0x100009ea        0x2 
 .text.irq_get_vtable_handler
                0x100009ec       0x10 CMakeFiles/uart_xx1.dir/D_/win/Pico/pico-sdk/src/rp2_common/hardware_irq/irq.c.obj
                0x100009ec                irq_get_vtable_handler
 .text.irq_set_exclusive_handler
                0x100009fc       0x54 CMakeFiles/uart_xx1.dir/D_/win/Pico/pico-sdk/src/rp2_common/hardware_irq/irq.c.obj
                0x100009fc                irq_set_exclusive_handler
 .text.irq_remove_handler
                0x10000a50      0x1ac CMakeFiles/uart_xx1.dir/D_/win/Pico/pico-sdk/src/rp2_common/hardware_irq/irq.c.obj
                0x10000a50                irq_remove_handler
 .text.irq_add_tail_to_free_list
                0x10000bfc       0xf0 CMakeFiles/uart_xx1.dir/D_/win/Pico/pico-sdk/src/rp2_common/hardware_irq/irq.c.obj
                0x10000bfc                irq_add_tail_to_free_list
 .text.irq_init_priorities
                0x10000cec       0x1c CMakeFiles/uart_xx1.dir/D_/win/Pico/pico-sdk/src/rp2_common/hardware_irq/irq.c.obj
                0x10000cec                irq_init_priorities
 .text.lock_init
                0x10000d08       0x10 CMakeFiles/uart_xx1.dir/D_/win/Pico/pico-sdk/src/common/pico_sync/lock_core.c.obj
                0x10000d08                lock_init
 .text.mutex_init
                0x10000d18       0x1a CMakeFiles/uart_xx1.dir/D_/win/Pico/pico-sdk/src/common/pico_sync/mutex.c.obj
                0x10000d18                mutex_init
 .text.recursive_mutex_init
                0x10000d32       0x1e CMakeFiles/uart_xx1.dir/D_/win/Pico/pico-sdk/src/common/pico_sync/mutex.c.obj
                0x10000d32                recursive_mutex_init
 .text.alarm_pool_post_alloc_init
                0x10000d50       0x40 CMakeFiles/uart_xx1.dir/D_/win/Pico/pico-sdk/src/common/pico_time/time.c.obj
 .text.sleep_until_callback
                0x10000d90       0x30 CMakeFiles/uart_xx1.dir/D_/win/Pico/pico-sdk/src/common/pico_time/time.c.obj
 .text.timer_pool_entry_comparator
                0x10000dc0       0x7c CMakeFiles/uart_xx1.dir/D_/win/Pico/pico-sdk/src/common/pico_time/time.c.obj
                0x10000dc0                timer_pool_entry_comparator
 .text.ph_add_child_node
                0x10000e3c       0xa4 CMakeFiles/uart_xx1.dir/D_/win/Pico/pico-sdk/src/common/pico_time/time.c.obj
 .text.ph_merge_nodes
                0x10000ee0       0x3e CMakeFiles/uart_xx1.dir/D_/win/Pico/pico-sdk/src/common/pico_time/time.c.obj
 *fill*         0x10000f1e        0x2 
 .text.add_alarm_under_lock
                0x10000f20      0x174 CMakeFiles/uart_xx1.dir/D_/win/Pico/pico-sdk/src/common/pico_time/time.c.obj
 .text.alarm_pool_alarm_callback
                0x10001094      0x33c CMakeFiles/uart_xx1.dir/D_/win/Pico/pico-sdk/src/common/pico_time/time.c.obj
 .text.alarm_pool_init_default
                0x100013d0       0x40 CMakeFiles/uart_xx1.dir/D_/win/Pico/pico-sdk/src/common/pico_time/time.c.obj
                0x100013d0                alarm_pool_init_default
 .text.alarm_pool_get_default
                0x10001410       0x2c CMakeFiles/uart_xx1.dir/D_/win/Pico/pico-sdk/src/common/pico_time/time.c.obj
                0x10001410                alarm_pool_get_default
 .text.alarm_pool_add_alarm_at
                0x1000143c      0x168 CMakeFiles/uart_xx1.dir/D_/win/Pico/pico-sdk/src/common/pico_time/time.c.obj
                0x1000143c                alarm_pool_add_alarm_at
 .text.alarm_pool_cancel_alarm
                0x100015a4       0xf0 CMakeFiles/uart_xx1.dir/D_/win/Pico/pico-sdk/src/common/pico_time/time.c.obj
                0x100015a4                alarm_pool_cancel_alarm
 .text.sleep_until
                0x10001694       0xfc CMakeFiles/uart_xx1.dir/D_/win/Pico/pico-sdk/src/common/pico_time/time.c.obj
                0x10001694                sleep_until
 .text.sleep_us
                0x10001790       0x58 CMakeFiles/uart_xx1.dir/D_/win/Pico/pico-sdk/src/common/pico_time/time.c.obj
                0x10001790                sleep_us
 .text.sleep_ms
                0x100017e8       0x14 CMakeFiles/uart_xx1.dir/D_/win/Pico/pico-sdk/src/common/pico_time/time.c.obj
                0x100017e8                sleep_ms
 .text.best_effort_wfe_or_timeout
                0x100017fc       0xac CMakeFiles/uart_xx1.dir/D_/win/Pico/pico-sdk/src/common/pico_time/time.c.obj
                0x100017fc                best_effort_wfe_or_timeout
 .text.hardware_alarm_irq_handler
                0x100018a8       0x90 CMakeFiles/uart_xx1.dir/D_/win/Pico/pico-sdk/src/rp2_common/hardware_timer/timer.c.obj
 .text.hardware_alarm_claim
                0x10001938       0x18 CMakeFiles/uart_xx1.dir/D_/win/Pico/pico-sdk/src/rp2_common/hardware_timer/timer.c.obj
                0x10001938                hardware_alarm_claim
 .text.time_us_64
                0x10001950       0x18 CMakeFiles/uart_xx1.dir/D_/win/Pico/pico-sdk/src/rp2_common/hardware_timer/timer.c.obj
                0x10001950                time_us_64
 .text.busy_wait_until
                0x10001968       0x28 CMakeFiles/uart_xx1.dir/D_/win/Pico/pico-sdk/src/rp2_common/hardware_timer/timer.c.obj
                0x10001968                busy_wait_until
 .text.hardware_alarm_set_callback
                0x10001990       0x90 CMakeFiles/uart_xx1.dir/D_/win/Pico/pico-sdk/src/rp2_common/hardware_timer/timer.c.obj
                0x10001990                hardware_alarm_set_callback
 .text.hardware_alarm_set_target
                0x10001a20       0xe8 CMakeFiles/uart_xx1.dir/D_/win/Pico/pico-sdk/src/rp2_common/hardware_timer/timer.c.obj
                0x10001a20                hardware_alarm_set_target
 .text.hardware_alarm_cancel
                0x10001b08       0x40 CMakeFiles/uart_xx1.dir/D_/win/Pico/pico-sdk/src/rp2_common/hardware_timer/timer.c.obj
                0x10001b08                hardware_alarm_cancel
 .text.ph_add_child_node
                0x10001b48       0xa4 CMakeFiles/uart_xx1.dir/D_/win/Pico/pico-sdk/src/common/pico_util/pheap.c.obj
 .text.ph_merge_nodes
                0x10001bec       0x3e CMakeFiles/uart_xx1.dir/D_/win/Pico/pico-sdk/src/common/pico_util/pheap.c.obj
 *fill*         0x10001c2a        0x2 
 .text.ph_clear
                0x10001c2c       0x70 CMakeFiles/uart_xx1.dir/D_/win/Pico/pico-sdk/src/common/pico_util/pheap.c.obj
                0x10001c2c                ph_clear
 .text.ph_post_alloc_init
                0x10001c9c        0xe CMakeFiles/uart_xx1.dir/D_/win/Pico/pico-sdk/src/common/pico_util/pheap.c.obj
                0x10001c9c                ph_post_alloc_init
 *fill*         0x10001caa        0x2 
 .text.ph_merge_two_pass
                0x10001cac       0xa8 CMakeFiles/uart_xx1.dir/D_/win/Pico/pico-sdk/src/common/pico_util/pheap.c.obj
                0x10001cac                ph_merge_two_pass
 .text.ph_remove_any_head
                0x10001d54      0x128 CMakeFiles/uart_xx1.dir/D_/win/Pico/pico-sdk/src/common/pico_util/pheap.c.obj
 .text.ph_remove_head
                0x10001e7c       0x14 CMakeFiles/uart_xx1.dir/D_/win/Pico/pico-sdk/src/common/pico_util/pheap.c.obj
                0x10001e7c                ph_remove_head
 .text.ph_remove_and_free_node
                0x10001e90       0xf8 CMakeFiles/uart_xx1.dir/D_/win/Pico/pico-sdk/src/common/pico_util/pheap.c.obj
                0x10001e90                ph_remove_and_free_node
 .text.uart_set_baudrate
                0x10001f88       0x5c CMakeFiles/uart_xx1.dir/D_/win/Pico/pico-sdk/src/rp2_common/hardware_uart/uart.c.obj
                0x10001f88                uart_set_baudrate
 .text.uart_set_translate_crlf
                0x10001fe4       0x28 CMakeFiles/uart_xx1.dir/D_/win/Pico/pico-sdk/src/rp2_common/hardware_uart/uart.c.obj
                0x10001fe4                uart_set_translate_crlf
 .text.uart_init
                0x1000200c       0x80 CMakeFiles/uart_xx1.dir/D_/win/Pico/pico-sdk/src/rp2_common/hardware_uart/uart.c.obj
                0x1000200c                uart_init
 .text.clock_configure
                0x1000208c      0x104 CMakeFiles/uart_xx1.dir/D_/win/Pico/pico-sdk/src/rp2_common/hardware_clocks/clocks.c.obj
                0x1000208c                clock_configure
 .text.clocks_init
                0x10002190      0x100 CMakeFiles/uart_xx1.dir/D_/win/Pico/pico-sdk/src/rp2_common/hardware_clocks/clocks.c.obj
                0x10002190                clocks_init
 .text.clock_get_hz
                0x10002290        0xc CMakeFiles/uart_xx1.dir/D_/win/Pico/pico-sdk/src/rp2_common/hardware_clocks/clocks.c.obj
                0x10002290                clock_get_hz
 .text.pll_init
                0x1000229c      0x12c CMakeFiles/uart_xx1.dir/D_/win/Pico/pico-sdk/src/rp2_common/hardware_pll/pll.c.obj
                0x1000229c                pll_init
 .text.watchdog_start_tick
                0x100023c8       0x10 CMakeFiles/uart_xx1.dir/D_/win/Pico/pico-sdk/src/rp2_common/hardware_watchdog/watchdog.c.obj
                0x100023c8                watchdog_start_tick
 .text.xosc_init
                0x100023d8       0x28 CMakeFiles/uart_xx1.dir/D_/win/Pico/pico-sdk/src/rp2_common/hardware_xosc/xosc.c.obj
                0x100023d8                xosc_init
 .text._exit    0x10002400        0x4 CMakeFiles/uart_xx1.dir/D_/win/Pico/pico-sdk/src/rp2_common/pico_runtime/runtime.c.obj
                0x10002400                _exit
 .text._sbrk    0x10002404       0x38 CMakeFiles/uart_xx1.dir/D_/win/Pico/pico-sdk/src/rp2_common/pico_runtime/runtime.c.obj
                0x10002404                _sbrk
 .text.exit     0x1000243c        0x6 CMakeFiles/uart_xx1.dir/D_/win/Pico/pico-sdk/src/rp2_common/pico_runtime/runtime.c.obj
                0x1000243c                exit
 *fill*         0x10002442        0x2 
 .text.__assert_func
                0x10002444       0x3c CMakeFiles/uart_xx1.dir/D_/win/Pico/pico-sdk/src/rp2_common/pico_runtime/runtime.c.obj
                0x10002444                __assert_func
 .text.runtime_init
                0x10002480       0xf8 CMakeFiles/uart_xx1.dir/D_/win/Pico/pico-sdk/src/rp2_common/pico_runtime/runtime.c.obj
                0x10002480                runtime_init
 .text.panic    0x10002578       0x30 CMakeFiles/uart_xx1.dir/D_/win/Pico/pico-sdk/src/rp2_common/pico_runtime/runtime.c.obj
                0x10002578                panic
 .text._out_null
                0x100025a8        0x2 CMakeFiles/uart_xx1.dir/D_/win/Pico/pico-sdk/src/rp2_common/pico_printf/printf.c.obj
 .text._out_fct
                0x100025aa        0xe CMakeFiles/uart_xx1.dir/D_/win/Pico/pico-sdk/src/rp2_common/pico_printf/printf.c.obj
 .text._atoi    0x100025b8       0x24 CMakeFiles/uart_xx1.dir/D_/win/Pico/pico-sdk/src/rp2_common/pico_printf/printf.c.obj
 .text._out_rev
                0x100025dc       0xae CMakeFiles/uart_xx1.dir/D_/win/Pico/pico-sdk/src/rp2_common/pico_printf/printf.c.obj
 .text._ntoa_format
                0x1000268a      0x112 CMakeFiles/uart_xx1.dir/D_/win/Pico/pico-sdk/src/rp2_common/pico_printf/printf.c.obj
 .text._ntoa_long
                0x1000279c       0xbc CMakeFiles/uart_xx1.dir/D_/win/Pico/pico-sdk/src/rp2_common/pico_printf/printf.c.obj
 .text._ntoa_long_long
                0x10002858       0xe2 CMakeFiles/uart_xx1.dir/D_/win/Pico/pico-sdk/src/rp2_common/pico_printf/printf.c.obj
 *fill*         0x1000293a        0x2 
 .text._etoa    0x1000293c      0x414 CMakeFiles/uart_xx1.dir/D_/win/Pico/pico-sdk/src/rp2_common/pico_printf/printf.c.obj
 .text._ftoa    0x10002d50      0x354 CMakeFiles/uart_xx1.dir/D_/win/Pico/pico-sdk/src/rp2_common/pico_printf/printf.c.obj
 .text._vsnprintf
                0x100030a4      0x624 CMakeFiles/uart_xx1.dir/D_/win/Pico/pico-sdk/src/rp2_common/pico_printf/printf.c.obj
 .text.vfctprintf
                0x100036c8       0x20 CMakeFiles/uart_xx1.dir/D_/win/Pico/pico-sdk/src/rp2_common/pico_printf/printf.c.obj
                0x100036c8                vfctprintf
 .text          0x100036e8       0x10 CMakeFiles/uart_xx1.dir/D_/win/Pico/pico-sdk/src/rp2_common/pico_bit_ops/bit_ops_aeabi.S.obj
 .text.rom_func_lookup
                0x100036f8       0x10 CMakeFiles/uart_xx1.dir/D_/win/Pico/pico-sdk/src/rp2_common/pico_bootrom/bootrom.c.obj
                0x100036f8                rom_func_lookup
 .text.rom_data_lookup
                0x10003708       0x10 CMakeFiles/uart_xx1.dir/D_/win/Pico/pico-sdk/src/rp2_common/pico_bootrom/bootrom.c.obj
                0x10003708                rom_data_lookup
 .text.rom_funcs_lookup
                0x10003718       0x36 CMakeFiles/uart_xx1.dir/D_/win/Pico/pico-sdk/src/rp2_common/pico_bootrom/bootrom.c.obj
                0x10003718                rom_funcs_lookup
 *fill*         0x1000374e        0x2 
 .text.__wrap___aeabi_idiv
                0x10003750       0x50 CMakeFiles/uart_xx1.dir/D_/win/Pico/pico-sdk/src/rp2_common/pico_divider/divider.S.obj
                0x10003750                __wrap___aeabi_idivmod
                0x10003750                divmod_s32s32
                0x10003750                div_s32s32
                0x10003750                __wrap___aeabi_idiv
                0x10003758                divmod_s32s32_unsafe
                0x10003784                divmod_s32s32_savestate
 .text.__wrap___aeabi_uidiv
                0x100037a0       0x4c CMakeFiles/uart_xx1.dir/D_/win/Pico/pico-sdk/src/rp2_common/pico_divider/divider.S.obj
                0x100037a0                __wrap___aeabi_uidiv
                0x100037a0                __wrap___aeabi_uidivmod
                0x100037a0                div_u32u32
                0x100037a0                divmod_u32u32
                0x100037a8                divmod_u32u32_unsafe
                0x100037d0                divmod_u32u32_savestate
 .text.__wrap___aeabi_ldiv
                0x100037ec      0x424 CMakeFiles/uart_xx1.dir/D_/win/Pico/pico-sdk/src/rp2_common/pico_divider/divider.S.obj
                0x100037ec                div_s64s64
                0x100037ec                divmod_s64s64
                0x100037ec                __wrap___aeabi_ldivmod
                0x1000381c                divmod_u64u64
                0x1000381c                div_u64u64
                0x1000381c                __wrap___aeabi_uldivmod
                0x1000382c                divmod_u64u64_savestate
                0x1000384c                divmod_s64s64_unsafe
                0x100038d4                divmod_u64u64_unsafe
 .text.__wrap___aeabi_darithmetic
                0x10003c10       0x60 CMakeFiles/uart_xx1.dir/D_/win/Pico/pico-sdk/src/rp2_common/pico_double/double_aeabi.S.obj
                0x10003c10                __wrap___aeabi_drsub
                0x10003c16                __wrap___aeabi_dsub
                0x10003c20                __wrap___aeabi_dadd
                0x10003c2a                __wrap___aeabi_ddiv
                0x10003c5e                __wrap___aeabi_dmul
 .text.__wrap___aeabi_cdcmple
                0x10003c70       0x6c CMakeFiles/uart_xx1.dir/D_/win/Pico/pico-sdk/src/rp2_common/pico_double/double_aeabi.S.obj
                0x10003c70                __wrap___aeabi_cdrcmple
                0x10003c80                __wrap___aeabi_cdcmpeq
                0x10003c80                __wrap___aeabi_cdcmple
 .text.__wrap___aeabi_dcmplt
                0x10003cdc        0xc CMakeFiles/uart_xx1.dir/D_/win/Pico/pico-sdk/src/rp2_common/pico_double/double_aeabi.S.obj
                0x10003cdc                __wrap___aeabi_dcmplt
 .text.__wrap___aeabi_dcmple
                0x10003ce8       0x10 CMakeFiles/uart_xx1.dir/D_/win/Pico/pico-sdk/src/rp2_common/pico_double/double_aeabi.S.obj
                0x10003ce8                __wrap___aeabi_dcmple
 .text.__wrap___aeabi_dcmpge
                0x10003cf8       0x10 CMakeFiles/uart_xx1.dir/D_/win/Pico/pico-sdk/src/rp2_common/pico_double/double_aeabi.S.obj
                0x10003cf8                __wrap___aeabi_dcmpge
 .text.__wrap___aeabi_dcmpgt
                0x10003d08        0xa CMakeFiles/uart_xx1.dir/D_/win/Pico/pico-sdk/src/rp2_common/pico_double/double_aeabi.S.obj
                0x10003d08                __wrap___aeabi_dcmpgt
 .text.__wrap___aeabi_dcmpun
                0x10003d12       0x1c CMakeFiles/uart_xx1.dir/D_/win/Pico/pico-sdk/src/rp2_common/pico_double/double_aeabi.S.obj
                0x10003d12                __wrap___aeabi_dcmpun
 *fill*         0x10003d2e        0x2 
 .text.__wrap___aeabi_i2d
                0x10003d30       0x38 CMakeFiles/uart_xx1.dir/D_/win/Pico/pico-sdk/src/rp2_common/pico_double/double_aeabi.S.obj
                0x10003d30                __wrap___aeabi_ui2d
                0x10003d38                __wrap___aeabi_i2d
 .text.__wrap___aeabi_d2iz
                0x10003d68       0x48 CMakeFiles/uart_xx1.dir/D_/win/Pico/pico-sdk/src/rp2_common/pico_double/double_aeabi.S.obj
                0x10003d68                double2int_z
                0x10003d68                __wrap___aeabi_d2iz
 .text.__wrap___aeabi_d2uiz
                0x10003db0       0x10 CMakeFiles/uart_xx1.dir/D_/win/Pico/pico-sdk/src/rp2_common/pico_double/double_aeabi.S.obj
                0x10003db0                __wrap___aeabi_d2uiz
                0x10003db0                double2uint
 .text.missing_double_func_shim
                0x10003dc0        0xc CMakeFiles/uart_xx1.dir/D_/win/Pico/pico-sdk/src/rp2_common/pico_double/double_init_rom.c.obj
 .text.__aeabi_double_init
                0x10003dcc       0xcc CMakeFiles/uart_xx1.dir/D_/win/Pico/pico-sdk/src/rp2_common/pico_double/double_init_rom.c.obj
                0x10003dcc                __aeabi_double_init
 .text.double_table_shim_on_use_helper
                0x10003e98       0x34 CMakeFiles/uart_xx1.dir/D_/win/Pico/pico-sdk/src/rp2_common/pico_double/double_v1_rom_shim.S.obj
                0x10003e98                double_table_shim_on_use_helper
 .text.__aeabi_lmul
                0x10003ecc       0x32 CMakeFiles/uart_xx1.dir/D_/win/Pico/pico-sdk/src/rp2_common/pico_int64_ops/pico_int64_ops_aeabi.S.obj
                0x10003ecc                __wrap___aeabi_lmul
 *fill*         0x10003efe        0x2 
 .text.missing_float_func_shim
                0x10003f00        0xc CMakeFiles/uart_xx1.dir/D_/win/Pico/pico-sdk/src/rp2_common/pico_float/float_init_rom.c.obj
 .text.__aeabi_float_init
                0x10003f0c       0x88 CMakeFiles/uart_xx1.dir/D_/win/Pico/pico-sdk/src/rp2_common/pico_float/float_init_rom.c.obj
                0x10003f0c                __aeabi_float_init
 .text.__wrap_calloc
                0x10003f94       0x24 CMakeFiles/uart_xx1.dir/D_/win/Pico/pico-sdk/src/rp2_common/pico_malloc/pico_malloc.c.obj
                0x10003f94                __wrap_calloc
 .text          0x10003fb8       0x10 CMakeFiles/uart_xx1.dir/D_/win/Pico/pico-sdk/src/rp2_common/pico_mem_ops/mem_ops_aeabi.S.obj
                0x10003fb8                __aeabi_mem_init
 .text.memset   0x10003fc8        0xc CMakeFiles/uart_xx1.dir/D_/win/Pico/pico-sdk/src/rp2_common/pico_mem_ops/mem_ops_aeabi.S.obj
                0x10003fc8                __wrap_memset
 .text.memcpy   0x10003fd4        0xc CMakeFiles/uart_xx1.dir/D_/win/Pico/pico-sdk/src/rp2_common/pico_mem_ops/mem_ops_aeabi.S.obj
                0x10003fd4                __wrap_memcpy
                0x10003fd4                __wrap___aeabi_memcpy
 .text.stdio_out_chars_no_crlf
                0x10003fe0        0xe CMakeFiles/uart_xx1.dir/D_/win/Pico/pico-sdk/src/rp2_common/pico_stdio/stdio.c.obj
 *fill*         0x10003fee        0x2 
 .text.stdio_out_chars_crlf
                0x10003ff0       0x80 CMakeFiles/uart_xx1.dir/D_/win/Pico/pico-sdk/src/rp2_common/pico_stdio/stdio.c.obj
 .text.stdio_stack_buffer_flush
                0x10004070       0x44 CMakeFiles/uart_xx1.dir/D_/win/Pico/pico-sdk/src/rp2_common/pico_stdio/stdio.c.obj
 .text.stdio_buffered_printer
                0x100040b4       0x20 CMakeFiles/uart_xx1.dir/D_/win/Pico/pico-sdk/src/rp2_common/pico_stdio/stdio.c.obj
 .text.stdout_serialize_begin
                0x100040d4       0x5c CMakeFiles/uart_xx1.dir/D_/win/Pico/pico-sdk/src/rp2_common/pico_stdio/stdio.c.obj
                0x100040d4                stdout_serialize_begin
 .text.stdout_serialize_end
                0x10004130       0x10 CMakeFiles/uart_xx1.dir/D_/win/Pico/pico-sdk/src/rp2_common/pico_stdio/stdio.c.obj
                0x10004130                stdout_serialize_end
 .text.stdio_put_string
                0x10004140       0x98 CMakeFiles/uart_xx1.dir/D_/win/Pico/pico-sdk/src/rp2_common/pico_stdio/stdio.c.obj
 .text.stdio_set_driver_enabled
                0x100041d8       0x2c CMakeFiles/uart_xx1.dir/D_/win/Pico/pico-sdk/src/rp2_common/pico_stdio/stdio.c.obj
                0x100041d8                stdio_set_driver_enabled
 .text.stdio_flush
                0x10004204       0x20 CMakeFiles/uart_xx1.dir/D_/win/Pico/pico-sdk/src/rp2_common/pico_stdio/stdio.c.obj
                0x10004204                stdio_flush
 .text.__wrap_puts
                0x10004224       0x1e CMakeFiles/uart_xx1.dir/D_/win/Pico/pico-sdk/src/rp2_common/pico_stdio/stdio.c.obj
                0x10004224                __wrap_puts
 *fill*         0x10004242        0x2 
 .text.__wrap_vprintf
                0x10004244       0x40 CMakeFiles/uart_xx1.dir/D_/win/Pico/pico-sdk/src/rp2_common/pico_stdio/stdio.c.obj
                0x10004244                __wrap_vprintf
 .text.__wrap_printf
                0x10004284       0x18 CMakeFiles/uart_xx1.dir/D_/win/Pico/pico-sdk/src/rp2_common/pico_stdio/stdio.c.obj
                0x10004284                __wrap_printf
 .text.stdio_init_all
                0x1000429c        0xa CMakeFiles/uart_xx1.dir/D_/win/Pico/pico-sdk/src/rp2_common/pico_stdio/stdio.c.obj
                0x1000429c                stdio_init_all
 *fill*         0x100042a6        0x2 
 .text.stdio_uart_out_chars
                0x100042a8       0x74 CMakeFiles/uart_xx1.dir/D_/win/Pico/pico-sdk/src/rp2_common/pico_stdio_uart/stdio_uart.c.obj
 .text.stdio_uart_in_chars
                0x1000431c       0x80 CMakeFiles/uart_xx1.dir/D_/win/Pico/pico-sdk/src/rp2_common/pico_stdio_uart/stdio_uart.c.obj
                0x1000431c                stdio_uart_in_chars
 .text.on_uart_rx
                0x1000439c       0x28 CMakeFiles/uart_xx1.dir/D_/win/Pico/pico-sdk/src/rp2_common/pico_stdio_uart/stdio_uart.c.obj
 .text.stdio_uart_set_chars_available_callback
                0x100043c4       0x8c CMakeFiles/uart_xx1.dir/D_/win/Pico/pico-sdk/src/rp2_common/pico_stdio_uart/stdio_uart.c.obj
 .text.stdio_uart_init_full
                0x10004450       0x44 CMakeFiles/uart_xx1.dir/D_/win/Pico/pico-sdk/src/rp2_common/pico_stdio_uart/stdio_uart.c.obj
                0x10004450                stdio_uart_init_full
 .text.stdio_uart_init
                0x10004494       0x28 CMakeFiles/uart_xx1.dir/D_/win/Pico/pico-sdk/src/rp2_common/pico_stdio_uart/stdio_uart.c.obj
                0x10004494                stdio_uart_init
 .text.calloc   0x100044bc       0x18 d:/win/pico/gcc-arm-none-eabi/bin/../lib/gcc/arm-none-eabi/10.3.1/../../../../arm-none-eabi/lib/thumb/v6-m/nofp\libg.a(lib_a-calloc.o)
                0x100044bc                calloc
 .text._calloc_r
                0x100044d4       0x9c d:/win/pico/gcc-arm-none-eabi/bin/../lib/gcc/arm-none-eabi/10.3.1/../../../../arm-none-eabi/lib/thumb/v6-m/nofp\libg.a(lib_a-callocr.o)
                0x100044d4                _calloc_r
 .text.__errno  0x10004570        0xc d:/win/pico/gcc-arm-none-eabi/bin/../lib/gcc/arm-none-eabi/10.3.1/../../../../arm-none-eabi/lib/thumb/v6-m/nofp\libg.a(lib_a-errno.o)
                0x10004570                __errno
 .text._malloc_r
                0x1000457c      0x584 d:/win/pico/gcc-arm-none-eabi/bin/../lib/gcc/arm-none-eabi/10.3.1/../../../../arm-none-eabi/lib/thumb/v6-m/nofp\libg.a(lib_a-mallocr.o)
                0x1000457c                _malloc_r
 .text.__malloc_lock
                0x10004b00       0x10 d:/win/pico/gcc-arm-none-eabi/bin/../lib/gcc/arm-none-eabi/10.3.1/../../../../arm-none-eabi/lib/thumb/v6-m/nofp\libg.a(lib_a-mlock.o)
                0x10004b00                __malloc_lock
 .text.__malloc_unlock
                0x10004b10       0x10 d:/win/pico/gcc-arm-none-eabi/bin/../lib/gcc/arm-none-eabi/10.3.1/../../../../arm-none-eabi/lib/thumb/v6-m/nofp\libg.a(lib_a-mlock.o)
                0x10004b10                __malloc_unlock
 .text._sbrk_r  0x10004b20       0x24 d:/win/pico/gcc-arm-none-eabi/bin/../lib/gcc/arm-none-eabi/10.3.1/../../../../arm-none-eabi/lib/thumb/v6-m/nofp\libg.a(lib_a-sbrkr.o)
                0x10004b20                _sbrk_r
 .text.strchr   0x10004b44       0xc0 d:/win/pico/gcc-arm-none-eabi/bin/../lib/gcc/arm-none-eabi/10.3.1/../../../../arm-none-eabi/lib/thumb/v6-m/nofp\libg.a(lib_a-strchr.o)
                0x10004b44                strchr
 .text.strlen   0x10004c04       0x5c d:/win/pico/gcc-arm-none-eabi/bin/../lib/gcc/arm-none-eabi/10.3.1/../../../../arm-none-eabi/lib/thumb/v6-m/nofp\libg.a(lib_a-strlen-stub.o)
                0x10004c04                strlen
 .text._malloc_trim_r
                0x10004c60       0x9c d:/win/pico/gcc-arm-none-eabi/bin/../lib/gcc/arm-none-eabi/10.3.1/../../../../arm-none-eabi/lib/thumb/v6-m/nofp\libg.a(lib_a-freer.o)
                0x10004c60                _malloc_trim_r
 .text._free_r  0x10004cfc      0x1c4 d:/win/pico/gcc-arm-none-eabi/bin/../lib/gcc/arm-none-eabi/10.3.1/../../../../arm-none-eabi/lib/thumb/v6-m/nofp\libg.a(lib_a-freer.o)
                0x10004cfc                _free_r
 .text.__retarget_lock_acquire_recursive
                0x10004ec0        0x4 d:/win/pico/gcc-arm-none-eabi/bin/../lib/gcc/arm-none-eabi/10.3.1/../../../../arm-none-eabi/lib/thumb/v6-m/nofp\libg.a(lib_a-lock.o)
                0x10004ec0                __retarget_lock_acquire_recursive
 .text.__retarget_lock_release_recursive
                0x10004ec4        0x4 d:/win/pico/gcc-arm-none-eabi/bin/../lib/gcc/arm-none-eabi/10.3.1/../../../../arm-none-eabi/lib/thumb/v6-m/nofp\libg.a(lib_a-lock.o)
                0x10004ec4                __retarget_lock_release_recursive
 *(.fini)
 .fini          0x10004ec8        0x4 d:/win/pico/gcc-arm-none-eabi/bin/../lib/gcc/arm-none-eabi/10.3.1/thumb/v6-m/nofp/crti.o
                0x10004ec8                _fini
 *fill*         0x10004ecc        0x4 
 .fini.__stub   0x10004ed0       0x40 linker stubs
 *crtbegin.o(.ctors)
 *crtbegin?.o(.ctors)
 *(EXCLUDE_FILE(*crtend.o *crtend?.o) .ctors)
 *(SORT_BY_NAME(.ctors.*))
 *(.ctors)
 *crtbegin.o(.dtors)
 *crtbegin?.o(.dtors)
 *(EXCLUDE_FILE(*crtend.o *crtend?.o) .dtors)
 *(SORT_BY_NAME(.dtors.*))
 *(.dtors)
 *(.eh_frame*)
 .eh_frame      0x10004f10        0x0 d:/win/pico/gcc-arm-none-eabi/bin/../lib/gcc/arm-none-eabi/10.3.1/thumb/v6-m/nofp/crtbegin.o
                0x10004f10                . = ALIGN (0x4)

.glue_7         0x10004f10        0x0
 .glue_7        0x10004f10        0x0 linker stubs

.glue_7t        0x10004f10        0x0
 .glue_7t       0x10004f10        0x0 linker stubs

.vfp11_veneer   0x10004f10        0x0
 .vfp11_veneer  0x10004f10        0x0 linker stubs

.v4_bx          0x10004f10        0x0
 .v4_bx         0x10004f10        0x0 linker stubs

.iplt           0x10004f10        0x0
 .iplt          0x10004f10        0x0 d:/win/pico/gcc-arm-none-eabi/bin/../lib/gcc/arm-none-eabi/10.3.1/thumb/v6-m/nofp/crtbegin.o

.rodata         0x10004f10     0x10a4
 *(EXCLUDE_FILE(*libm.a: *libc.a:*lib_a-mem*.o *libgcc.a:) .rodata*)
 .rodata.main.str1.4
                0x10004f10       0x8d CMakeFiles/uart_xx1.dir/main.c.obj
 *fill*         0x10004f9d        0x3 
 .rodata.make_branch.str1.4
                0x10004fa0       0x67 CMakeFiles/uart_xx1.dir/D_/win/Pico/pico-sdk/src/rp2_common/hardware_irq/irq.c.obj
 *fill*         0x10005007        0x1 
 .rodata.insert_branch_and_link.str1.4
                0x10005008       0x10 CMakeFiles/uart_xx1.dir/D_/win/Pico/pico-sdk/src/rp2_common/hardware_irq/irq.c.obj
 .rodata.irq_set_exclusive_handler.str1.4
                0x10005018       0x36 CMakeFiles/uart_xx1.dir/D_/win/Pico/pico-sdk/src/rp2_common/hardware_irq/irq.c.obj
 *fill*         0x1000504e        0x2 
 .rodata.irq_add_shared_handler.str1.4
                0x10005050       0xd9 CMakeFiles/uart_xx1.dir/D_/win/Pico/pico-sdk/src/rp2_common/hardware_irq/irq.c.obj
 *fill*         0x10005129        0x3 
 .rodata.irq_remove_handler.str1.4
                0x1000512c       0x3a CMakeFiles/uart_xx1.dir/D_/win/Pico/pico-sdk/src/rp2_common/hardware_irq/irq.c.obj
 *fill*         0x10005166        0x2 
 .rodata.irq_add_tail_to_free_list.str1.4
                0x10005168       0x3a CMakeFiles/uart_xx1.dir/D_/win/Pico/pico-sdk/src/rp2_common/hardware_irq/irq.c.obj
 *fill*         0x100051a2        0x2 
 .rodata.__func__.0
                0x100051a4       0x1a CMakeFiles/uart_xx1.dir/D_/win/Pico/pico-sdk/src/rp2_common/hardware_irq/irq.c.obj
 *fill*         0x100051be        0x2 
 .rodata.__func__.1
                0x100051c0       0x17 CMakeFiles/uart_xx1.dir/D_/win/Pico/pico-sdk/src/rp2_common/hardware_irq/irq.c.obj
 *fill*         0x100051d7        0x1 
 .rodata.__func__.2
                0x100051d8       0x13 CMakeFiles/uart_xx1.dir/D_/win/Pico/pico-sdk/src/rp2_common/hardware_irq/irq.c.obj
 *fill*         0x100051eb        0x1 
 .rodata.__func__.3
                0x100051ec        0xc CMakeFiles/uart_xx1.dir/D_/win/Pico/pico-sdk/src/rp2_common/hardware_irq/irq.c.obj
 .rodata.__func__.4
                0x100051f8        0xf CMakeFiles/uart_xx1.dir/D_/win/Pico/pico-sdk/src/rp2_common/hardware_irq/irq.c.obj
 *fill*         0x10005207        0x1 
 .rodata.__func__.6
                0x10005208       0x1a CMakeFiles/uart_xx1.dir/D_/win/Pico/pico-sdk/src/rp2_common/hardware_irq/irq.c.obj
 *fill*         0x10005222        0x2 
 .rodata.str1.4
                0x10005224       0xe1 CMakeFiles/uart_xx1.dir/D_/win/Pico/pico-sdk/src/common/pico_sync/mutex.c.obj
 *fill*         0x10005305        0x3 
 .rodata.__func__.1
                0x10005308        0xb CMakeFiles/uart_xx1.dir/D_/win/Pico/pico-sdk/src/common/pico_sync/mutex.c.obj
 *fill*         0x10005313        0x1 
 .rodata.__func__.3
                0x10005314       0x18 CMakeFiles/uart_xx1.dir/D_/win/Pico/pico-sdk/src/common/pico_sync/mutex.c.obj
 .rodata.repeating_timer_callback.str1.4
                0x1000532c       0x45 CMakeFiles/uart_xx1.dir/D_/win/Pico/pico-sdk/src/common/pico_time/time.c.obj
 *fill*         0x10005371        0x3 
 .rodata.timer_pool_entry_comparator.str1.4
                0x10005374       0x22 CMakeFiles/uart_xx1.dir/D_/win/Pico/pico-sdk/src/common/pico_time/time.c.obj
 *fill*         0x10005396        0x2 
 .rodata.ph_add_child_node.str1.4
                0x10005398       0x8e CMakeFiles/uart_xx1.dir/D_/win/Pico/pico-sdk/src/common/pico_time/time.c.obj
 *fill*         0x10005426        0x2 
 .rodata.add_alarm_under_lock.str1.4
                0x10005428       0x28 CMakeFiles/uart_xx1.dir/D_/win/Pico/pico-sdk/src/common/pico_time/time.c.obj
                                 0x2b (size before relaxing)
 .rodata.alarm_pool_alarm_callback.str1.4
                0x10005450       0x98 CMakeFiles/uart_xx1.dir/D_/win/Pico/pico-sdk/src/common/pico_time/time.c.obj
                                 0xf4 (size before relaxing)
 .rodata.alarm_pool_get_default.str1.4
                0x100054e8       0x21 CMakeFiles/uart_xx1.dir/D_/win/Pico/pico-sdk/src/common/pico_time/time.c.obj
 *fill*         0x10005509        0x3 
 .rodata.alarm_pool_cancel_alarm.str1.4
                0x1000550c       0x27 CMakeFiles/uart_xx1.dir/D_/win/Pico/pico-sdk/src/common/pico_time/time.c.obj
 *fill*         0x10005533        0x1 
 .rodata.sleep_until.str1.4
                0x10005534       0x4d CMakeFiles/uart_xx1.dir/D_/win/Pico/pico-sdk/src/common/pico_time/time.c.obj
 *fill*         0x10005581        0x3 
 .rodata.__func__.1
                0x10005584       0x18 CMakeFiles/uart_xx1.dir/D_/win/Pico/pico-sdk/src/common/pico_time/time.c.obj
 .rodata.__func__.10
                0x1000559c       0x15 CMakeFiles/uart_xx1.dir/D_/win/Pico/pico-sdk/src/common/pico_time/time.c.obj
 *fill*         0x100055b1        0x3 
 .rodata.__func__.11
                0x100055b4       0x1a CMakeFiles/uart_xx1.dir/D_/win/Pico/pico-sdk/src/common/pico_time/time.c.obj
 *fill*         0x100055ce        0x2 
 .rodata.__func__.12
                0x100055d0        0xa CMakeFiles/uart_xx1.dir/D_/win/Pico/pico-sdk/src/common/pico_time/time.c.obj
 *fill*         0x100055da        0x2 
 .rodata.__func__.3
                0x100055dc       0x17 CMakeFiles/uart_xx1.dir/D_/win/Pico/pico-sdk/src/common/pico_time/time.c.obj
 *fill*         0x100055f3        0x1 
 .rodata.__func__.4
                0x100055f4       0x12 CMakeFiles/uart_xx1.dir/D_/win/Pico/pico-sdk/src/common/pico_time/time.c.obj
 *fill*         0x10005606        0x2 
 .rodata.__func__.5
                0x10005608        0xd CMakeFiles/uart_xx1.dir/D_/win/Pico/pico-sdk/src/common/pico_time/time.c.obj
 *fill*         0x10005615        0x3 
 .rodata.__func__.6
                0x10005618       0x12 CMakeFiles/uart_xx1.dir/D_/win/Pico/pico-sdk/src/common/pico_time/time.c.obj
 *fill*         0x1000562a        0x2 
 .rodata.__func__.7
                0x1000562c        0xf CMakeFiles/uart_xx1.dir/D_/win/Pico/pico-sdk/src/common/pico_time/time.c.obj
 *fill*         0x1000563b        0x1 
 .rodata.__func__.8
                0x1000563c        0xc CMakeFiles/uart_xx1.dir/D_/win/Pico/pico-sdk/src/common/pico_time/time.c.obj
 .rodata.__func__.9
                0x10005648       0x15 CMakeFiles/uart_xx1.dir/D_/win/Pico/pico-sdk/src/common/pico_time/time.c.obj
 *fill*         0x1000565d        0x3 
 .rodata.hardware_alarm_claim.str1.4
                0x10005660       0x22 CMakeFiles/uart_xx1.dir/D_/win/Pico/pico-sdk/src/rp2_common/hardware_timer/timer.c.obj
 *fill*         0x10005682        0x2 
 .rodata.hardware_alarm_set_target.str1.4
                0x10005684       0x5f CMakeFiles/uart_xx1.dir/D_/win/Pico/pico-sdk/src/rp2_common/hardware_timer/timer.c.obj
 *fill*         0x100056e3        0x1 
 .rodata.__func__.0
                0x100056e4       0x1a CMakeFiles/uart_xx1.dir/D_/win/Pico/pico-sdk/src/rp2_common/hardware_timer/timer.c.obj
 .rodata.ph_add_child_node.str1.4
                0x100056fe       0x8e CMakeFiles/uart_xx1.dir/D_/win/Pico/pico-sdk/src/common/pico_util/pheap.c.obj
 *fill*         0x100056fe        0x2 
 .rodata.ph_remove_any_head.str1.4
                0x10005700       0x88 CMakeFiles/uart_xx1.dir/D_/win/Pico/pico-sdk/src/common/pico_util/pheap.c.obj
                                 0x9c (size before relaxing)
 .rodata.ph_remove_and_free_node.str1.4
                0x10005788       0x1e CMakeFiles/uart_xx1.dir/D_/win/Pico/pico-sdk/src/common/pico_util/pheap.c.obj
                                 0x26 (size before relaxing)
 *fill*         0x100057a6        0x2 
 .rodata.__func__.0
                0x100057a8       0x18 CMakeFiles/uart_xx1.dir/D_/win/Pico/pico-sdk/src/common/pico_util/pheap.c.obj
 .rodata.__func__.1
                0x100057c0       0x13 CMakeFiles/uart_xx1.dir/D_/win/Pico/pico-sdk/src/common/pico_util/pheap.c.obj
 *fill*         0x100057d3        0x1 
 .rodata.__func__.2
                0x100057d4       0x12 CMakeFiles/uart_xx1.dir/D_/win/Pico/pico-sdk/src/common/pico_util/pheap.c.obj
 *fill*         0x100057e6        0x2 
 .rodata.__func__.3
                0x100057e8        0xc CMakeFiles/uart_xx1.dir/D_/win/Pico/pico-sdk/src/common/pico_util/pheap.c.obj
 .rodata.clock_configure.str1.4
                0x100057f4       0x51 CMakeFiles/uart_xx1.dir/D_/win/Pico/pico-sdk/src/rp2_common/hardware_clocks/clocks.c.obj
 *fill*         0x10005845        0x3 
 .rodata.__func__.1
                0x10005848       0x10 CMakeFiles/uart_xx1.dir/D_/win/Pico/pico-sdk/src/rp2_common/hardware_clocks/clocks.c.obj
 .rodata.pll_init.str1.4
                0x10005858      0x11b CMakeFiles/uart_xx1.dir/D_/win/Pico/pico-sdk/src/rp2_common/hardware_pll/pll.c.obj
 *fill*         0x10005973        0x1 
 .rodata.__func__.0
                0x10005974        0x9 CMakeFiles/uart_xx1.dir/D_/win/Pico/pico-sdk/src/rp2_common/hardware_pll/pll.c.obj
 *fill*         0x1000597d        0x3 
 .rodata.__assert_func.str1.4
                0x10005980       0x3f CMakeFiles/uart_xx1.dir/D_/win/Pico/pico-sdk/src/rp2_common/pico_runtime/runtime.c.obj
                                 0x43 (size before relaxing)
 *fill*         0x100059bf        0x1 
 .rodata.runtime_init.str1.4
                0x100059c0       0x5b CMakeFiles/uart_xx1.dir/D_/win/Pico/pico-sdk/src/rp2_common/pico_runtime/runtime.c.obj
 *fill*         0x10005a1b        0x1 
 .rodata.panic.str1.4
                0x10005a1c       0x12 CMakeFiles/uart_xx1.dir/D_/win/Pico/pico-sdk/src/rp2_common/pico_runtime/runtime.c.obj
 *fill*         0x10005a2e        0x2 
 .rodata.__func__.2
                0x10005a30        0xd CMakeFiles/uart_xx1.dir/D_/win/Pico/pico-sdk/src/rp2_common/pico_runtime/runtime.c.obj
 *fill*         0x10005a3d        0x3 
 .rodata._ftoa.str1.4
                0x10005a40       0x15 CMakeFiles/uart_xx1.dir/D_/win/Pico/pico-sdk/src/rp2_common/pico_printf/printf.c.obj
 *fill*         0x10005a55        0x3 
 .rodata._vsnprintf
                0x10005a58      0x1e0 CMakeFiles/uart_xx1.dir/D_/win/Pico/pico-sdk/src/rp2_common/pico_printf/printf.c.obj
 .rodata.pow10.0
                0x10005c38       0x50 CMakeFiles/uart_xx1.dir/D_/win/Pico/pico-sdk/src/rp2_common/pico_printf/printf.c.obj
 .rodata.missing_double_func_shim.str1.4
                0x10005c88       0x18 CMakeFiles/uart_xx1.dir/D_/win/Pico/pico-sdk/src/rp2_common/pico_double/double_init_rom.c.obj
 .rodata.__aeabi_double_init.str1.4
                0x10005ca0       0xa2 CMakeFiles/uart_xx1.dir/D_/win/Pico/pico-sdk/src/rp2_common/pico_double/double_init_rom.c.obj
 *fill*         0x10005d42        0x2 
 .rodata.__func__.0
                0x10005d44       0x14 CMakeFiles/uart_xx1.dir/D_/win/Pico/pico-sdk/src/rp2_common/pico_double/double_init_rom.c.obj
 .rodata.missing_float_func_shim.str1.4
                0x10005d58        0x1 CMakeFiles/uart_xx1.dir/D_/win/Pico/pico-sdk/src/rp2_common/pico_float/float_init_rom.c.obj
 .rodata.__aeabi_float_init.str1.4
                0x10005d58       0x74 CMakeFiles/uart_xx1.dir/D_/win/Pico/pico-sdk/src/rp2_common/pico_float/float_init_rom.c.obj
 .rodata.__func__.0
                0x10005dcc       0x13 CMakeFiles/uart_xx1.dir/D_/win/Pico/pico-sdk/src/rp2_common/pico_float/float_init_rom.c.obj
 *fill*         0x10005ddf        0x1 
 .rodata.__wrap_malloc.str1.4
                0x10005de0        0xe CMakeFiles/uart_xx1.dir/D_/win/Pico/pico-sdk/src/rp2_common/pico_malloc/pico_malloc.c.obj
 *fill*         0x10005dee        0x2 
 .rodata.str1.4
                0x10005df0       0x40 CMakeFiles/uart_xx1.dir/D_/win/Pico/pico-sdk/src/rp2_common/pico_standard_link/binary_info.c.obj
 .rodata.__bi_44
                0x10005e30        0xc CMakeFiles/uart_xx1.dir/D_/win/Pico/pico-sdk/src/rp2_common/pico_standard_link/binary_info.c.obj
 .rodata.__bi_75
                0x10005e3c        0xc CMakeFiles/uart_xx1.dir/D_/win/Pico/pico-sdk/src/rp2_common/pico_standard_link/binary_info.c.obj
 .rodata.__bi_81
                0x10005e48        0xc CMakeFiles/uart_xx1.dir/D_/win/Pico/pico-sdk/src/rp2_common/pico_standard_link/binary_info.c.obj
 .rodata.stdout_serialize_begin.str1.4
                0x10005e54       0x5b CMakeFiles/uart_xx1.dir/D_/win/Pico/pico-sdk/src/rp2_common/pico_stdio/stdio.c.obj
 .rodata.__func__.3
                0x10005e54       0x15 CMakeFiles/uart_xx1.dir/D_/win/Pico/pico-sdk/src/rp2_common/pico_stdio/stdio.c.obj
 *fill*         0x10005e69        0x3 
 .rodata.crlf_str.2
                0x10005e6c        0x2 CMakeFiles/uart_xx1.dir/D_/win/Pico/pico-sdk/src/rp2_common/pico_stdio/stdio.c.obj
 *fill*         0x10005e6e        0x2 
 .rodata.str1.4
                0x10005e70       0x2c CMakeFiles/uart_xx1.dir/D_/win/Pico/pico-sdk/src/rp2_common/pico_stdio_uart/stdio_uart.c.obj
 .rodata.__bi_33.4
                0x10005e9c        0xc CMakeFiles/uart_xx1.dir/D_/win/Pico/pico-sdk/src/rp2_common/pico_stdio_uart/stdio_uart.c.obj
 .rodata.__bi_34.5
                0x10005ea8        0x8 CMakeFiles/uart_xx1.dir/D_/win/Pico/pico-sdk/src/rp2_common/pico_stdio_uart/stdio_uart.c.obj
 .rodata._ctype_
                0x10005eb0      0x101 d:/win/pico/gcc-arm-none-eabi/bin/../lib/gcc/arm-none-eabi/10.3.1/../../../../arm-none-eabi/lib/thumb/v6-m/nofp\libg.a(lib_a-ctype_.o)
                0x10005eb0                _ctype_
                0x10005fb4                . = ALIGN (0x4)
 *fill*         0x10005fb1        0x3 
 *(SORT_BY_ALIGNMENT(SORT_BY_NAME(.flashdata*)))
                0x10005fb4                . = ALIGN (0x4)

.rel.dyn        0x10005fb4        0x0
 .rel.iplt      0x10005fb4        0x0 d:/win/pico/gcc-arm-none-eabi/bin/../lib/gcc/arm-none-eabi/10.3.1/thumb/v6-m/nofp/crtbegin.o

.ARM.extab
 *(.ARM.extab* .gnu.linkonce.armextab.*)
                0x10005fb4                __exidx_start = .

.ARM.exidx
 *(.ARM.exidx* .gnu.linkonce.armexidx.*)
                0x10005fb4                __exidx_end = .
                0x10005fb4                . = ALIGN (0x4)
                0x10005fb4                __binary_info_start = .

.binary_info    0x10005fb4       0x24
 *(.binary_info.keep.*)
 .binary_info.keep.__bi_ptr22
                0x10005fb4        0x4 CMakeFiles/uart_xx1.dir/D_/win/Pico/pico-sdk/src/rp2_common/pico_standard_link/binary_info.c.obj
 .binary_info.keep.__bi_ptr30
                0x10005fb8        0x4 CMakeFiles/uart_xx1.dir/D_/win/Pico/pico-sdk/src/rp2_common/pico_standard_link/binary_info.c.obj
 .binary_info.keep.__bi_ptr38
                0x10005fbc        0x4 CMakeFiles/uart_xx1.dir/D_/win/Pico/pico-sdk/src/rp2_common/pico_standard_link/binary_info.c.obj
 .binary_info.keep.__bi_ptr44
                0x10005fc0        0x4 CMakeFiles/uart_xx1.dir/D_/win/Pico/pico-sdk/src/rp2_common/pico_standard_link/binary_info.c.obj
 .binary_info.keep.__bi_ptr50
                0x10005fc4        0x4 CMakeFiles/uart_xx1.dir/D_/win/Pico/pico-sdk/src/rp2_common/pico_standard_link/binary_info.c.obj
 .binary_info.keep.__bi_ptr75
                0x10005fc8        0x4 CMakeFiles/uart_xx1.dir/D_/win/Pico/pico-sdk/src/rp2_common/pico_standard_link/binary_info.c.obj
 .binary_info.keep.__bi_ptr81
                0x10005fcc        0x4 CMakeFiles/uart_xx1.dir/D_/win/Pico/pico-sdk/src/rp2_common/pico_standard_link/binary_info.c.obj
 *(.binary_info.*)
 .binary_info.__bi_ptr33
                0x10005fd0        0x4 CMakeFiles/uart_xx1.dir/D_/win/Pico/pico-sdk/src/rp2_common/pico_stdio_uart/stdio_uart.c.obj
 .binary_info.__bi_ptr34
                0x10005fd4        0x4 CMakeFiles/uart_xx1.dir/D_/win/Pico/pico-sdk/src/rp2_common/pico_stdio_uart/stdio_uart.c.obj
                0x10005fd8                __binary_info_end = .
                0x10005fd8                . = ALIGN (0x4)
                0x10005fd8                __etext = .

.ram_vector_table
                0x20000000       0xc0
 *(.ram_vector_table)
 .ram_vector_table
                0x20000000       0xc0 CMakeFiles/uart_xx1.dir/D_/win/Pico/pico-sdk/src/rp2_common/pico_runtime/runtime.c.obj
                0x20000000                ram_vector_table

.data           0x200000c0      0xae4 load address 0x10005fd8
                0x200000c0                __data_start__ = .
 *(vtable)
 *(.time_critical*)
 .time_critical.mutex_try_enter
                0x200000c0       0x46 CMakeFiles/uart_xx1.dir/D_/win/Pico/pico-sdk/src/common/pico_sync/mutex.c.obj
                0x200000c0                mutex_try_enter
 *fill*         0x20000106        0x2 
 .time_critical.mutex_enter_block_until
                0x20000108       0x8c CMakeFiles/uart_xx1.dir/D_/win/Pico/pico-sdk/src/common/pico_sync/mutex.c.obj
                0x20000108                mutex_enter_block_until
 .time_critical.mutex_try_enter_block_until
                0x20000194       0x34 CMakeFiles/uart_xx1.dir/D_/win/Pico/pico-sdk/src/common/pico_sync/mutex.c.obj
                0x20000194                mutex_try_enter_block_until
 .time_critical.mutex_exit
                0x200001c8       0x4c CMakeFiles/uart_xx1.dir/D_/win/Pico/pico-sdk/src/common/pico_sync/mutex.c.obj
                0x200001c8                mutex_exit
 *(.text*)
 .text          0x20000214        0x4 d:/win/pico/gcc-arm-none-eabi/bin/../lib/gcc/arm-none-eabi/10.3.1/thumb/v6-m/nofp\libgcc.a(_dvmd_tls.o)
                0x20000214                __aeabi_idiv0
                0x20000214                __aeabi_ldiv0
 .text.__stub   0x20000218       0x20 linker stubs
                0x20000238                . = ALIGN (0x4)
 *(.rodata*)
                0x20000238                . = ALIGN (0x4)
 *(.data*)
 .data.u0       0x20000238       0x2c CMakeFiles/uart_xx1.dir/uart.c.obj
 .data.u1       0x20000264       0x2c CMakeFiles/uart_xx1.dir/uart.c.obj
 .data.striped_spin_lock_num
                0x20000290        0x1 CMakeFiles/uart_xx1.dir/D_/win/Pico/pico-sdk/src/rp2_common/hardware_sync/sync.c.obj
 *fill*         0x20000291        0x3 
 .data          0x20000294       0x48 CMakeFiles/uart_xx1.dir/D_/win/Pico/pico-sdk/src/rp2_common/hardware_irq/irq_handler_chain.S.obj
                0x20000294                irq_handler_chain_slots
                0x200002c4                irq_handler_chain_first_slot
                0x200002ce                irq_handler_chain_remove_tail
 .data.default_alarm_pool
                0x200002dc       0x18 CMakeFiles/uart_xx1.dir/D_/win/Pico/pico-sdk/src/common/pico_time/time.c.obj
 .data.default_alarm_pool_heap
                0x200002f4       0x10 CMakeFiles/uart_xx1.dir/D_/win/Pico/pico-sdk/src/common/pico_time/time.c.obj
 *fill*         0x20000304        0xc 
 .data.aeabi_bits_funcs
                0x20000310       0x10 CMakeFiles/uart_xx1.dir/D_/win/Pico/pico-sdk/src/rp2_common/pico_bit_ops/bit_ops_aeabi.S.obj
                0x20000310                aeabi_bits_funcs
                0x20000320                aeabi_bits_funcs_end
 .data.aeabi_mem_funcs
                0x20000320       0x10 CMakeFiles/uart_xx1.dir/D_/win/Pico/pico-sdk/src/rp2_common/pico_mem_ops/mem_ops_aeabi.S.obj
                0x20000320                aeabi_mem_funcs
                0x20000330                aeabi_mem_funcs_end
 .data.stdio_uart
                0x20000330       0x18 CMakeFiles/uart_xx1.dir/D_/win/Pico/pico-sdk/src/rp2_common/pico_stdio_uart/stdio_uart.c.obj
                0x20000330                stdio_uart
 .data._impure_ptr
                0x20000348        0x4 d:/win/pico/gcc-arm-none-eabi/bin/../lib/gcc/arm-none-eabi/10.3.1/../../../../arm-none-eabi/lib/thumb/v6-m/nofp\libg.a(lib_a-impure.o)
                0x20000348                _impure_ptr
 *fill*         0x2000034c        0x4 
 .data.impure_data
                0x20000350      0x428 d:/win/pico/gcc-arm-none-eabi/bin/../lib/gcc/arm-none-eabi/10.3.1/../../../../arm-none-eabi/lib/thumb/v6-m/nofp\libg.a(lib_a-impure.o)
 .data.__malloc_av_
                0x20000778      0x408 d:/win/pico/gcc-arm-none-eabi/bin/../lib/gcc/arm-none-eabi/10.3.1/../../../../arm-none-eabi/lib/thumb/v6-m/nofp\libg.a(lib_a-mallocr.o)
                0x20000778                __malloc_av_
 .data.__malloc_sbrk_base
                0x20000b80        0x4 d:/win/pico/gcc-arm-none-eabi/bin/../lib/gcc/arm-none-eabi/10.3.1/../../../../arm-none-eabi/lib/thumb/v6-m/nofp\libg.a(lib_a-mallocr.o)
                0x20000b80                __malloc_sbrk_base
 .data.__malloc_trim_threshold
                0x20000b84        0x4 d:/win/pico/gcc-arm-none-eabi/bin/../lib/gcc/arm-none-eabi/10.3.1/../../../../arm-none-eabi/lib/thumb/v6-m/nofp\libg.a(lib_a-mallocr.o)
                0x20000b84                __malloc_trim_threshold
                0x20000b88                . = ALIGN (0x4)
 *(.after_data.*)
                0x20000b88                . = ALIGN (0x4)
                0x20000b88                PROVIDE (__mutex_array_start = .)
 *(SORT_BY_NAME(.mutex_array.*))
 *(.mutex_array)
 .mutex_array   0x20000b88        0x8 CMakeFiles/uart_xx1.dir/D_/win/Pico/pico-sdk/src/rp2_common/pico_stdio/stdio.c.obj
                0x20000b90                PROVIDE (__mutex_array_end = .)
                0x20000b90                . = ALIGN (0x4)
                0x20000b90                PROVIDE (__preinit_array_start = .)
 *(SORT_BY_NAME(.preinit_array.*))
 .preinit_array.00001
                0x20000b90        0x4 CMakeFiles/uart_xx1.dir/D_/win/Pico/pico-sdk/src/rp2_common/pico_mem_ops/mem_ops_aeabi.S.obj
 .preinit_array.00010
                0x20000b94        0x4 CMakeFiles/uart_xx1.dir/D_/win/Pico/pico-sdk/src/rp2_common/pico_bit_ops/bit_ops_aeabi.S.obj
 .preinit_array.00020
                0x20000b98        0x4 CMakeFiles/uart_xx1.dir/D_/win/Pico/pico-sdk/src/rp2_common/pico_double/double_aeabi.S.obj
 .preinit_array.00020
                0x20000b9c        0x4 CMakeFiles/uart_xx1.dir/D_/win/Pico/pico-sdk/src/rp2_common/pico_float/float_aeabi.S.obj
 *(.preinit_array)
                0x20000ba0                PROVIDE (__preinit_array_end = .)
                0x20000ba0                . = ALIGN (0x4)
                0x20000ba0                PROVIDE (__init_array_start = .)
 *(SORT_BY_NAME(.init_array.*))
 *(.init_array)
 .init_array    0x20000ba0        0x4 d:/win/pico/gcc-arm-none-eabi/bin/../lib/gcc/arm-none-eabi/10.3.1/thumb/v6-m/nofp/crtbegin.o
                0x20000ba4                PROVIDE (__init_array_end = .)
                0x20000ba4                . = ALIGN (0x4)
                [!provide]                PROVIDE (__fini_array_start = .)
 *(SORT_BY_NAME(.fini_array.*))
 *(.fini_array)
                [!provide]                PROVIDE (__fini_array_end = .)
 *(.jcr)
                0x20000ba4                . = ALIGN (0x4)
                0x20000ba4                __data_end__ = .

.igot.plt       0x20000ba4        0x0 load address 0x10006abc
 .igot.plt      0x20000ba4        0x0 d:/win/pico/gcc-arm-none-eabi/bin/../lib/gcc/arm-none-eabi/10.3.1/thumb/v6-m/nofp/crtbegin.o

.uninitialized_data
                0x20000ba4        0x0 load address 0x10006abc
                0x20000ba4                . = ALIGN (0x4)
 *(.uninitialized_data*)

.scratch_x      0x20040000        0x0 load address 0x10006abc
                0x20040000                __scratch_x_start__ = .
 *(.scratch_x.*)
                0x20040000                . = ALIGN (0x4)
                0x20040000                __scratch_x_end__ = .
                0x10006abc                __scratch_x_source__ = LOADADDR (.scratch_x)

.scratch_y      0x20041000        0x0 load address 0x10006abc
                0x20041000                __scratch_y_start__ = .
 *(.scratch_y.*)
                0x20041000                . = ALIGN (0x4)
                0x20041000                __scratch_y_end__ = .
                0x10006abc                __scratch_y_source__ = LOADADDR (.scratch_y)

.bss            0x20000ba8      0x418
                0x20000ba8                . = ALIGN (0x4)
                0x20000ba8                __bss_start__ = .
 *(SORT_BY_ALIGNMENT(SORT_BY_NAME(.bss*)))
 .bss.default_alarm_pool_entries
                0x20000ba8      0x100 CMakeFiles/uart_xx1.dir/D_/win/Pico/pico-sdk/src/common/pico_time/time.c.obj
 .bss           0x20000ca8       0x1c d:/win/pico/gcc-arm-none-eabi/bin/../lib/gcc/arm-none-eabi/10.3.1/thumb/v6-m/nofp/crtbegin.o
 .bss.__lock___malloc_recursive_mutex
                0x20000cc4        0x1 d:/win/pico/gcc-arm-none-eabi/bin/../lib/gcc/arm-none-eabi/10.3.1/../../../../arm-none-eabi/lib/thumb/v6-m/nofp\libg.a(lib_a-lock.o)
                0x20000cc4                __lock___malloc_recursive_mutex
 *fill*         0x20000cc5        0x3 
 .bss.__malloc_current_mallinfo
                0x20000cc8       0x28 d:/win/pico/gcc-arm-none-eabi/bin/../lib/gcc/arm-none-eabi/10.3.1/../../../../arm-none-eabi/lib/thumb/v6-m/nofp\libg.a(lib_a-mallocr.o)
                0x20000cc8                __malloc_current_mallinfo
 .bss.__malloc_max_sbrked_mem
                0x20000cf0        0x4 d:/win/pico/gcc-arm-none-eabi/bin/../lib/gcc/arm-none-eabi/10.3.1/../../../../arm-none-eabi/lib/thumb/v6-m/nofp\libg.a(lib_a-mallocr.o)
                0x20000cf0                __malloc_max_sbrked_mem
 .bss.__malloc_max_total_mem
                0x20000cf4        0x4 d:/win/pico/gcc-arm-none-eabi/bin/../lib/gcc/arm-none-eabi/10.3.1/../../../../arm-none-eabi/lib/thumb/v6-m/nofp\libg.a(lib_a-mallocr.o)
                0x20000cf4                __malloc_max_total_mem
 .bss.__malloc_top_pad
                0x20000cf8        0x4 d:/win/pico/gcc-arm-none-eabi/bin/../lib/gcc/arm-none-eabi/10.3.1/../../../../arm-none-eabi/lib/thumb/v6-m/nofp\libg.a(lib_a-mallocr.o)
                0x20000cf8                __malloc_top_pad
 .bss.alarm_callbacks
                0x20000cfc       0x10 CMakeFiles/uart_xx1.dir/D_/win/Pico/pico-sdk/src/rp2_common/hardware_timer/timer.c.obj
 .bss.chars_available_callback
                0x20000d0c        0x4 CMakeFiles/uart_xx1.dir/D_/win/Pico/pico-sdk/src/rp2_common/pico_stdio_uart/stdio_uart.c.obj
 .bss.chars_available_param
                0x20000d10        0x4 CMakeFiles/uart_xx1.dir/D_/win/Pico/pico-sdk/src/rp2_common/pico_stdio_uart/stdio_uart.c.obj
 .bss.configured_freq
                0x20000d14       0x28 CMakeFiles/uart_xx1.dir/D_/win/Pico/pico-sdk/src/rp2_common/hardware_clocks/clocks.c.obj
 .bss.default_alarm_pool_entry_ids_high
                0x20000d3c       0x10 CMakeFiles/uart_xx1.dir/D_/win/Pico/pico-sdk/src/common/pico_time/time.c.obj
 .bss.default_alarm_pool_heap_nodes
                0x20000d4c       0x30 CMakeFiles/uart_xx1.dir/D_/win/Pico/pico-sdk/src/common/pico_time/time.c.obj
 .bss.drivers   0x20000d7c        0x4 CMakeFiles/uart_xx1.dir/D_/win/Pico/pico-sdk/src/rp2_common/pico_stdio/stdio.c.obj
 .bss.errno     0x20000d80        0x4 d:/win/pico/gcc-arm-none-eabi/bin/../lib/gcc/arm-none-eabi/10.3.1/../../../../arm-none-eabi/lib/thumb/v6-m/nofp\libg.a(lib_a-reent.o)
                0x20000d80                errno
 .bss.filter    0x20000d84        0x4 CMakeFiles/uart_xx1.dir/D_/win/Pico/pico-sdk/src/rp2_common/pico_stdio/stdio.c.obj
 .bss.heap_end.1
                0x20000d88        0x4 CMakeFiles/uart_xx1.dir/D_/win/Pico/pico-sdk/src/rp2_common/pico_runtime/runtime.c.obj
 .bss.pools     0x20000d8c       0x10 CMakeFiles/uart_xx1.dir/D_/win/Pico/pico-sdk/src/common/pico_time/time.c.obj
 .bss.sd_table  0x20000d9c      0x100 CMakeFiles/uart_xx1.dir/D_/win/Pico/pico-sdk/src/rp2_common/pico_double/double_init_rom.c.obj
                0x20000d9c                sd_table
 .bss.sf_clz_func
                0x20000e9c        0x4 CMakeFiles/uart_xx1.dir/D_/win/Pico/pico-sdk/src/rp2_common/pico_double/double_init_rom.c.obj
                0x20000e9c                sf_clz_func
 .bss.sf_table  0x20000ea0      0x100 CMakeFiles/uart_xx1.dir/D_/win/Pico/pico-sdk/src/rp2_common/pico_float/float_init_rom.c.obj
                0x20000ea0                sf_table
 .bss.sleep_notifier
                0x20000fa0        0x4 CMakeFiles/uart_xx1.dir/D_/win/Pico/pico-sdk/src/common/pico_time/time.c.obj
 .bss.target_hi
                0x20000fa4       0x10 CMakeFiles/uart_xx1.dir/D_/win/Pico/pico-sdk/src/rp2_common/hardware_timer/timer.c.obj
 .bss.uart_char_to_line_feed
                0x20000fb4        0x4 CMakeFiles/uart_xx1.dir/D_/win/Pico/pico-sdk/src/rp2_common/hardware_uart/uart.c.obj
                0x20000fb4                uart_char_to_line_feed
 .bss.uart_instance
                0x20000fb8        0x4 CMakeFiles/uart_xx1.dir/D_/win/Pico/pico-sdk/src/rp2_common/pico_stdio_uart/stdio_uart.c.obj
 .bss.claimed   0x20000fbc        0x1 CMakeFiles/uart_xx1.dir/D_/win/Pico/pico-sdk/src/rp2_common/hardware_timer/timer.c.obj
 .bss.irq_hander_chain_free_slot_head
                0x20000fbd        0x1 CMakeFiles/uart_xx1.dir/D_/win/Pico/pico-sdk/src/rp2_common/hardware_irq/irq.c.obj
 .bss.timer_callbacks_pending
                0x20000fbe        0x1 CMakeFiles/uart_xx1.dir/D_/win/Pico/pico-sdk/src/rp2_common/hardware_timer/timer.c.obj
 *(COMMON)
                0x20000fc0                . = ALIGN (0x4)
 *fill*         0x20000fbf        0x1 
                0x20000fc0                __bss_end__ = .

.heap           0x20000fc0      0x800
                0x20000fc0                __end__ = .
                0x20000fc0                end = __end__
 *(.heap*)
 .heap          0x20000fc0      0x800 CMakeFiles/uart_xx1.dir/D_/win/Pico/pico-sdk/src/rp2_common/pico_standard_link/crt0.S.obj
                0x200017c0                __HeapLimit = .

.stack1_dummy   0x20040000        0x0
 *(.stack1*)

.stack_dummy    0x20041000      0x800
 *(.stack*)
 .stack         0x20041000      0x800 CMakeFiles/uart_xx1.dir/D_/win/Pico/pico-sdk/src/rp2_common/pico_standard_link/crt0.S.obj

.flash_end      0x10006abc        0x0
                0x10006abc                __flash_binary_end = .
                0x20040000                __StackLimit = (ORIGIN (RAM) + LENGTH (RAM))
                0x20041000                __StackOneTop = (ORIGIN (SCRATCH_X) + LENGTH (SCRATCH_X))
                0x20042000                __StackTop = (ORIGIN (SCRATCH_Y) + LENGTH (SCRATCH_Y))
                0x20041000                __StackOneBottom = (__StackOneTop - SIZEOF (.stack1_dummy))
                0x20041800                __StackBottom = (__StackTop - SIZEOF (.stack_dummy))
                0x20042000                PROVIDE (__stack = __StackTop)
                0x00000001                ASSERT ((__StackLimit >= __HeapLimit), region RAM overflowed)
                0x00000001                ASSERT (((__binary_info_header_end - __logical_binary_start) <= 0x100), Binary info must be in first 256 bytes of the binary)
LOAD CMakeFiles/uart_xx1.dir/main.c.obj
LOAD CMakeFiles/uart_xx1.dir/ring_buffer.c.obj
LOAD CMakeFiles/uart_xx1.dir/uart.c.obj
LOAD CMakeFiles/uart_xx1.dir/D_/win/Pico/pico-sdk/src/rp2_common/pico_stdlib/stdlib.c.obj
LOAD CMakeFiles/uart_xx1.dir/D_/win/Pico/pico-sdk/src/rp2_common/hardware_gpio/gpio.c.obj
LOAD CMakeFiles/uart_xx1.dir/D_/win/Pico/pico-sdk/src/rp2_common/pico_platform/platform.c.obj
LOAD CMakeFiles/uart_xx1.dir/D_/win/Pico/pico-sdk/src/rp2_common/hardware_claim/claim.c.obj
LOAD CMakeFiles/uart_xx1.dir/D_/win/Pico/pico-sdk/src/rp2_common/hardware_sync/sync.c.obj
LOAD CMakeFiles/uart_xx1.dir/D_/win/Pico/pico-sdk/src/rp2_common/hardware_irq/irq.c.obj
LOAD CMakeFiles/uart_xx1.dir/D_/win/Pico/pico-sdk/src/rp2_common/hardware_irq/irq_handler_chain.S.obj
LOAD CMakeFiles/uart_xx1.dir/D_/win/Pico/pico-sdk/src/common/pico_sync/sem.c.obj
LOAD CMakeFiles/uart_xx1.dir/D_/win/Pico/pico-sdk/src/common/pico_sync/lock_core.c.obj
LOAD CMakeFiles/uart_xx1.dir/D_/win/Pico/pico-sdk/src/common/pico_sync/mutex.c.obj
LOAD CMakeFiles/uart_xx1.dir/D_/win/Pico/pico-sdk/src/common/pico_sync/critical_section.c.obj
LOAD CMakeFiles/uart_xx1.dir/D_/win/Pico/pico-sdk/src/common/pico_time/time.c.obj
LOAD CMakeFiles/uart_xx1.dir/D_/win/Pico/pico-sdk/src/common/pico_time/timeout_helper.c.obj
LOAD CMakeFiles/uart_xx1.dir/D_/win/Pico/pico-sdk/src/rp2_common/hardware_timer/timer.c.obj
LOAD CMakeFiles/uart_xx1.dir/D_/win/Pico/pico-sdk/src/common/pico_util/datetime.c.obj
LOAD CMakeFiles/uart_xx1.dir/D_/win/Pico/pico-sdk/src/common/pico_util/pheap.c.obj
LOAD CMakeFiles/uart_xx1.dir/D_/win/Pico/pico-sdk/src/common/pico_util/queue.c.obj
LOAD CMakeFiles/uart_xx1.dir/D_/win/Pico/pico-sdk/src/rp2_common/hardware_uart/uart.c.obj
LOAD CMakeFiles/uart_xx1.dir/D_/win/Pico/pico-sdk/src/rp2_common/hardware_clocks/clocks.c.obj
LOAD CMakeFiles/uart_xx1.dir/D_/win/Pico/pico-sdk/src/rp2_common/hardware_pll/pll.c.obj
LOAD CMakeFiles/uart_xx1.dir/D_/win/Pico/pico-sdk/src/rp2_common/hardware_vreg/vreg.c.obj
LOAD CMakeFiles/uart_xx1.dir/D_/win/Pico/pico-sdk/src/rp2_common/hardware_watchdog/watchdog.c.obj
LOAD CMakeFiles/uart_xx1.dir/D_/win/Pico/pico-sdk/src/rp2_common/hardware_xosc/xosc.c.obj
LOAD CMakeFiles/uart_xx1.dir/D_/win/Pico/pico-sdk/src/rp2_common/hardware_divider/divider.S.obj
LOAD CMakeFiles/uart_xx1.dir/D_/win/Pico/pico-sdk/src/rp2_common/pico_runtime/runtime.c.obj
LOAD CMakeFiles/uart_xx1.dir/D_/win/Pico/pico-sdk/src/rp2_common/pico_printf/printf.c.obj
LOAD CMakeFiles/uart_xx1.dir/D_/win/Pico/pico-sdk/src/rp2_common/pico_bit_ops/bit_ops_aeabi.S.obj
LOAD CMakeFiles/uart_xx1.dir/D_/win/Pico/pico-sdk/src/rp2_common/pico_bootrom/bootrom.c.obj
LOAD CMakeFiles/uart_xx1.dir/D_/win/Pico/pico-sdk/src/rp2_common/pico_divider/divider.S.obj
LOAD CMakeFiles/uart_xx1.dir/D_/win/Pico/pico-sdk/src/rp2_common/pico_double/double_aeabi.S.obj
LOAD CMakeFiles/uart_xx1.dir/D_/win/Pico/pico-sdk/src/rp2_common/pico_double/double_init_rom.c.obj
LOAD CMakeFiles/uart_xx1.dir/D_/win/Pico/pico-sdk/src/rp2_common/pico_double/double_math.c.obj
LOAD CMakeFiles/uart_xx1.dir/D_/win/Pico/pico-sdk/src/rp2_common/pico_double/double_v1_rom_shim.S.obj
LOAD CMakeFiles/uart_xx1.dir/D_/win/Pico/pico-sdk/src/rp2_common/pico_int64_ops/pico_int64_ops_aeabi.S.obj
LOAD CMakeFiles/uart_xx1.dir/D_/win/Pico/pico-sdk/src/rp2_common/pico_float/float_aeabi.S.obj
LOAD CMakeFiles/uart_xx1.dir/D_/win/Pico/pico-sdk/src/rp2_common/pico_float/float_init_rom.c.obj
LOAD CMakeFiles/uart_xx1.dir/D_/win/Pico/pico-sdk/src/rp2_common/pico_float/float_math.c.obj
LOAD CMakeFiles/uart_xx1.dir/D_/win/Pico/pico-sdk/src/rp2_common/pico_float/float_v1_rom_shim.S.obj
LOAD CMakeFiles/uart_xx1.dir/D_/win/Pico/pico-sdk/src/rp2_common/pico_malloc/pico_malloc.c.obj
LOAD CMakeFiles/uart_xx1.dir/D_/win/Pico/pico-sdk/src/rp2_common/pico_mem_ops/mem_ops_aeabi.S.obj
LOAD CMakeFiles/uart_xx1.dir/D_/win/Pico/pico-sdk/src/rp2_common/pico_standard_link/crt0.S.obj
LOAD CMakeFiles/uart_xx1.dir/D_/win/Pico/pico-sdk/src/rp2_common/pico_standard_link/new_delete.cpp.obj
LOAD CMakeFiles/uart_xx1.dir/D_/win/Pico/pico-sdk/src/rp2_common/pico_standard_link/binary_info.c.obj
LOAD CMakeFiles/uart_xx1.dir/D_/win/Pico/pico-sdk/src/rp2_common/pico_stdio/stdio.c.obj
LOAD CMakeFiles/uart_xx1.dir/D_/win/Pico/pico-sdk/src/rp2_common/pico_stdio_uart/stdio_uart.c.obj
LOAD C:\Users\iamna\AppData\Local\Temp\ccyCBeqJ.o
LOAD d:/win/pico/gcc-arm-none-eabi/bin/../lib/gcc/arm-none-eabi/10.3.1/../../../../arm-none-eabi/lib/thumb/v6-m/nofp\libstdc++.a
LOAD d:/win/pico/gcc-arm-none-eabi/bin/../lib/gcc/arm-none-eabi/10.3.1/../../../../arm-none-eabi/lib/thumb/v6-m/nofp\libm.a
START GROUP
LOAD d:/win/pico/gcc-arm-none-eabi/bin/../lib/gcc/arm-none-eabi/10.3.1/thumb/v6-m/nofp\libgcc.a
LOAD d:/win/pico/gcc-arm-none-eabi/bin/../lib/gcc/arm-none-eabi/10.3.1/../../../../arm-none-eabi/lib/thumb/v6-m/nofp\libg.a
LOAD d:/win/pico/gcc-arm-none-eabi/bin/../lib/gcc/arm-none-eabi/10.3.1/../../../../arm-none-eabi/lib/thumb/v6-m/nofp\libc.a
END GROUP
START GROUP
LOAD d:/win/pico/gcc-arm-none-eabi/bin/../lib/gcc/arm-none-eabi/10.3.1/thumb/v6-m/nofp\libgcc.a
LOAD d:/win/pico/gcc-arm-none-eabi/bin/../lib/gcc/arm-none-eabi/10.3.1/../../../../arm-none-eabi/lib/thumb/v6-m/nofp\libc.a
LOAD d:/win/pico/gcc-arm-none-eabi/bin/../lib/gcc/arm-none-eabi/10.3.1/../../../../arm-none-eabi/lib/thumb/v6-m/nofp\libnosys.a
END GROUP
LOAD d:/win/pico/gcc-arm-none-eabi/bin/../lib/gcc/arm-none-eabi/10.3.1/thumb/v6-m/nofp/crtend.o
LOAD d:/win/pico/gcc-arm-none-eabi/bin/../lib/gcc/arm-none-eabi/10.3.1/thumb/v6-m/nofp/crtn.o
OUTPUT(uart_xx1.elf elf32-littlearm)
LOAD linker stubs

.ARM.attributes
                0x00000000       0x28
 .ARM.attributes
                0x00000000       0x1e d:/win/pico/gcc-arm-none-eabi/bin/../lib/gcc/arm-none-eabi/10.3.1/thumb/v6-m/nofp/crti.o
 .ARM.attributes
                0x0000001e       0x2c d:/win/pico/gcc-arm-none-eabi/bin/../lib/gcc/arm-none-eabi/10.3.1/thumb/v6-m/nofp/crtbegin.o
 .ARM.attributes
                0x0000004a       0x2c CMakeFiles/uart_xx1.dir/main.c.obj
 .ARM.attributes
                0x00000076       0x2c CMakeFiles/uart_xx1.dir/ring_buffer.c.obj
 .ARM.attributes
                0x000000a2       0x2c CMakeFiles/uart_xx1.dir/uart.c.obj
 .ARM.attributes
                0x000000ce       0x2c CMakeFiles/uart_xx1.dir/D_/win/Pico/pico-sdk/src/rp2_common/hardware_gpio/gpio.c.obj
 .ARM.attributes
                0x000000fa       0x2c CMakeFiles/uart_xx1.dir/D_/win/Pico/pico-sdk/src/rp2_common/pico_platform/platform.c.obj
 .ARM.attributes
                0x00000126       0x2c CMakeFiles/uart_xx1.dir/D_/win/Pico/pico-sdk/src/rp2_common/hardware_claim/claim.c.obj
 .ARM.attributes
                0x00000152       0x2c CMakeFiles/uart_xx1.dir/D_/win/Pico/pico-sdk/src/rp2_common/hardware_sync/sync.c.obj
 .ARM.attributes
                0x0000017e       0x2c CMakeFiles/uart_xx1.dir/D_/win/Pico/pico-sdk/src/rp2_common/hardware_irq/irq.c.obj
 .ARM.attributes
                0x000001aa       0x22 CMakeFiles/uart_xx1.dir/D_/win/Pico/pico-sdk/src/rp2_common/hardware_irq/irq_handler_chain.S.obj
 .ARM.attributes
                0x000001cc       0x2c CMakeFiles/uart_xx1.dir/D_/win/Pico/pico-sdk/src/common/pico_sync/lock_core.c.obj
 .ARM.attributes
                0x000001f8       0x2c CMakeFiles/uart_xx1.dir/D_/win/Pico/pico-sdk/src/common/pico_sync/mutex.c.obj
 .ARM.attributes
                0x00000224       0x2c CMakeFiles/uart_xx1.dir/D_/win/Pico/pico-sdk/src/common/pico_time/time.c.obj
 .ARM.attributes
                0x00000250       0x2c CMakeFiles/uart_xx1.dir/D_/win/Pico/pico-sdk/src/rp2_common/hardware_timer/timer.c.obj
 .ARM.attributes
                0x0000027c       0x2c CMakeFiles/uart_xx1.dir/D_/win/Pico/pico-sdk/src/common/pico_util/pheap.c.obj
 .ARM.attributes
                0x000002a8       0x2c CMakeFiles/uart_xx1.dir/D_/win/Pico/pico-sdk/src/rp2_common/hardware_uart/uart.c.obj
 .ARM.attributes
                0x000002d4       0x2c CMakeFiles/uart_xx1.dir/D_/win/Pico/pico-sdk/src/rp2_common/hardware_clocks/clocks.c.obj
 .ARM.attributes
                0x00000300       0x2c CMakeFiles/uart_xx1.dir/D_/win/Pico/pico-sdk/src/rp2_common/hardware_pll/pll.c.obj
 .ARM.attributes
                0x0000032c       0x2c CMakeFiles/uart_xx1.dir/D_/win/Pico/pico-sdk/src/rp2_common/hardware_watchdog/watchdog.c.obj
 .ARM.attributes
                0x00000358       0x2c CMakeFiles/uart_xx1.dir/D_/win/Pico/pico-sdk/src/rp2_common/hardware_xosc/xosc.c.obj
 .ARM.attributes
                0x00000384       0x2c CMakeFiles/uart_xx1.dir/D_/win/Pico/pico-sdk/src/rp2_common/pico_runtime/runtime.c.obj
 .ARM.attributes
                0x000003b0       0x2c CMakeFiles/uart_xx1.dir/D_/win/Pico/pico-sdk/src/rp2_common/pico_printf/printf.c.obj
 .ARM.attributes
                0x000003dc       0x22 CMakeFiles/uart_xx1.dir/D_/win/Pico/pico-sdk/src/rp2_common/pico_bit_ops/bit_ops_aeabi.S.obj
 .ARM.attributes
                0x000003fe       0x2c CMakeFiles/uart_xx1.dir/D_/win/Pico/pico-sdk/src/rp2_common/pico_bootrom/bootrom.c.obj
 .ARM.attributes
                0x0000042a       0x22 CMakeFiles/uart_xx1.dir/D_/win/Pico/pico-sdk/src/rp2_common/pico_divider/divider.S.obj
 .ARM.attributes
                0x0000044c       0x22 CMakeFiles/uart_xx1.dir/D_/win/Pico/pico-sdk/src/rp2_common/pico_double/double_aeabi.S.obj
 .ARM.attributes
                0x0000046e       0x2c CMakeFiles/uart_xx1.dir/D_/win/Pico/pico-sdk/src/rp2_common/pico_double/double_init_rom.c.obj
 .ARM.attributes
                0x0000049a       0x22 CMakeFiles/uart_xx1.dir/D_/win/Pico/pico-sdk/src/rp2_common/pico_double/double_v1_rom_shim.S.obj
 .ARM.attributes
                0x000004bc       0x22 CMakeFiles/uart_xx1.dir/D_/win/Pico/pico-sdk/src/rp2_common/pico_int64_ops/pico_int64_ops_aeabi.S.obj
 .ARM.attributes
                0x000004de       0x22 CMakeFiles/uart_xx1.dir/D_/win/Pico/pico-sdk/src/rp2_common/pico_float/float_aeabi.S.obj
 .ARM.attributes
                0x00000500       0x2c CMakeFiles/uart_xx1.dir/D_/win/Pico/pico-sdk/src/rp2_common/pico_float/float_init_rom.c.obj
 .ARM.attributes
                0x0000052c       0x2c CMakeFiles/uart_xx1.dir/D_/win/Pico/pico-sdk/src/rp2_common/pico_malloc/pico_malloc.c.obj
 .ARM.attributes
                0x00000558       0x22 CMakeFiles/uart_xx1.dir/D_/win/Pico/pico-sdk/src/rp2_common/pico_mem_ops/mem_ops_aeabi.S.obj
 .ARM.attributes
                0x0000057a       0x22 CMakeFiles/uart_xx1.dir/D_/win/Pico/pico-sdk/src/rp2_common/pico_standard_link/crt0.S.obj
 .ARM.attributes
                0x0000059c       0x2c CMakeFiles/uart_xx1.dir/D_/win/Pico/pico-sdk/src/rp2_common/pico_standard_link/binary_info.c.obj
 .ARM.attributes
                0x000005c8       0x2c CMakeFiles/uart_xx1.dir/D_/win/Pico/pico-sdk/src/rp2_common/pico_stdio/stdio.c.obj
 .ARM.attributes
                0x000005f4       0x2c CMakeFiles/uart_xx1.dir/D_/win/Pico/pico-sdk/src/rp2_common/pico_stdio_uart/stdio_uart.c.obj
 .ARM.attributes
                0x00000620       0x22 C:\Users\iamna\AppData\Local\Temp\ccyCBeqJ.o
 .ARM.attributes
                0x00000642       0x1e d:/win/pico/gcc-arm-none-eabi/bin/../lib/gcc/arm-none-eabi/10.3.1/thumb/v6-m/nofp\libgcc.a(_dvmd_tls.o)
 .ARM.attributes
                0x00000660       0x2c d:/win/pico/gcc-arm-none-eabi/bin/../lib/gcc/arm-none-eabi/10.3.1/../../../../arm-none-eabi/lib/thumb/v6-m/nofp\libg.a(lib_a-calloc.o)
 .ARM.attributes
                0x0000068c       0x2c d:/win/pico/gcc-arm-none-eabi/bin/../lib/gcc/arm-none-eabi/10.3.1/../../../../arm-none-eabi/lib/thumb/v6-m/nofp\libg.a(lib_a-callocr.o)
 .ARM.attributes
                0x000006b8       0x2c d:/win/pico/gcc-arm-none-eabi/bin/../lib/gcc/arm-none-eabi/10.3.1/../../../../arm-none-eabi/lib/thumb/v6-m/nofp\libg.a(lib_a-ctype_.o)
 .ARM.attributes
                0x000006e4       0x2c d:/win/pico/gcc-arm-none-eabi/bin/../lib/gcc/arm-none-eabi/10.3.1/../../../../arm-none-eabi/lib/thumb/v6-m/nofp\libg.a(lib_a-errno.o)
 .ARM.attributes
                0x00000710       0x2c d:/win/pico/gcc-arm-none-eabi/bin/../lib/gcc/arm-none-eabi/10.3.1/../../../../arm-none-eabi/lib/thumb/v6-m/nofp\libg.a(lib_a-impure.o)
 .ARM.attributes
                0x0000073c       0x2c d:/win/pico/gcc-arm-none-eabi/bin/../lib/gcc/arm-none-eabi/10.3.1/../../../../arm-none-eabi/lib/thumb/v6-m/nofp\libg.a(lib_a-mallocr.o)
 .ARM.attributes
                0x00000768       0x2c d:/win/pico/gcc-arm-none-eabi/bin/../lib/gcc/arm-none-eabi/10.3.1/../../../../arm-none-eabi/lib/thumb/v6-m/nofp\libg.a(lib_a-mlock.o)
 .ARM.attributes
                0x00000794       0x2c d:/win/pico/gcc-arm-none-eabi/bin/../lib/gcc/arm-none-eabi/10.3.1/../../../../arm-none-eabi/lib/thumb/v6-m/nofp\libg.a(lib_a-sbrkr.o)
 .ARM.attributes
                0x000007c0       0x2c d:/win/pico/gcc-arm-none-eabi/bin/../lib/gcc/arm-none-eabi/10.3.1/../../../../arm-none-eabi/lib/thumb/v6-m/nofp\libg.a(lib_a-strchr.o)
 .ARM.attributes
                0x000007ec       0x2c d:/win/pico/gcc-arm-none-eabi/bin/../lib/gcc/arm-none-eabi/10.3.1/../../../../arm-none-eabi/lib/thumb/v6-m/nofp\libg.a(lib_a-strlen-stub.o)
 .ARM.attributes
                0x00000818       0x2c d:/win/pico/gcc-arm-none-eabi/bin/../lib/gcc/arm-none-eabi/10.3.1/../../../../arm-none-eabi/lib/thumb/v6-m/nofp\libg.a(lib_a-freer.o)
 .ARM.attributes
                0x00000844       0x2c d:/win/pico/gcc-arm-none-eabi/bin/../lib/gcc/arm-none-eabi/10.3.1/../../../../arm-none-eabi/lib/thumb/v6-m/nofp\libg.a(lib_a-lock.o)
 .ARM.attributes
                0x00000870       0x2c d:/win/pico/gcc-arm-none-eabi/bin/../lib/gcc/arm-none-eabi/10.3.1/../../../../arm-none-eabi/lib/thumb/v6-m/nofp\libg.a(lib_a-reent.o)

.comment        0x00000000       0x49
 .comment       0x00000000       0x49 CMakeFiles/uart_xx1.dir/main.c.obj
                                 0x4a (size before relaxing)
 .comment       0x00000049       0x4a CMakeFiles/uart_xx1.dir/ring_buffer.c.obj
 .comment       0x00000049       0x4a CMakeFiles/uart_xx1.dir/uart.c.obj
 .comment       0x00000049       0x4a CMakeFiles/uart_xx1.dir/D_/win/Pico/pico-sdk/src/rp2_common/hardware_gpio/gpio.c.obj
 .comment       0x00000049       0x4a CMakeFiles/uart_xx1.dir/D_/win/Pico/pico-sdk/src/rp2_common/pico_platform/platform.c.obj
 .comment       0x00000049       0x4a CMakeFiles/uart_xx1.dir/D_/win/Pico/pico-sdk/src/rp2_common/hardware_claim/claim.c.obj
 .comment       0x00000049       0x4a CMakeFiles/uart_xx1.dir/D_/win/Pico/pico-sdk/src/rp2_common/hardware_sync/sync.c.obj
 .comment       0x00000049       0x4a CMakeFiles/uart_xx1.dir/D_/win/Pico/pico-sdk/src/rp2_common/hardware_irq/irq.c.obj
 .comment       0x00000049       0x4a CMakeFiles/uart_xx1.dir/D_/win/Pico/pico-sdk/src/common/pico_sync/lock_core.c.obj
 .comment       0x00000049       0x4a CMakeFiles/uart_xx1.dir/D_/win/Pico/pico-sdk/src/common/pico_sync/mutex.c.obj
 .comment       0x00000049       0x4a CMakeFiles/uart_xx1.dir/D_/win/Pico/pico-sdk/src/common/pico_time/time.c.obj
 .comment       0x00000049       0x4a CMakeFiles/uart_xx1.dir/D_/win/Pico/pico-sdk/src/rp2_common/hardware_timer/timer.c.obj
 .comment       0x00000049       0x4a CMakeFiles/uart_xx1.dir/D_/win/Pico/pico-sdk/src/common/pico_util/pheap.c.obj
 .comment       0x00000049       0x4a CMakeFiles/uart_xx1.dir/D_/win/Pico/pico-sdk/src/rp2_common/hardware_uart/uart.c.obj
 .comment       0x00000049       0x4a CMakeFiles/uart_xx1.dir/D_/win/Pico/pico-sdk/src/rp2_common/hardware_clocks/clocks.c.obj
 .comment       0x00000049       0x4a CMakeFiles/uart_xx1.dir/D_/win/Pico/pico-sdk/src/rp2_common/hardware_pll/pll.c.obj
 .comment       0x00000049       0x4a CMakeFiles/uart_xx1.dir/D_/win/Pico/pico-sdk/src/rp2_common/hardware_watchdog/watchdog.c.obj
 .comment       0x00000049       0x4a CMakeFiles/uart_xx1.dir/D_/win/Pico/pico-sdk/src/rp2_common/hardware_xosc/xosc.c.obj
 .comment       0x00000049       0x4a CMakeFiles/uart_xx1.dir/D_/win/Pico/pico-sdk/src/rp2_common/pico_runtime/runtime.c.obj
 .comment       0x00000049       0x4a CMakeFiles/uart_xx1.dir/D_/win/Pico/pico-sdk/src/rp2_common/pico_printf/printf.c.obj
 .comment       0x00000049       0x4a CMakeFiles/uart_xx1.dir/D_/win/Pico/pico-sdk/src/rp2_common/pico_bootrom/bootrom.c.obj
 .comment       0x00000049       0x4a CMakeFiles/uart_xx1.dir/D_/win/Pico/pico-sdk/src/rp2_common/pico_double/double_init_rom.c.obj
 .comment       0x00000049       0x4a CMakeFiles/uart_xx1.dir/D_/win/Pico/pico-sdk/src/rp2_common/pico_float/float_init_rom.c.obj
 .comment       0x00000049       0x4a CMakeFiles/uart_xx1.dir/D_/win/Pico/pico-sdk/src/rp2_common/pico_malloc/pico_malloc.c.obj
 .comment       0x00000049       0x4a CMakeFiles/uart_xx1.dir/D_/win/Pico/pico-sdk/src/rp2_common/pico_standard_link/binary_info.c.obj
 .comment       0x00000049       0x4a CMakeFiles/uart_xx1.dir/D_/win/Pico/pico-sdk/src/rp2_common/pico_stdio/stdio.c.obj
 .comment       0x00000049       0x4a CMakeFiles/uart_xx1.dir/D_/win/Pico/pico-sdk/src/rp2_common/pico_stdio_uart/stdio_uart.c.obj

.debug_info     0x00000000    0x16e7d
 .debug_info    0x00000000      0xa28 CMakeFiles/uart_xx1.dir/main.c.obj
 .debug_info    0x00000a28      0x312 CMakeFiles/uart_xx1.dir/ring_buffer.c.obj
 .debug_info    0x00000d3a      0xd4c CMakeFiles/uart_xx1.dir/uart.c.obj
 .debug_info    0x00001a86     0x16d8 CMakeFiles/uart_xx1.dir/D_/win/Pico/pico-sdk/src/rp2_common/hardware_gpio/gpio.c.obj
 .debug_info    0x0000315e      0x1e3 CMakeFiles/uart_xx1.dir/D_/win/Pico/pico-sdk/src/rp2_common/pico_platform/platform.c.obj
 .debug_info    0x00003341      0x6bc CMakeFiles/uart_xx1.dir/D_/win/Pico/pico-sdk/src/rp2_common/hardware_claim/claim.c.obj
 .debug_info    0x000039fd      0x58e CMakeFiles/uart_xx1.dir/D_/win/Pico/pico-sdk/src/rp2_common/hardware_sync/sync.c.obj
 .debug_info    0x00003f8b     0x1c9c CMakeFiles/uart_xx1.dir/D_/win/Pico/pico-sdk/src/rp2_common/hardware_irq/irq.c.obj
 .debug_info    0x00005c27      0x1a4 CMakeFiles/uart_xx1.dir/D_/win/Pico/pico-sdk/src/common/pico_sync/lock_core.c.obj
 .debug_info    0x00005dcb     0x20d3 CMakeFiles/uart_xx1.dir/D_/win/Pico/pico-sdk/src/common/pico_sync/mutex.c.obj
 .debug_info    0x00007e9e     0x4066 CMakeFiles/uart_xx1.dir/D_/win/Pico/pico-sdk/src/common/pico_time/time.c.obj
 .debug_info    0x0000bf04     0x13ee CMakeFiles/uart_xx1.dir/D_/win/Pico/pico-sdk/src/rp2_common/hardware_timer/timer.c.obj
 .debug_info    0x0000d2f2     0x123b CMakeFiles/uart_xx1.dir/D_/win/Pico/pico-sdk/src/common/pico_util/pheap.c.obj
 .debug_info    0x0000e52d      0xb65 CMakeFiles/uart_xx1.dir/D_/win/Pico/pico-sdk/src/rp2_common/hardware_uart/uart.c.obj
 .debug_info    0x0000f092      0xf8d CMakeFiles/uart_xx1.dir/D_/win/Pico/pico-sdk/src/rp2_common/hardware_clocks/clocks.c.obj
 .debug_info    0x0001001f      0x51b CMakeFiles/uart_xx1.dir/D_/win/Pico/pico-sdk/src/rp2_common/hardware_pll/pll.c.obj
 .debug_info    0x0001053a      0x4ee CMakeFiles/uart_xx1.dir/D_/win/Pico/pico-sdk/src/rp2_common/hardware_watchdog/watchdog.c.obj
 .debug_info    0x00010a28      0x1d8 CMakeFiles/uart_xx1.dir/D_/win/Pico/pico-sdk/src/rp2_common/hardware_xosc/xosc.c.obj
 .debug_info    0x00010c00     0x1028 CMakeFiles/uart_xx1.dir/D_/win/Pico/pico-sdk/src/rp2_common/pico_runtime/runtime.c.obj
 .debug_info    0x00011c28     0x1a5f CMakeFiles/uart_xx1.dir/D_/win/Pico/pico-sdk/src/rp2_common/pico_printf/printf.c.obj
 .debug_info    0x00013687       0x22 CMakeFiles/uart_xx1.dir/D_/win/Pico/pico-sdk/src/rp2_common/pico_bit_ops/bit_ops_aeabi.S.obj
 .debug_info    0x000136a9      0x27c CMakeFiles/uart_xx1.dir/D_/win/Pico/pico-sdk/src/rp2_common/pico_bootrom/bootrom.c.obj
 .debug_info    0x00013925       0x22 CMakeFiles/uart_xx1.dir/D_/win/Pico/pico-sdk/src/rp2_common/pico_divider/divider.S.obj
 .debug_info    0x00013947       0x22 CMakeFiles/uart_xx1.dir/D_/win/Pico/pico-sdk/src/rp2_common/pico_double/double_aeabi.S.obj
 .debug_info    0x00013969      0x2fb CMakeFiles/uart_xx1.dir/D_/win/Pico/pico-sdk/src/rp2_common/pico_double/double_init_rom.c.obj
 .debug_info    0x00013c64       0x26 CMakeFiles/uart_xx1.dir/D_/win/Pico/pico-sdk/src/rp2_common/pico_double/double_v1_rom_shim.S.obj
 .debug_info    0x00013c8a       0x26 CMakeFiles/uart_xx1.dir/D_/win/Pico/pico-sdk/src/rp2_common/pico_int64_ops/pico_int64_ops_aeabi.S.obj
 .debug_info    0x00013cb0       0x22 CMakeFiles/uart_xx1.dir/D_/win/Pico/pico-sdk/src/rp2_common/pico_float/float_aeabi.S.obj
 .debug_info    0x00013cd2      0x2d8 CMakeFiles/uart_xx1.dir/D_/win/Pico/pico-sdk/src/rp2_common/pico_float/float_init_rom.c.obj
 .debug_info    0x00013faa      0x334 CMakeFiles/uart_xx1.dir/D_/win/Pico/pico-sdk/src/rp2_common/pico_malloc/pico_malloc.c.obj
 .debug_info    0x000142de       0x22 CMakeFiles/uart_xx1.dir/D_/win/Pico/pico-sdk/src/rp2_common/pico_mem_ops/mem_ops_aeabi.S.obj
 .debug_info    0x00014300       0x22 CMakeFiles/uart_xx1.dir/D_/win/Pico/pico-sdk/src/rp2_common/pico_standard_link/crt0.S.obj
 .debug_info    0x00014322      0x2f6 CMakeFiles/uart_xx1.dir/D_/win/Pico/pico-sdk/src/rp2_common/pico_standard_link/binary_info.c.obj
 .debug_info    0x00014618     0x1821 CMakeFiles/uart_xx1.dir/D_/win/Pico/pico-sdk/src/rp2_common/pico_stdio/stdio.c.obj
 .debug_info    0x00015e39     0x1044 CMakeFiles/uart_xx1.dir/D_/win/Pico/pico-sdk/src/rp2_common/pico_stdio_uart/stdio_uart.c.obj

.debug_abbrev   0x00000000     0x4873
 .debug_abbrev  0x00000000      0x291 CMakeFiles/uart_xx1.dir/main.c.obj
 .debug_abbrev  0x00000291      0x15d CMakeFiles/uart_xx1.dir/ring_buffer.c.obj
 .debug_abbrev  0x000003ee      0x334 CMakeFiles/uart_xx1.dir/uart.c.obj
 .debug_abbrev  0x00000722      0x339 CMakeFiles/uart_xx1.dir/D_/win/Pico/pico-sdk/src/rp2_common/hardware_gpio/gpio.c.obj
 .debug_abbrev  0x00000a5b       0xeb CMakeFiles/uart_xx1.dir/D_/win/Pico/pico-sdk/src/rp2_common/pico_platform/platform.c.obj
 .debug_abbrev  0x00000b46      0x2e9 CMakeFiles/uart_xx1.dir/D_/win/Pico/pico-sdk/src/rp2_common/hardware_claim/claim.c.obj
 .debug_abbrev  0x00000e2f      0x21b CMakeFiles/uart_xx1.dir/D_/win/Pico/pico-sdk/src/rp2_common/hardware_sync/sync.c.obj
 .debug_abbrev  0x0000104a      0x4e7 CMakeFiles/uart_xx1.dir/D_/win/Pico/pico-sdk/src/rp2_common/hardware_irq/irq.c.obj
 .debug_abbrev  0x00001531      0x116 CMakeFiles/uart_xx1.dir/D_/win/Pico/pico-sdk/src/common/pico_sync/lock_core.c.obj
 .debug_abbrev  0x00001647      0x397 CMakeFiles/uart_xx1.dir/D_/win/Pico/pico-sdk/src/common/pico_sync/mutex.c.obj
 .debug_abbrev  0x000019de      0x571 CMakeFiles/uart_xx1.dir/D_/win/Pico/pico-sdk/src/common/pico_time/time.c.obj
 .debug_abbrev  0x00001f4f      0x3b8 CMakeFiles/uart_xx1.dir/D_/win/Pico/pico-sdk/src/rp2_common/hardware_timer/timer.c.obj
 .debug_abbrev  0x00002307      0x297 CMakeFiles/uart_xx1.dir/D_/win/Pico/pico-sdk/src/common/pico_util/pheap.c.obj
 .debug_abbrev  0x0000259e      0x2d2 CMakeFiles/uart_xx1.dir/D_/win/Pico/pico-sdk/src/rp2_common/hardware_uart/uart.c.obj
 .debug_abbrev  0x00002870      0x3a5 CMakeFiles/uart_xx1.dir/D_/win/Pico/pico-sdk/src/rp2_common/hardware_clocks/clocks.c.obj
 .debug_abbrev  0x00002c15      0x1ea CMakeFiles/uart_xx1.dir/D_/win/Pico/pico-sdk/src/rp2_common/hardware_pll/pll.c.obj
 .debug_abbrev  0x00002dff      0x1a8 CMakeFiles/uart_xx1.dir/D_/win/Pico/pico-sdk/src/rp2_common/hardware_watchdog/watchdog.c.obj
 .debug_abbrev  0x00002fa7      0x109 CMakeFiles/uart_xx1.dir/D_/win/Pico/pico-sdk/src/rp2_common/hardware_xosc/xosc.c.obj
 .debug_abbrev  0x000030b0      0x4ba CMakeFiles/uart_xx1.dir/D_/win/Pico/pico-sdk/src/rp2_common/pico_runtime/runtime.c.obj
 .debug_abbrev  0x0000356a      0x384 CMakeFiles/uart_xx1.dir/D_/win/Pico/pico-sdk/src/rp2_common/pico_printf/printf.c.obj
 .debug_abbrev  0x000038ee       0x12 CMakeFiles/uart_xx1.dir/D_/win/Pico/pico-sdk/src/rp2_common/pico_bit_ops/bit_ops_aeabi.S.obj
 .debug_abbrev  0x00003900      0x13b CMakeFiles/uart_xx1.dir/D_/win/Pico/pico-sdk/src/rp2_common/pico_bootrom/bootrom.c.obj
 .debug_abbrev  0x00003a3b       0x12 CMakeFiles/uart_xx1.dir/D_/win/Pico/pico-sdk/src/rp2_common/pico_divider/divider.S.obj
 .debug_abbrev  0x00003a4d       0x12 CMakeFiles/uart_xx1.dir/D_/win/Pico/pico-sdk/src/rp2_common/pico_double/double_aeabi.S.obj
 .debug_abbrev  0x00003a5f      0x196 CMakeFiles/uart_xx1.dir/D_/win/Pico/pico-sdk/src/rp2_common/pico_double/double_init_rom.c.obj
 .debug_abbrev  0x00003bf5       0x14 CMakeFiles/uart_xx1.dir/D_/win/Pico/pico-sdk/src/rp2_common/pico_double/double_v1_rom_shim.S.obj
 .debug_abbrev  0x00003c09       0x14 CMakeFiles/uart_xx1.dir/D_/win/Pico/pico-sdk/src/rp2_common/pico_int64_ops/pico_int64_ops_aeabi.S.obj
 .debug_abbrev  0x00003c1d       0x12 CMakeFiles/uart_xx1.dir/D_/win/Pico/pico-sdk/src/rp2_common/pico_float/float_aeabi.S.obj
 .debug_abbrev  0x00003c2f      0x18d CMakeFiles/uart_xx1.dir/D_/win/Pico/pico-sdk/src/rp2_common/pico_float/float_init_rom.c.obj
 .debug_abbrev  0x00003dbc      0x159 CMakeFiles/uart_xx1.dir/D_/win/Pico/pico-sdk/src/rp2_common/pico_malloc/pico_malloc.c.obj
 .debug_abbrev  0x00003f15       0x12 CMakeFiles/uart_xx1.dir/D_/win/Pico/pico-sdk/src/rp2_common/pico_mem_ops/mem_ops_aeabi.S.obj
 .debug_abbrev  0x00003f27       0x12 CMakeFiles/uart_xx1.dir/D_/win/Pico/pico-sdk/src/rp2_common/pico_standard_link/crt0.S.obj
 .debug_abbrev  0x00003f39       0xad CMakeFiles/uart_xx1.dir/D_/win/Pico/pico-sdk/src/rp2_common/pico_standard_link/binary_info.c.obj
 .debug_abbrev  0x00003fe6      0x4a5 CMakeFiles/uart_xx1.dir/D_/win/Pico/pico-sdk/src/rp2_common/pico_stdio/stdio.c.obj
 .debug_abbrev  0x0000448b      0x3e8 CMakeFiles/uart_xx1.dir/D_/win/Pico/pico-sdk/src/rp2_common/pico_stdio_uart/stdio_uart.c.obj

.debug_loc      0x00000000     0xf58e
 .debug_loc     0x00000000      0x382 CMakeFiles/uart_xx1.dir/main.c.obj
 .debug_loc     0x00000382      0x1dc CMakeFiles/uart_xx1.dir/ring_buffer.c.obj
 .debug_loc     0x0000055e      0x708 CMakeFiles/uart_xx1.dir/uart.c.obj
 .debug_loc     0x00000c66     0x118d CMakeFiles/uart_xx1.dir/D_/win/Pico/pico-sdk/src/rp2_common/hardware_gpio/gpio.c.obj
 .debug_loc     0x00001df3       0xe9 CMakeFiles/uart_xx1.dir/D_/win/Pico/pico-sdk/src/rp2_common/pico_platform/platform.c.obj
 .debug_loc     0x00001edc      0x45f CMakeFiles/uart_xx1.dir/D_/win/Pico/pico-sdk/src/rp2_common/hardware_claim/claim.c.obj
 .debug_loc     0x0000233b      0x233 CMakeFiles/uart_xx1.dir/D_/win/Pico/pico-sdk/src/rp2_common/hardware_sync/sync.c.obj
 .debug_loc     0x0000256e     0x13f5 CMakeFiles/uart_xx1.dir/D_/win/Pico/pico-sdk/src/rp2_common/hardware_irq/irq.c.obj
 .debug_loc     0x00003963       0x60 CMakeFiles/uart_xx1.dir/D_/win/Pico/pico-sdk/src/common/pico_sync/lock_core.c.obj
 .debug_loc     0x000039c3     0x152e CMakeFiles/uart_xx1.dir/D_/win/Pico/pico-sdk/src/common/pico_sync/mutex.c.obj
 .debug_loc     0x00004ef1     0x31cb CMakeFiles/uart_xx1.dir/D_/win/Pico/pico-sdk/src/common/pico_time/time.c.obj
 .debug_loc     0x000080bc      0xacb CMakeFiles/uart_xx1.dir/D_/win/Pico/pico-sdk/src/rp2_common/hardware_timer/timer.c.obj
 .debug_loc     0x00008b87     0x1446 CMakeFiles/uart_xx1.dir/D_/win/Pico/pico-sdk/src/common/pico_util/pheap.c.obj