Archive member included to satisfy reference by file (symbol)

d:/win/pico/gcc-arm-none-eabi/bin/../lib/gcc/arm-none-eabi/10.3.1/thumb/v6-m/nofp\libgcc.a(_dvmd_tls.o)
                              CMakeFiles/I2C_EEPROM.dir/D_/win/Pico/pico-sdk/src/rp2_common/pico_divider/divider.S.obj (__aeabi_idiv0)
d:/win/pico/gcc-arm-none-eabi/bin/../lib/gcc/arm-none-eabi/10.3.1/../../../../arm-none-eabi/lib/thumb/v6-m/nofp\libg.a(lib_a-calloc.o)
                              CMakeFiles/I2C_EEPROM.dir/D_/win/Pico/pico-sdk/src/rp2_common/pico_malloc/pico_malloc.c.obj (calloc)
d:/win/pico/gcc-arm-none-eabi/bin/../lib/gcc/arm-none-eabi/10.3.1/../../../../arm-none-eabi/lib/thumb/v6-m/nofp\libg.a(lib_a-callocr.o)
                              d:/win/pico/gcc-arm-none-eabi/bin/../lib/gcc/arm-none-eabi/10.3.1/../../../../arm-none-eabi/lib/thumb/v6-m/nofp\libg.a(lib_a-calloc.o) (_calloc_r)
d:/win/pico/gcc-arm-none-eabi/bin/../lib/gcc/arm-none-eabi/10.3.1/../../../../arm-none-eabi/lib/thumb/v6-m/nofp\libg.a(lib_a-errno.o)
                              d:/win/pico/gcc-arm-none-eabi/bin/../lib/gcc/arm-none-eabi/10.3.1/../../../../arm-none-eabi/lib/thumb/v6-m/nofp\libg.a(lib_a-callocr.o) (__errno)
d:/win/pico/gcc-arm-none-eabi/bin/../lib/gcc/arm-none-eabi/10.3.1/../../../../arm-none-eabi/lib/thumb/v6-m/nofp\libg.a(lib_a-impure.o)
                              d:/win/pico/gcc-arm-none-eabi/bin/../lib/gcc/arm-none-eabi/10.3.1/../../../../arm-none-eabi/lib/thumb/v6-m/nofp\libg.a(lib_a-calloc.o) (_impure_ptr)
d:/win/pico/gcc-arm-none-eabi/bin/../lib/gcc/arm-none-eabi/10.3.1/../../../../arm-none-eabi/lib/thumb/v6-m/nofp\libg.a(lib_a-init.o)
                              d:/win/pico/gcc-arm-none-eabi/bin/../lib/gcc/arm-none-eabi/10.3.1/../../../../arm-none-eabi/lib/thumb/v6-m/nofp/crt0.o (__libc_init_array)
d:/win/pico/gcc-arm-none-eabi/bin/../lib/gcc/arm-none-eabi/10.3.1/../../../../arm-none-eabi/lib/thumb/v6-m/nofp\libg.a(lib_a-malloc.o)
                              CMakeFiles/I2C_EEPROM.dir/D_/win/Pico/pico-sdk/src/rp2_common/pico_malloc/pico_malloc.c.obj (malloc)
d:/win/pico/gcc-arm-none-eabi/bin/../lib/gcc/arm-none-eabi/10.3.1/../../../../arm-none-eabi/lib/thumb/v6-m/nofp\libg.a(lib_a-mallocr.o)
                              d:/win/pico/gcc-arm-none-eabi/bin/../lib/gcc/arm-none-eabi/10.3.1/../../../../arm-none-eabi/lib/thumb/v6-m/nofp\libg.a(lib_a-callocr.o) (_malloc_r)
d:/win/pico/gcc-arm-none-eabi/bin/../lib/gcc/arm-none-eabi/10.3.1/../../../../arm-none-eabi/lib/thumb/v6-m/nofp\libg.a(lib_a-mlock.o)
                              d:/win/pico/gcc-arm-none-eabi/bin/../lib/gcc/arm-none-eabi/10.3.1/../../../../arm-none-eabi/lib/thumb/v6-m/nofp\libg.a(lib_a-mallocr.o) (__malloc_lock)
d:/win/pico/gcc-arm-none-eabi/bin/../lib/gcc/arm-none-eabi/10.3.1/../../../../arm-none-eabi/lib/thumb/v6-m/nofp\libg.a(lib_a-realloc.o)
                              CMakeFiles/I2C_EEPROM.dir/D_/win/Pico/pico-sdk/src/rp2_common/pico_malloc/pico_malloc.c.obj (realloc)
d:/win/pico/gcc-arm-none-eabi/bin/../lib/gcc/arm-none-eabi/10.3.1/../../../../arm-none-eabi/lib/thumb/v6-m/nofp\libg.a(lib_a-reallocr.o)
                              d:/win/pico/gcc-arm-none-eabi/bin/../lib/gcc/arm-none-eabi/10.3.1/../../../../arm-none-eabi/lib/thumb/v6-m/nofp\libg.a(lib_a-realloc.o) (_realloc_r)
d:/win/pico/gcc-arm-none-eabi/bin/../lib/gcc/arm-none-eabi/10.3.1/../../../../arm-none-eabi/lib/thumb/v6-m/nofp\libg.a(lib_a-sbrkr.o)
                              d:/win/pico/gcc-arm-none-eabi/bin/../lib/gcc/arm-none-eabi/10.3.1/../../../../arm-none-eabi/lib/thumb/v6-m/nofp\libg.a(lib_a-mallocr.o) (_sbrk_r)
d:/win/pico/gcc-arm-none-eabi/bin/../lib/gcc/arm-none-eabi/10.3.1/../../../../arm-none-eabi/lib/thumb/v6-m/nofp\libg.a(lib_a-strcmp.o)
                              CMakeFiles/I2C_EEPROM.dir/main.c.obj (strcmp)
d:/win/pico/gcc-arm-none-eabi/bin/../lib/gcc/arm-none-eabi/10.3.1/../../../../arm-none-eabi/lib/thumb/v6-m/nofp\libg.a(lib_a-strlen-stub.o)
                              CMakeFiles/I2C_EEPROM.dir/main.c.obj (strlen)
d:/win/pico/gcc-arm-none-eabi/bin/../lib/gcc/arm-none-eabi/10.3.1/../../../../arm-none-eabi/lib/thumb/v6-m/nofp\libg.a(lib_a-freer.o)
                              d:/win/pico/gcc-arm-none-eabi/bin/../lib/gcc/arm-none-eabi/10.3.1/../../../../arm-none-eabi/lib/thumb/v6-m/nofp\libg.a(lib_a-malloc.o) (_free_r)
d:/win/pico/gcc-arm-none-eabi/bin/../lib/gcc/arm-none-eabi/10.3.1/../../../../arm-none-eabi/lib/thumb/v6-m/nofp\libg.a(lib_a-lock.o)
                              d:/win/pico/gcc-arm-none-eabi/bin/../lib/gcc/arm-none-eabi/10.3.1/../../../../arm-none-eabi/lib/thumb/v6-m/nofp\libg.a(lib_a-mlock.o) (__retarget_lock_acquire_recursive)
d:/win/pico/gcc-arm-none-eabi/bin/../lib/gcc/arm-none-eabi/10.3.1/../../../../arm-none-eabi/lib/thumb/v6-m/nofp\libg.a(lib_a-memmove.o)
                              d:/win/pico/gcc-arm-none-eabi/bin/../lib/gcc/arm-none-eabi/10.3.1/../../../../arm-none-eabi/lib/thumb/v6-m/nofp\libg.a(lib_a-reallocr.o) (memmove)
[...]
Memory Configuration

Name             Origin             Length             Attributes
FLASH            0x10000000         0x00200000         xr
RAM              0x20000000         0x00040000         xrw
SCRATCH_X        0x20040000         0x00001000         xrw
SCRATCH_Y        0x20041000         0x00001000         xrw
*default*        0x00000000         0xffffffff

Linker script and memory map

LOAD d:/win/pico/gcc-arm-none-eabi/bin/../lib/gcc/arm-none-eabi/10.3.1/thumb/v6-m/nofp/crti.o
LOAD d:/win/pico/gcc-arm-none-eabi/bin/../lib/gcc/arm-none-eabi/10.3.1/thumb/v6-m/nofp/crtbegin.o
LOAD d:/win/pico/gcc-arm-none-eabi/bin/../lib/gcc/arm-none-eabi/10.3.1/../../../../arm-none-eabi/lib/thumb/v6-m/nofp/crt0.o

.flash_begin    0x10000000        0x0
                0x10000000                __flash_binary_start = .

.boot2          0x10000000      0x100
                0x10000000                __boot2_start__ = .
 *(.boot2)
 .boot2         0x10000000      0x100 C:\Users\iamna\AppData\Local\Temp\ccMLsWHz.o
                0x10000100                __boot2_end__ = .
                0x00000001                ASSERT (((__boot2_end__ - __boot2_start__) == 0x100), ERROR: Pico second stage bootloader must be 256 bytes in size)

.text           0x10000100     0x7528
                0x10000100                __logical_binary_start = .
 *(.vectors)
 .vectors       0x10000100       0xd4 CMakeFiles/I2C_EEPROM.dir/D_/win/Pico/pico-sdk/src/rp2_common/pico_standard_link/crt0.S.obj
                0x10000100                __VECTOR_TABLE
                0x10000100                __vectors
                0x100001c0                isr_invalid
                0x100001c0                __default_isrs_start
                0x100001c2                isr_nmi
                0x100001c4                isr_hardfault
                0x100001c6                isr_svcall
                0x100001c8                isr_pendsv
                0x100001ca                isr_systick
                0x100001cc                isr_irq23
                0x100001cc                isr_irq18
                0x100001cc                isr_irq11
                0x100001cc                isr_irq28
                0x100001cc                isr_irq19
                0x100001cc                isr_irq0
                0x100001cc                isr_irq6
                0x100001cc                isr_irq5
                0x100001cc                isr_irq12
                0x100001cc                isr_irq22
                0x100001cc                isr_irq31
                0x100001cc                isr_irq17
                0x100001cc                isr_irq27
                0x100001cc                isr_irq30
                0x100001cc                isr_irq2
                0x100001cc                isr_irq10
                0x100001cc                isr_irq8
                0x100001cc                isr_irq24
                0x100001cc                isr_irq1
                0x100001cc                isr_irq7
                0x100001cc                isr_irq21
                0x100001cc                isr_irq20
                0x100001cc                isr_irq15
                0x100001cc                isr_irq25
                0x100001cc                isr_irq13
                0x100001cc                __unhandled_user_irq
                0x100001cc                isr_irq4
                0x100001cc                isr_irq16
                0x100001cc                isr_irq29
                0x100001cc                isr_irq26
                0x100001cc                __default_isrs_end
                0x100001cc                isr_irq3
                0x100001cc                isr_irq14
                0x100001cc                isr_irq9
                0x100001d2                unhandled_user_irq_num_in_r0
 *(.binary_info_header)
 .binary_info_header
                0x100001d4       0x14 CMakeFiles/I2C_EEPROM.dir/D_/win/Pico/pico-sdk/src/rp2_common/pico_standard_link/crt0.S.obj
                0x100001e8                __binary_info_header_end = .
 *(.reset)
 .reset         0x100001e8       0xa0 CMakeFiles/I2C_EEPROM.dir/D_/win/Pico/pico-sdk/src/rp2_common/pico_standard_link/crt0.S.obj
                0x100001e8                _entry_point
 .reset         0x10000288       0x30 CMakeFiles/I2C_EEPROM.dir/D_/win/Pico/pico-sdk/src/rp2_common/pico_standard_link/binary_info.c.obj
 *(.init)
 .init          0x100002b8        0x4 d:/win/pico/gcc-arm-none-eabi/bin/../lib/gcc/arm-none-eabi/10.3.1/thumb/v6-m/nofp/crti.o
                0x100002b8                _init
 *(EXCLUDE_FILE(*libm.a: *libc.a:*lib_a-mem*.o *libgcc.a:) .text*)
 .text          0x100002bc       0x48 d:/win/pico/gcc-arm-none-eabi/bin/../lib/gcc/arm-none-eabi/10.3.1/thumb/v6-m/nofp/crtbegin.o
 .text.crc16    0x10000304       0x38 CMakeFiles/I2C_EEPROM.dir/main.c.obj
                0x10000304                crc16
 .text.set_led_state
                0x1000033c        0x8 CMakeFiles/I2C_EEPROM.dir/main.c.obj
                0x1000033c                set_led_state
 .text.led_state_is_valid
                0x10000344       0x12 CMakeFiles/I2C_EEPROM.dir/main.c.obj
                0x10000344                led_state_is_valid
 *fill*         0x10000356        0x2 
 .text.eeprom_write_bytes
                0x10000358       0x4c CMakeFiles/I2C_EEPROM.dir/main.c.obj
                0x10000358                eeprom_write_bytes
 .text.eeprom_read_bytes
                0x100003a4       0x3c CMakeFiles/I2C_EEPROM.dir/main.c.obj
                0x100003a4                eeprom_read_bytes
 .text.print_state
                0x100003e0       0x50 CMakeFiles/I2C_EEPROM.dir/main.c.obj
                0x100003e0                print_state
 .text.print_time
                0x10000430       0x34 CMakeFiles/I2C_EEPROM.dir/main.c.obj
                0x10000430                print_time
 .text.erase_log
                0x10000464       0x40 CMakeFiles/I2C_EEPROM.dir/main.c.obj
                0x10000464                erase_log
 .text.write_log
                0x100004a4       0x9c CMakeFiles/I2C_EEPROM.dir/main.c.obj
                0x100004a4                write_log
 .text.read_log
                0x10000540       0x5c CMakeFiles/I2C_EEPROM.dir/main.c.obj
                0x10000540                read_log
 .text.pressed  0x1000059c       0x4e CMakeFiles/I2C_EEPROM.dir/main.c.obj
                0x1000059c                pressed
 *fill*         0x100005ea        0x2 
 .text.get_elapsed_seconds
                0x100005ec       0x24 CMakeFiles/I2C_EEPROM.dir/main.c.obj
                0x100005ec                get_elapsed_seconds
 .text.read_address
                0x10000610       0x54 CMakeFiles/I2C_EEPROM.dir/main.c.obj
                0x10000610                read_address
 .text.main     0x10000664      0x36c CMakeFiles/I2C_EEPROM.dir/main.c.obj
                0x10000664                main
 .text.gpio_set_function
                0x100009d0       0x30 CMakeFiles/I2C_EEPROM.dir/D_/win/Pico/pico-sdk/src/rp2_common/hardware_gpio/gpio.c.obj
                0x100009d0                gpio_set_function
 .text.gpio_set_pulls
                0x10000a00       0x34 CMakeFiles/I2C_EEPROM.dir/D_/win/Pico/pico-sdk/src/rp2_common/hardware_gpio/gpio.c.obj
                0x10000a00                gpio_set_pulls
 .text.gpio_init
                0x10000a34       0x16 CMakeFiles/I2C_EEPROM.dir/D_/win/Pico/pico-sdk/src/rp2_common/hardware_gpio/gpio.c.obj
                0x10000a34                gpio_init
 *fill*         0x10000a4a        0x2 
 .text.running_on_fpga
                0x10000a4c       0x14 CMakeFiles/I2C_EEPROM.dir/D_/win/Pico/pico-sdk/src/rp2_common/pico_platform/platform.c.obj
                0x10000a4c                running_on_fpga
 .text.hw_claim_lock
                0x10000a60       0x18 CMakeFiles/I2C_EEPROM.dir/D_/win/Pico/pico-sdk/src/rp2_common/hardware_claim/claim.c.obj
                0x10000a60                hw_claim_lock
 .text.hw_claim_unlock
                0x10000a78       0x14 CMakeFiles/I2C_EEPROM.dir/D_/win/Pico/pico-sdk/src/rp2_common/hardware_claim/claim.c.obj
                0x10000a78                hw_claim_unlock
 .text.hw_claim_or_assert
                0x10000a8c       0x32 CMakeFiles/I2C_EEPROM.dir/D_/win/Pico/pico-sdk/src/rp2_common/hardware_claim/claim.c.obj
                0x10000a8c                hw_claim_or_assert
 .text.hw_claim_unused_from_range
                0x10000abe       0x50 CMakeFiles/I2C_EEPROM.dir/D_/win/Pico/pico-sdk/src/rp2_common/hardware_claim/claim.c.obj
                0x10000abe                hw_claim_unused_from_range
 *fill*         0x10000b0e        0x2 
 .text.spin_locks_reset
                0x10000b10       0x20 CMakeFiles/I2C_EEPROM.dir/D_/win/Pico/pico-sdk/src/rp2_common/hardware_sync/sync.c.obj
                0x10000b10                spin_locks_reset
 .text.next_striped_spin_lock_num
                0x10000b30       0x1c CMakeFiles/I2C_EEPROM.dir/D_/win/Pico/pico-sdk/src/rp2_common/hardware_sync/sync.c.obj
                0x10000b30                next_striped_spin_lock_num
 .text.spin_lock_claim_unused
                0x10000b4c       0x20 CMakeFiles/I2C_EEPROM.dir/D_/win/Pico/pico-sdk/src/rp2_common/hardware_sync/sync.c.obj
                0x10000b4c                spin_lock_claim_unused
 .text.set_raw_irq_handler_and_unlock
                0x10000b6c       0x28 CMakeFiles/I2C_EEPROM.dir/D_/win/Pico/pico-sdk/src/rp2_common/hardware_irq/irq.c.obj
 .text.make_branch
                0x10000b94       0x48 CMakeFiles/I2C_EEPROM.dir/D_/win/Pico/pico-sdk/src/rp2_common/hardware_irq/irq.c.obj
 .text.insert_branch_and_link
                0x10000bdc       0x40 CMakeFiles/I2C_EEPROM.dir/D_/win/Pico/pico-sdk/src/rp2_common/hardware_irq/irq.c.obj
 .text.irq_is_enabled
                0x10000c1c       0x18 CMakeFiles/I2C_EEPROM.dir/D_/win/Pico/pico-sdk/src/rp2_common/hardware_irq/irq.c.obj
                0x10000c1c                irq_is_enabled
 .text.irq_set_mask_enabled
                0x10000c34       0x20 CMakeFiles/I2C_EEPROM.dir/D_/win/Pico/pico-sdk/src/rp2_common/hardware_irq/irq.c.obj
                0x10000c34                irq_set_mask_enabled
 .text.irq_set_enabled
                0x10000c54        0xe CMakeFiles/I2C_EEPROM.dir/D_/win/Pico/pico-sdk/src/rp2_common/hardware_irq/irq.c.obj
                0x10000c54                irq_set_enabled
 *fill*         0x10000c62        0x2 
 .text.irq_set_pending
                0x10000c64       0x10 CMakeFiles/I2C_EEPROM.dir/D_/win/Pico/pico-sdk/src/rp2_common/hardware_irq/irq.c.obj
                0x10000c64                irq_set_pending
 .text.irq_get_vtable_handler
                0x10000c74       0x10 CMakeFiles/I2C_EEPROM.dir/D_/win/Pico/pico-sdk/src/rp2_common/hardware_irq/irq.c.obj
                0x10000c74                irq_get_vtable_handler
 .text.irq_has_shared_handler
                0x10000c84       0x24 CMakeFiles/I2C_EEPROM.dir/D_/win/Pico/pico-sdk/src/rp2_common/hardware_irq/irq.c.obj
                0x10000c84                irq_has_shared_handler
 .text.irq_set_exclusive_handler
                0x10000ca8       0x54 CMakeFiles/I2C_EEPROM.dir/D_/win/Pico/pico-sdk/src/rp2_common/hardware_irq/irq.c.obj
                0x10000ca8                irq_set_exclusive_handler
 .text.irq_add_shared_handler
                0x10000cfc      0x234 CMakeFiles/I2C_EEPROM.dir/D_/win/Pico/pico-sdk/src/rp2_common/hardware_irq/irq.c.obj
                0x10000cfc                irq_add_shared_handler
 .text.irq_remove_handler
                0x10000f30      0x1ac CMakeFiles/I2C_EEPROM.dir/D_/win/Pico/pico-sdk/src/rp2_common/hardware_irq/irq.c.obj
                0x10000f30                irq_remove_handler
 .text.irq_add_tail_to_free_list
                0x100010dc       0xf0 CMakeFiles/I2C_EEPROM.dir/D_/win/Pico/pico-sdk/src/rp2_common/hardware_irq/irq.c.obj
                0x100010dc                irq_add_tail_to_free_list
 .text.irq_init_priorities
                0x100011cc       0x1c CMakeFiles/I2C_EEPROM.dir/D_/win/Pico/pico-sdk/src/rp2_common/hardware_irq/irq.c.obj
                0x100011cc                irq_init_priorities
 .text.user_irq_claim_unused
                0x100011e8       0x28 CMakeFiles/I2C_EEPROM.dir/D_/win/Pico/pico-sdk/src/rp2_common/hardware_irq/irq.c.obj
                0x100011e8                user_irq_claim_unused
 .text.lock_init
                0x10001210       0x10 CMakeFiles/I2C_EEPROM.dir/D_/win/Pico/pico-sdk/src/common/pico_sync/lock_core.c.obj
                0x10001210                lock_init
 .text.mutex_init
                0x10001220       0x1a CMakeFiles/I2C_EEPROM.dir/D_/win/Pico/pico-sdk/src/common/pico_sync/mutex.c.obj
                0x10001220                mutex_init
 .text.recursive_mutex_init
                0x1000123a       0x1e CMakeFiles/I2C_EEPROM.dir/D_/win/Pico/pico-sdk/src/common/pico_sync/mutex.c.obj
                0x1000123a                recursive_mutex_init
 .text.critical_section_init_with_lock_num
                0x10001258       0x14 CMakeFiles/I2C_EEPROM.dir/D_/win/Pico/pico-sdk/src/common/pico_sync/critical_section.c.obj
                0x10001258                critical_section_init_with_lock_num
 .text.critical_section_init
                0x1000126c       0x14 CMakeFiles/I2C_EEPROM.dir/D_/win/Pico/pico-sdk/src/common/pico_sync/critical_section.c.obj
                0x1000126c                critical_section_init
 .text.alarm_pool_post_alloc_init
                0x10001280       0x40 CMakeFiles/I2C_EEPROM.dir/D_/win/Pico/pico-sdk/src/common/pico_time/time.c.obj
 .text.sleep_until_callback
                0x100012c0       0x30 CMakeFiles/I2C_EEPROM.dir/D_/win/Pico/pico-sdk/src/common/pico_time/time.c.obj
 .text.timer_pool_entry_comparator
                0x100012f0       0x7c CMakeFiles/I2C_EEPROM.dir/D_/win/Pico/pico-sdk/src/common/pico_time/time.c.obj
                0x100012f0                timer_pool_entry_comparator
 .text.ph_add_child_node
                0x1000136c       0xa4 CMakeFiles/I2C_EEPROM.dir/D_/win/Pico/pico-sdk/src/common/pico_time/time.c.obj
 .text.ph_merge_nodes
                0x10001410       0x3e CMakeFiles/I2C_EEPROM.dir/D_/win/Pico/pico-sdk/src/common/pico_time/time.c.obj
 *fill*         0x1000144e        0x2 
 .text.add_alarm_under_lock
                0x10001450      0x174 CMakeFiles/I2C_EEPROM.dir/D_/win/Pico/pico-sdk/src/common/pico_time/time.c.obj
 .text.alarm_pool_alarm_callback
                0x100015c4      0x33c CMakeFiles/I2C_EEPROM.dir/D_/win/Pico/pico-sdk/src/common/pico_time/time.c.obj
 .text.alarm_pool_init_default
                0x10001900       0x40 CMakeFiles/I2C_EEPROM.dir/D_/win/Pico/pico-sdk/src/common/pico_time/time.c.obj
                0x10001900                alarm_pool_init_default
 .text.alarm_pool_get_default
                0x10001940       0x2c CMakeFiles/I2C_EEPROM.dir/D_/win/Pico/pico-sdk/src/common/pico_time/time.c.obj
                0x10001940                alarm_pool_get_default
 .text.alarm_pool_add_alarm_at
                0x1000196c      0x168 CMakeFiles/I2C_EEPROM.dir/D_/win/Pico/pico-sdk/src/common/pico_time/time.c.obj
                0x1000196c                alarm_pool_add_alarm_at
 .text.alarm_pool_cancel_alarm
                0x10001ad4       0xf0 CMakeFiles/I2C_EEPROM.dir/D_/win/Pico/pico-sdk/src/common/pico_time/time.c.obj
                0x10001ad4                alarm_pool_cancel_alarm
 .text.alarm_pool_core_num
                0x10001bc4        0x4 CMakeFiles/I2C_EEPROM.dir/D_/win/Pico/pico-sdk/src/common/pico_time/time.c.obj
                0x10001bc4                alarm_pool_core_num
 .text.sleep_until
                0x10001bc8       0xfc CMakeFiles/I2C_EEPROM.dir/D_/win/Pico/pico-sdk/src/common/pico_time/time.c.obj
                0x10001bc8                sleep_until
 .text.sleep_us
                0x10001cc4       0x58 CMakeFiles/I2C_EEPROM.dir/D_/win/Pico/pico-sdk/src/common/pico_time/time.c.obj
                0x10001cc4                sleep_us
 .text.sleep_ms
                0x10001d1c       0x14 CMakeFiles/I2C_EEPROM.dir/D_/win/Pico/pico-sdk/src/common/pico_time/time.c.obj
                0x10001d1c                sleep_ms
 .text.best_effort_wfe_or_timeout
                0x10001d30       0xac CMakeFiles/I2C_EEPROM.dir/D_/win/Pico/pico-sdk/src/common/pico_time/time.c.obj
                0x10001d30                best_effort_wfe_or_timeout
 .text.hardware_alarm_irq_handler
                0x10001ddc       0x90 CMakeFiles/I2C_EEPROM.dir/D_/win/Pico/pico-sdk/src/rp2_common/hardware_timer/timer.c.obj
 .text.hardware_alarm_claim
                0x10001e6c       0x18 CMakeFiles/I2C_EEPROM.dir/D_/win/Pico/pico-sdk/src/rp2_common/hardware_timer/timer.c.obj
                0x10001e6c                hardware_alarm_claim
 .text.time_us_64
                0x10001e84       0x18 CMakeFiles/I2C_EEPROM.dir/D_/win/Pico/pico-sdk/src/rp2_common/hardware_timer/timer.c.obj
                0x10001e84                time_us_64
 .text.busy_wait_until
                0x10001e9c       0x28 CMakeFiles/I2C_EEPROM.dir/D_/win/Pico/pico-sdk/src/rp2_common/hardware_timer/timer.c.obj
                0x10001e9c                busy_wait_until
 .text.hardware_alarm_set_callback
                0x10001ec4       0x90 CMakeFiles/I2C_EEPROM.dir/D_/win/Pico/pico-sdk/src/rp2_common/hardware_timer/timer.c.obj
                0x10001ec4                hardware_alarm_set_callback
 .text.hardware_alarm_set_target
                0x10001f54       0xe8 CMakeFiles/I2C_EEPROM.dir/D_/win/Pico/pico-sdk/src/rp2_common/hardware_timer/timer.c.obj
                0x10001f54                hardware_alarm_set_target
 .text.hardware_alarm_cancel
                0x1000203c       0x40 CMakeFiles/I2C_EEPROM.dir/D_/win/Pico/pico-sdk/src/rp2_common/hardware_timer/timer.c.obj
                0x1000203c                hardware_alarm_cancel
 .text.ph_add_child_node
                0x1000207c       0xa4 CMakeFiles/I2C_EEPROM.dir/D_/win/Pico/pico-sdk/src/common/pico_util/pheap.c.obj
 .text.ph_merge_nodes
                0x10002120       0x3e CMakeFiles/I2C_EEPROM.dir/D_/win/Pico/pico-sdk/src/common/pico_util/pheap.c.obj
 *fill*         0x1000215e        0x2 
 .text.ph_clear
                0x10002160       0x70 CMakeFiles/I2C_EEPROM.dir/D_/win/Pico/pico-sdk/src/common/pico_util/pheap.c.obj
                0x10002160                ph_clear
 .text.ph_post_alloc_init
                0x100021d0        0xe CMakeFiles/I2C_EEPROM.dir/D_/win/Pico/pico-sdk/src/common/pico_util/pheap.c.obj
                0x100021d0                ph_post_alloc_init
 *fill*         0x100021de        0x2 
 .text.ph_merge_two_pass
                0x100021e0       0xa8 CMakeFiles/I2C_EEPROM.dir/D_/win/Pico/pico-sdk/src/common/pico_util/pheap.c.obj
                0x100021e0                ph_merge_two_pass
 .text.ph_remove_any_head
                0x10002288      0x128 CMakeFiles/I2C_EEPROM.dir/D_/win/Pico/pico-sdk/src/common/pico_util/pheap.c.obj
 .text.ph_remove_head
                0x100023b0       0x14 CMakeFiles/I2C_EEPROM.dir/D_/win/Pico/pico-sdk/src/common/pico_util/pheap.c.obj
                0x100023b0                ph_remove_head
 .text.ph_remove_and_free_node
                0x100023c4       0xf8 CMakeFiles/I2C_EEPROM.dir/D_/win/Pico/pico-sdk/src/common/pico_util/pheap.c.obj
                0x100023c4                ph_remove_and_free_node
 .text.uart_set_baudrate
                0x100024bc       0x5c CMakeFiles/I2C_EEPROM.dir/D_/win/Pico/pico-sdk/src/rp2_common/hardware_uart/uart.c.obj
                0x100024bc                uart_set_baudrate
 .text.uart_set_translate_crlf
                0x10002518       0x28 CMakeFiles/I2C_EEPROM.dir/D_/win/Pico/pico-sdk/src/rp2_common/hardware_uart/uart.c.obj
                0x10002518                uart_set_translate_crlf
 .text.uart_init
                0x10002540       0x80 CMakeFiles/I2C_EEPROM.dir/D_/win/Pico/pico-sdk/src/rp2_common/hardware_uart/uart.c.obj
                0x10002540                uart_init
 .text.clock_configure
                0x100025c0      0x104 CMakeFiles/I2C_EEPROM.dir/D_/win/Pico/pico-sdk/src/rp2_common/hardware_clocks/clocks.c.obj
                0x100025c0                clock_configure
 .text.clocks_init
                0x100026c4      0x100 CMakeFiles/I2C_EEPROM.dir/D_/win/Pico/pico-sdk/src/rp2_common/hardware_clocks/clocks.c.obj
                0x100026c4                clocks_init
 .text.clock_get_hz
                0x100027c4        0xc CMakeFiles/I2C_EEPROM.dir/D_/win/Pico/pico-sdk/src/rp2_common/hardware_clocks/clocks.c.obj
                0x100027c4                clock_get_hz
 .text.pll_init
                0x100027d0      0x12c CMakeFiles/I2C_EEPROM.dir/D_/win/Pico/pico-sdk/src/rp2_common/hardware_pll/pll.c.obj
                0x100027d0                pll_init
 .text.watchdog_start_tick
                0x100028fc       0x10 CMakeFiles/I2C_EEPROM.dir/D_/win/Pico/pico-sdk/src/rp2_common/hardware_watchdog/watchdog.c.obj
                0x100028fc                watchdog_start_tick
 .text.watchdog_update
                0x1000290c       0x14 CMakeFiles/I2C_EEPROM.dir/D_/win/Pico/pico-sdk/src/rp2_common/hardware_watchdog/watchdog.c.obj
                0x1000290c                watchdog_update
 .text._watchdog_enable
                0x10002920       0x78 CMakeFiles/I2C_EEPROM.dir/D_/win/Pico/pico-sdk/src/rp2_common/hardware_watchdog/watchdog.c.obj
                0x10002920                _watchdog_enable
 .text.watchdog_reboot
                0x10002998       0x48 CMakeFiles/I2C_EEPROM.dir/D_/win/Pico/pico-sdk/src/rp2_common/hardware_watchdog/watchdog.c.obj
                0x10002998                watchdog_reboot
 .text.xosc_init
                0x100029e0       0x28 CMakeFiles/I2C_EEPROM.dir/D_/win/Pico/pico-sdk/src/rp2_common/hardware_xosc/xosc.c.obj
                0x100029e0                xosc_init
 .text._exit    0x10002a08        0x4 CMakeFiles/I2C_EEPROM.dir/D_/win/Pico/pico-sdk/src/rp2_common/pico_runtime/runtime.c.obj
                0x10002a08                _exit
 .text.exit     0x10002a0c        0x6 CMakeFiles/I2C_EEPROM.dir/D_/win/Pico/pico-sdk/src/rp2_common/pico_runtime/runtime.c.obj
                0x10002a0c                exit
 *fill*         0x10002a12        0x2 
 .text.__assert_func
                0x10002a14       0x3c CMakeFiles/I2C_EEPROM.dir/D_/win/Pico/pico-sdk/src/rp2_common/pico_runtime/runtime.c.obj
                0x10002a14                __assert_func
 .text.runtime_init
                0x10002a50       0xf8 CMakeFiles/I2C_EEPROM.dir/D_/win/Pico/pico-sdk/src/rp2_common/pico_runtime/runtime.c.obj
                0x10002a50                runtime_init
 .text.panic    0x10002b48       0x30 CMakeFiles/I2C_EEPROM.dir/D_/win/Pico/pico-sdk/src/rp2_common/pico_runtime/runtime.c.obj
                0x10002b48                panic
 .text._out_buffer
                0x10002b78        0x8 CMakeFiles/I2C_EEPROM.dir/D_/win/Pico/pico-sdk/src/rp2_common/pico_printf/printf.c.obj
 .text._out_null
                0x10002b80        0x2 CMakeFiles/I2C_EEPROM.dir/D_/win/Pico/pico-sdk/src/rp2_common/pico_printf/printf.c.obj
 .text._out_fct
                0x10002b82        0xe CMakeFiles/I2C_EEPROM.dir/D_/win/Pico/pico-sdk/src/rp2_common/pico_printf/printf.c.obj
 .text._atoi    0x10002b90       0x24 CMakeFiles/I2C_EEPROM.dir/D_/win/Pico/pico-sdk/src/rp2_common/pico_printf/printf.c.obj
 .text._out_rev
                0x10002bb4       0xae CMakeFiles/I2C_EEPROM.dir/D_/win/Pico/pico-sdk/src/rp2_common/pico_printf/printf.c.obj
 .text._ntoa_format
                0x10002c62      0x112 CMakeFiles/I2C_EEPROM.dir/D_/win/Pico/pico-sdk/src/rp2_common/pico_printf/printf.c.obj
 .text._ntoa_long
                0x10002d74       0xbc CMakeFiles/I2C_EEPROM.dir/D_/win/Pico/pico-sdk/src/rp2_common/pico_printf/printf.c.obj
 .text._ntoa_long_long
                0x10002e30       0xe2 CMakeFiles/I2C_EEPROM.dir/D_/win/Pico/pico-sdk/src/rp2_common/pico_printf/printf.c.obj
 *fill*         0x10002f12        0x2 
 .text._etoa    0x10002f14      0x414 CMakeFiles/I2C_EEPROM.dir/D_/win/Pico/pico-sdk/src/rp2_common/pico_printf/printf.c.obj
 .text._ftoa    0x10003328      0x354 CMakeFiles/I2C_EEPROM.dir/D_/win/Pico/pico-sdk/src/rp2_common/pico_printf/printf.c.obj
 .text._vsnprintf
                0x1000367c      0x624 CMakeFiles/I2C_EEPROM.dir/D_/win/Pico/pico-sdk/src/rp2_common/pico_printf/printf.c.obj
 .text.__wrap_sprintf
                0x10003ca0       0x28 CMakeFiles/I2C_EEPROM.dir/D_/win/Pico/pico-sdk/src/rp2_common/pico_printf/printf.c.obj
                0x10003ca0                __wrap_sprintf
 .text.vfctprintf
                0x10003cc8       0x20 CMakeFiles/I2C_EEPROM.dir/D_/win/Pico/pico-sdk/src/rp2_common/pico_printf/printf.c.obj
                0x10003cc8                vfctprintf
 .text          0x10003ce8       0x10 CMakeFiles/I2C_EEPROM.dir/D_/win/Pico/pico-sdk/src/rp2_common/pico_bit_ops/bit_ops_aeabi.S.obj
 .text.rom_func_lookup
                0x10003cf8       0x10 CMakeFiles/I2C_EEPROM.dir/D_/win/Pico/pico-sdk/src/rp2_common/pico_bootrom/bootrom.c.obj
                0x10003cf8                rom_func_lookup
 .text.rom_data_lookup
                0x10003d08       0x10 CMakeFiles/I2C_EEPROM.dir/D_/win/Pico/pico-sdk/src/rp2_common/pico_bootrom/bootrom.c.obj
                0x10003d08                rom_data_lookup
 .text.rom_funcs_lookup
                0x10003d18       0x36 CMakeFiles/I2C_EEPROM.dir/D_/win/Pico/pico-sdk/src/rp2_common/pico_bootrom/bootrom.c.obj
                0x10003d18                rom_funcs_lookup
 *fill*         0x10003d4e        0x2 
 .text.__wrap___aeabi_idiv
                0x10003d50       0x50 CMakeFiles/I2C_EEPROM.dir/D_/win/Pico/pico-sdk/src/rp2_common/pico_divider/divider.S.obj
                0x10003d50                __wrap___aeabi_idivmod
                0x10003d50                divmod_s32s32
                0x10003d50                div_s32s32
                0x10003d50                __wrap___aeabi_idiv
                0x10003d58                divmod_s32s32_unsafe
                0x10003d84                divmod_s32s32_savestate
 .text.__wrap___aeabi_uidiv
                0x10003da0       0x4c CMakeFiles/I2C_EEPROM.dir/D_/win/Pico/pico-sdk/src/rp2_common/pico_divider/divider.S.obj
                0x10003da0                __wrap___aeabi_uidiv
                0x10003da0                __wrap___aeabi_uidivmod
                0x10003da0                div_u32u32
                0x10003da0                divmod_u32u32
                0x10003da8                divmod_u32u32_unsafe
                0x10003dd0                divmod_u32u32_savestate
 .text.__wrap___aeabi_ldiv
                0x10003dec      0x424 CMakeFiles/I2C_EEPROM.dir/D_/win/Pico/pico-sdk/src/rp2_common/pico_divider/divider.S.obj
                0x10003dec                div_s64s64
                0x10003dec                divmod_s64s64
                0x10003dec                __wrap___aeabi_ldivmod
                0x10003e1c                divmod_u64u64
                0x10003e1c                div_u64u64
                0x10003e1c                __wrap___aeabi_uldivmod
                0x10003e2c                divmod_u64u64_savestate
                0x10003e4c                divmod_s64s64_unsafe
                0x10003ed4                divmod_u64u64_unsafe
 .text.__wrap___aeabi_darithmetic
                0x10004210       0x60 CMakeFiles/I2C_EEPROM.dir/D_/win/Pico/pico-sdk/src/rp2_common/pico_double/double_aeabi.S.obj
                0x10004210                __wrap___aeabi_drsub
                0x10004216                __wrap___aeabi_dsub
                0x10004220                __wrap___aeabi_dadd
                0x1000422a                __wrap___aeabi_ddiv
                0x1000425e                __wrap___aeabi_dmul
 .text.__wrap___aeabi_cdcmple
                0x10004270       0x6c CMakeFiles/I2C_EEPROM.dir/D_/win/Pico/pico-sdk/src/rp2_common/pico_double/double_aeabi.S.obj
                0x10004270                __wrap___aeabi_cdrcmple
                0x10004280                __wrap___aeabi_cdcmpeq
                0x10004280                __wrap___aeabi_cdcmple
 .text.__wrap___aeabi_dcmplt
                0x100042dc        0xc CMakeFiles/I2C_EEPROM.dir/D_/win/Pico/pico-sdk/src/rp2_common/pico_double/double_aeabi.S.obj
                0x100042dc                __wrap___aeabi_dcmplt
 .text.__wrap___aeabi_dcmple
                0x100042e8       0x10 CMakeFiles/I2C_EEPROM.dir/D_/win/Pico/pico-sdk/src/rp2_common/pico_double/double_aeabi.S.obj
                0x100042e8                __wrap___aeabi_dcmple
 .text.__wrap___aeabi_dcmpge
                0x100042f8       0x10 CMakeFiles/I2C_EEPROM.dir/D_/win/Pico/pico-sdk/src/rp2_common/pico_double/double_aeabi.S.obj
                0x100042f8                __wrap___aeabi_dcmpge
 .text.__wrap___aeabi_dcmpgt
                0x10004308        0xa CMakeFiles/I2C_EEPROM.dir/D_/win/Pico/pico-sdk/src/rp2_common/pico_double/double_aeabi.S.obj
                0x10004308                __wrap___aeabi_dcmpgt
 .text.__wrap___aeabi_dcmpun
                0x10004312       0x1c CMakeFiles/I2C_EEPROM.dir/D_/win/Pico/pico-sdk/src/rp2_common/pico_double/double_aeabi.S.obj
                0x10004312                __wrap___aeabi_dcmpun
 *fill*         0x1000432e        0x2 
 .text.__wrap___aeabi_i2d
                0x10004330       0x38 CMakeFiles/I2C_EEPROM.dir/D_/win/Pico/pico-sdk/src/rp2_common/pico_double/double_aeabi.S.obj
                0x10004330                __wrap___aeabi_ui2d
                0x10004338                __wrap___aeabi_i2d
 .text.__wrap___aeabi_d2iz
                0x10004368       0x48 CMakeFiles/I2C_EEPROM.dir/D_/win/Pico/pico-sdk/src/rp2_common/pico_double/double_aeabi.S.obj
                0x10004368                double2int_z
                0x10004368                __wrap___aeabi_d2iz
 .text.__wrap___aeabi_d2uiz
                0x100043b0       0x10 CMakeFiles/I2C_EEPROM.dir/D_/win/Pico/pico-sdk/src/rp2_common/pico_double/double_aeabi.S.obj
                0x100043b0                __wrap___aeabi_d2uiz
                0x100043b0                double2uint
 .text.__wrap___aeabi_ul2d
                0x100043c0       0x10 CMakeFiles/I2C_EEPROM.dir/D_/win/Pico/pico-sdk/src/rp2_common/pico_double/double_aeabi.S.obj
                0x100043c0                __wrap___aeabi_ul2d
 .text.__wrap___aeabi_d2ulz
                0x100043d0       0x10 CMakeFiles/I2C_EEPROM.dir/D_/win/Pico/pico-sdk/src/rp2_common/pico_double/double_aeabi.S.obj
                0x100043d0                __wrap___aeabi_d2ulz
 .text.missing_double_func_shim
                0x100043e0        0xc CMakeFiles/I2C_EEPROM.dir/D_/win/Pico/pico-sdk/src/rp2_common/pico_double/double_init_rom.c.obj
 .text.__aeabi_double_init
                0x100043ec       0xcc CMakeFiles/I2C_EEPROM.dir/D_/win/Pico/pico-sdk/src/rp2_common/pico_double/double_init_rom.c.obj
                0x100043ec                __aeabi_double_init
 .text.double_table_shim_on_use_helper
                0x100044b8       0x34 CMakeFiles/I2C_EEPROM.dir/D_/win/Pico/pico-sdk/src/rp2_common/pico_double/double_v1_rom_shim.S.obj
                0x100044b8                double_table_shim_on_use_helper
 .text.__aeabi_lmul
                0x100044ec       0x32 CMakeFiles/I2C_EEPROM.dir/D_/win/Pico/pico-sdk/src/rp2_common/pico_int64_ops/pico_int64_ops_aeabi.S.obj
                0x100044ec                __wrap___aeabi_lmul
 *fill*         0x1000451e        0x2 
 .text.missing_float_func_shim
                0x10004520        0xc CMakeFiles/I2C_EEPROM.dir/D_/win/Pico/pico-sdk/src/rp2_common/pico_float/float_init_rom.c.obj
 .text.__aeabi_float_init
                0x1000452c       0x88 CMakeFiles/I2C_EEPROM.dir/D_/win/Pico/pico-sdk/src/rp2_common/pico_float/float_init_rom.c.obj
                0x1000452c                __aeabi_float_init
 .text          0x100045b4       0x10 CMakeFiles/I2C_EEPROM.dir/D_/win/Pico/pico-sdk/src/rp2_common/pico_mem_ops/mem_ops_aeabi.S.obj
                0x100045b4                __aeabi_mem_init
 .text.memset   0x100045c4        0xc CMakeFiles/I2C_EEPROM.dir/D_/win/Pico/pico-sdk/src/rp2_common/pico_mem_ops/mem_ops_aeabi.S.obj
                0x100045c4                __wrap_memset
 .text.memcpy   0x100045d0        0xc CMakeFiles/I2C_EEPROM.dir/D_/win/Pico/pico-sdk/src/rp2_common/pico_mem_ops/mem_ops_aeabi.S.obj
                0x100045d0                __wrap_memcpy
                0x100045d0                __wrap___aeabi_memcpy
 .text.stdio_out_chars_no_crlf
                0x100045dc        0xe CMakeFiles/I2C_EEPROM.dir/D_/win/Pico/pico-sdk/src/rp2_common/pico_stdio/stdio.c.obj
 *fill*         0x100045ea        0x2 
 .text.stdio_out_chars_crlf
                0x100045ec       0x80 CMakeFiles/I2C_EEPROM.dir/D_/win/Pico/pico-sdk/src/rp2_common/pico_stdio/stdio.c.obj
 .text.stdio_stack_buffer_flush
                0x1000466c       0x44 CMakeFiles/I2C_EEPROM.dir/D_/win/Pico/pico-sdk/src/rp2_common/pico_stdio/stdio.c.obj
 .text.stdio_buffered_printer
                0x100046b0       0x20 CMakeFiles/I2C_EEPROM.dir/D_/win/Pico/pico-sdk/src/rp2_common/pico_stdio/stdio.c.obj
 .text.stdout_serialize_begin
                0x100046d0       0x5c CMakeFiles/I2C_EEPROM.dir/D_/win/Pico/pico-sdk/src/rp2_common/pico_stdio/stdio.c.obj
                0x100046d0                stdout_serialize_begin
 .text.stdout_serialize_end
                0x1000472c       0x10 CMakeFiles/I2C_EEPROM.dir/D_/win/Pico/pico-sdk/src/rp2_common/pico_stdio/stdio.c.obj
                0x1000472c                stdout_serialize_end
 .text.stdio_put_string
                0x1000473c       0x98 CMakeFiles/I2C_EEPROM.dir/D_/win/Pico/pico-sdk/src/rp2_common/pico_stdio/stdio.c.obj
 .text.stdio_set_driver_enabled
                0x100047d4       0x2c CMakeFiles/I2C_EEPROM.dir/D_/win/Pico/pico-sdk/src/rp2_common/pico_stdio/stdio.c.obj
                0x100047d4                stdio_set_driver_enabled
 .text.stdio_flush
                0x10004800       0x20 CMakeFiles/I2C_EEPROM.dir/D_/win/Pico/pico-sdk/src/rp2_common/pico_stdio/stdio.c.obj
                0x10004800                stdio_flush
 .text.__wrap_puts
                0x10004820       0x1e CMakeFiles/I2C_EEPROM.dir/D_/win/Pico/pico-sdk/src/rp2_common/pico_stdio/stdio.c.obj
                0x10004820                __wrap_puts
 *fill*         0x1000483e        0x2 
 .text.__wrap_vprintf
                0x10004840       0x40 CMakeFiles/I2C_EEPROM.dir/D_/win/Pico/pico-sdk/src/rp2_common/pico_stdio/stdio.c.obj
                0x10004840                __wrap_vprintf
 .text.__wrap_printf
                0x10004880       0x18 CMakeFiles/I2C_EEPROM.dir/D_/win/Pico/pico-sdk/src/rp2_common/pico_stdio/stdio.c.obj
                0x10004880                __wrap_printf
 .text.stdio_init_all
                0x10004898        0xe CMakeFiles/I2C_EEPROM.dir/D_/win/Pico/pico-sdk/src/rp2_common/pico_stdio/stdio.c.obj
                0x10004898                stdio_init_all
 *fill*         0x100048a6        0x2 
 .text.stdio_uart_out_chars
                0x100048a8       0x74 CMakeFiles/I2C_EEPROM.dir/D_/win/Pico/pico-sdk/src/rp2_common/pico_stdio_uart/stdio_uart.c.obj
 .text.stdio_uart_in_chars
                0x1000491c       0x80 CMakeFiles/I2C_EEPROM.dir/D_/win/Pico/pico-sdk/src/rp2_common/pico_stdio_uart/stdio_uart.c.obj
                0x1000491c                stdio_uart_in_chars
 .text.on_uart_rx
                0x1000499c       0x28 CMakeFiles/I2C_EEPROM.dir/D_/win/Pico/pico-sdk/src/rp2_common/pico_stdio_uart/stdio_uart.c.obj
 .text.stdio_uart_set_chars_available_callback
                0x100049c4       0x8c CMakeFiles/I2C_EEPROM.dir/D_/win/Pico/pico-sdk/src/rp2_common/pico_stdio_uart/stdio_uart.c.obj
 .text.stdio_uart_init_full
                0x10004a50       0x44 CMakeFiles/I2C_EEPROM.dir/D_/win/Pico/pico-sdk/src/rp2_common/pico_stdio_uart/stdio_uart.c.obj
                0x10004a50                stdio_uart_init_full
 .text.stdio_uart_init
                0x10004a94       0x28 CMakeFiles/I2C_EEPROM.dir/D_/win/Pico/pico-sdk/src/rp2_common/pico_stdio_uart/stdio_uart.c.obj
                0x10004a94                stdio_uart_init
 .text.i2c_write_blocking_internal
                0x10004abc      0x140 CMakeFiles/I2C_EEPROM.dir/D_/win/Pico/pico-sdk/src/rp2_common/hardware_i2c/i2c.c.obj
 .text.i2c_read_blocking_internal
                0x10004bfc       0xe6 CMakeFiles/I2C_EEPROM.dir/D_/win/Pico/pico-sdk/src/rp2_common/hardware_i2c/i2c.c.obj
 *fill*         0x10004ce2        0x2 
 .text.i2c_set_baudrate
                0x10004ce4       0xf0 CMakeFiles/I2C_EEPROM.dir/D_/win/Pico/pico-sdk/src/rp2_common/hardware_i2c/i2c.c.obj
                0x10004ce4                i2c_set_baudrate
 .text.i2c_init
                0x10004dd4       0x58 CMakeFiles/I2C_EEPROM.dir/D_/win/Pico/pico-sdk/src/rp2_common/hardware_i2c/i2c.c.obj
                0x10004dd4                i2c_init
 .text.i2c_write_blocking
                0x10004e2c       0x18 CMakeFiles/I2C_EEPROM.dir/D_/win/Pico/pico-sdk/src/rp2_common/hardware_i2c/i2c.c.obj
                0x10004e2c                i2c_write_blocking
 .text.i2c_read_blocking
                0x10004e44       0x18 CMakeFiles/I2C_EEPROM.dir/D_/win/Pico/pico-sdk/src/rp2_common/hardware_i2c/i2c.c.obj
                0x10004e44                i2c_read_blocking
 .text.resetd_init
                0x10004e5c        0x2 CMakeFiles/I2C_EEPROM.dir/D_/win/Pico/pico-sdk/src/rp2_common/pico_stdio_usb/reset_interface.c.obj
 *fill*         0x10004e5e        0x2 
 .text.resetd_reset
                0x10004e60        0xc CMakeFiles/I2C_EEPROM.dir/D_/win/Pico/pico-sdk/src/rp2_common/pico_stdio_usb/reset_interface.c.obj
 .text.resetd_open
                0x10004e6c       0x34 CMakeFiles/I2C_EEPROM.dir/D_/win/Pico/pico-sdk/src/rp2_common/pico_stdio_usb/reset_interface.c.obj
 .text.resetd_xfer_cb
                0x10004ea0        0x4 CMakeFiles/I2C_EEPROM.dir/D_/win/Pico/pico-sdk/src/rp2_common/pico_stdio_usb/reset_interface.c.obj
 .text.reset_usb_boot
                0x10004ea4       0x18 CMakeFiles/I2C_EEPROM.dir/D_/win/Pico/pico-sdk/src/rp2_common/pico_stdio_usb/reset_interface.c.obj
 .text.resetd_control_xfer_cb
                0x10004ebc       0x5c CMakeFiles/I2C_EEPROM.dir/D_/win/Pico/pico-sdk/src/rp2_common/pico_stdio_usb/reset_interface.c.obj
 .text.usbd_app_driver_get_cb
                0x10004f18        0xc CMakeFiles/I2C_EEPROM.dir/D_/win/Pico/pico-sdk/src/rp2_common/pico_stdio_usb/reset_interface.c.obj
                0x10004f18                usbd_app_driver_get_cb
 .text.tud_cdc_line_coding_cb
                0x10004f24       0x28 CMakeFiles/I2C_EEPROM.dir/D_/win/Pico/pico-sdk/src/rp2_common/pico_stdio_usb/reset_interface.c.obj
                0x10004f24                tud_cdc_line_coding_cb
 .text.stdio_usb_set_chars_available_callback
                0x10004f4c       0x14 CMakeFiles/I2C_EEPROM.dir/D_/win/Pico/pico-sdk/src/rp2_common/pico_stdio_usb/stdio_usb.c.obj
                0x10004f4c                stdio_usb_set_chars_available_callback
 .text.usb_irq  0x10004f60       0x10 CMakeFiles/I2C_EEPROM.dir/D_/win/Pico/pico-sdk/src/rp2_common/pico_stdio_usb/stdio_usb.c.obj
 .text.timer_task
                0x10004f70       0x58 CMakeFiles/I2C_EEPROM.dir/D_/win/Pico/pico-sdk/src/rp2_common/pico_stdio_usb/stdio_usb.c.obj
 .text.low_priority_worker_irq
                0x10004fc8       0xd8 CMakeFiles/I2C_EEPROM.dir/D_/win/Pico/pico-sdk/src/rp2_common/pico_stdio_usb/stdio_usb.c.obj
 .text.tud_cdc_rx_cb
                0x100050a0       0x20 CMakeFiles/I2C_EEPROM.dir/D_/win/Pico/pico-sdk/src/rp2_common/pico_stdio_usb/stdio_usb.c.obj
                0x100050a0                tud_cdc_rx_cb
 .text.stdio_usb_init
                0x100050c0      0x12c CMakeFiles/I2C_EEPROM.dir/D_/win/Pico/pico-sdk/src/rp2_common/pico_stdio_usb/stdio_usb.c.obj
                0x100050c0                stdio_usb_init
 .text.stdio_usb_connected
                0x100051ec        0xa CMakeFiles/I2C_EEPROM.dir/D_/win/Pico/pico-sdk/src/rp2_common/pico_stdio_usb/stdio_usb.c.obj
                0x100051ec                stdio_usb_connected
 *fill*         0x100051f6        0x2 
 .text.stdio_usb_in_chars
                0x100051f8       0xc4 CMakeFiles/I2C_EEPROM.dir/D_/win/Pico/pico-sdk/src/rp2_common/pico_stdio_usb/stdio_usb.c.obj
                0x100051f8                stdio_usb_in_chars
 .text.stdio_usb_out_chars
                0x100052bc      0x114 CMakeFiles/I2C_EEPROM.dir/D_/win/Pico/pico-sdk/src/rp2_common/pico_stdio_usb/stdio_usb.c.obj
 .text.tud_descriptor_device_cb
                0x100053d0        0x8 CMakeFiles/I2C_EEPROM.dir/D_/win/Pico/pico-sdk/src/rp2_common/pico_stdio_usb/stdio_usb_descriptors.c.obj
                0x100053d0                tud_descriptor_device_cb
 .text.tud_descriptor_configuration_cb
                0x100053d8        0x8 CMakeFiles/I2C_EEPROM.dir/D_/win/Pico/pico-sdk/src/rp2_common/pico_stdio_usb/stdio_usb_descriptors.c.obj
                0x100053d8                tud_descriptor_configuration_cb
 .text.tud_descriptor_string_cb
                0x100053e0       0x6c CMakeFiles/I2C_EEPROM.dir/D_/win/Pico/pico-sdk/src/rp2_common/pico_stdio_usb/stdio_usb_descriptors.c.obj
                0x100053e0                tud_descriptor_string_cb
 .text._retrieve_unique_id_on_boot
                0x1000544c       0x10 CMakeFiles/I2C_EEPROM.dir/D_/win/Pico/pico-sdk/src/rp2_common/pico_unique_id/unique_id.c.obj
 .text.pico_get_unique_board_id_string
                0x1000545c       0x60 CMakeFiles/I2C_EEPROM.dir/D_/win/Pico/pico-sdk/src/rp2_common/pico_unique_id/unique_id.c.obj
                0x1000545c                pico_get_unique_board_id_string
 .text.flash_get_unique_id
                0x100054bc       0x46 CMakeFiles/I2C_EEPROM.dir/D_/win/Pico/pico-sdk/src/rp2_common/hardware_flash/flash.c.obj
                0x100054bc                flash_get_unique_id
 *fill*         0x10005502        0x2 
 .text.hw_endpoint_get_by_addr
                0x10005504       0x18 CMakeFiles/I2C_EEPROM.dir/D_/win/Pico/pico-sdk/lib/tinyusb/src/portable/raspberrypi/rp2040/dcd_rp2040.c.obj
 .text._hw_endpoint_alloc
                0x1000551c       0x70 CMakeFiles/I2C_EEPROM.dir/D_/win/Pico/pico-sdk/lib/tinyusb/src/portable/raspberrypi/rp2040/dcd_rp2040.c.obj
 .text.hw_endpoint_init
                0x1000558c       0x88 CMakeFiles/I2C_EEPROM.dir/D_/win/Pico/pico-sdk/lib/tinyusb/src/portable/raspberrypi/rp2040/dcd_rp2040.c.obj
 .text.hw_endpoint_xfer
                0x10005614       0x14 CMakeFiles/I2C_EEPROM.dir/D_/win/Pico/pico-sdk/lib/tinyusb/src/portable/raspberrypi/rp2040/dcd_rp2040.c.obj
 .text.dcd_int_enable
                0x10005628       0x2c CMakeFiles/I2C_EEPROM.dir/D_/win/Pico/pico-sdk/lib/tinyusb/src/portable/raspberrypi/rp2040/dcd_rp2040.c.obj
                0x10005628                dcd_int_enable
 .text.dcd_set_address
                0x10005654       0x2c CMakeFiles/I2C_EEPROM.dir/D_/win/Pico/pico-sdk/lib/tinyusb/src/portable/raspberrypi/rp2040/dcd_rp2040.c.obj
                0x10005654                dcd_set_address
 .text.dcd_connect
                0x10005680       0x10 CMakeFiles/I2C_EEPROM.dir/D_/win/Pico/pico-sdk/lib/tinyusb/src/portable/raspberrypi/rp2040/dcd_rp2040.c.obj
                0x10005680                dcd_connect
 .text.dcd_init
                0x10005690       0x80 CMakeFiles/I2C_EEPROM.dir/D_/win/Pico/pico-sdk/lib/tinyusb/src/portable/raspberrypi/rp2040/dcd_rp2040.c.obj
                0x10005690                dcd_init
 .text.dcd_edpt0_status_complete
                0x10005710       0x1c CMakeFiles/I2C_EEPROM.dir/D_/win/Pico/pico-sdk/lib/tinyusb/src/portable/raspberrypi/rp2040/dcd_rp2040.c.obj
                0x10005710                dcd_edpt0_status_complete
 .text.dcd_edpt_open
                0x1000572c       0x40 CMakeFiles/I2C_EEPROM.dir/D_/win/Pico/pico-sdk/lib/tinyusb/src/portable/raspberrypi/rp2040/dcd_rp2040.c.obj
                0x1000572c                dcd_edpt_open
 .text.dcd_edpt_close_all
                0x1000576c        0x8 CMakeFiles/I2C_EEPROM.dir/D_/win/Pico/pico-sdk/lib/tinyusb/src/portable/raspberrypi/rp2040/dcd_rp2040.c.obj
                0x1000576c                dcd_edpt_close_all
 .text.dcd_edpt_xfer
                0x10005774       0x34 CMakeFiles/I2C_EEPROM.dir/D_/win/Pico/pico-sdk/lib/tinyusb/src/portable/raspberrypi/rp2040/dcd_rp2040.c.obj
                0x10005774                dcd_edpt_xfer
 .text.dcd_edpt_stall
                0x100057a8       0x2c CMakeFiles/I2C_EEPROM.dir/D_/win/Pico/pico-sdk/lib/tinyusb/src/portable/raspberrypi/rp2040/dcd_rp2040.c.obj
                0x100057a8                dcd_edpt_stall
 .text.dcd_edpt_clear_stall
                0x100057d4       0x20 CMakeFiles/I2C_EEPROM.dir/D_/win/Pico/pico-sdk/lib/tinyusb/src/portable/raspberrypi/rp2040/dcd_rp2040.c.obj
                0x100057d4                dcd_edpt_clear_stall
 .text.rp2040_usb_init
                0x100057f4       0x4c CMakeFiles/I2C_EEPROM.dir/D_/win/Pico/pico-sdk/lib/tinyusb/src/portable/raspberrypi/rp2040/rp2040_usb.c.obj
                0x100057f4                rp2040_usb_init
 .text.hw_endpoint_xfer_start
                0x10005840       0x50 CMakeFiles/I2C_EEPROM.dir/D_/win/Pico/pico-sdk/lib/tinyusb/src/portable/raspberrypi/rp2040/rp2040_usb.c.obj
                0x10005840                hw_endpoint_xfer_start
 .text.configuration_reset
                0x10005890       0x84 CMakeFiles/I2C_EEPROM.dir/D_/win/Pico/pico-sdk/lib/tinyusb/src/device/usbd.c.obj
 .text.usbd_reset
                0x10005914        0xc CMakeFiles/I2C_EEPROM.dir/D_/win/Pico/pico-sdk/lib/tinyusb/src/device/usbd.c.obj
 .text.invoke_class_control
                0x10005920       0x1a CMakeFiles/I2C_EEPROM.dir/D_/win/Pico/pico-sdk/lib/tinyusb/src/device/usbd.c.obj
 *fill*         0x1000593a        0x2 
 .text.process_set_config
                0x1000593c      0x178 CMakeFiles/I2C_EEPROM.dir/D_/win/Pico/pico-sdk/lib/tinyusb/src/device/usbd.c.obj
 .text.process_get_descriptor
                0x10005ab4       0xdc CMakeFiles/I2C_EEPROM.dir/D_/win/Pico/pico-sdk/lib/tinyusb/src/device/usbd.c.obj
 .text.tud_mounted
                0x10005b90       0x10 CMakeFiles/I2C_EEPROM.dir/D_/win/Pico/pico-sdk/lib/tinyusb/src/device/usbd.c.obj
                0x10005b90                tud_mounted
 .text.tud_suspended
                0x10005ba0       0x10 CMakeFiles/I2C_EEPROM.dir/D_/win/Pico/pico-sdk/lib/tinyusb/src/device/usbd.c.obj
                0x10005ba0                tud_suspended
 .text.tud_inited
                0x10005bb0       0x14 CMakeFiles/I2C_EEPROM.dir/D_/win/Pico/pico-sdk/lib/tinyusb/src/device/usbd.c.obj
                0x10005bb0                tud_inited
 .text.tud_init
                0x10005bc4       0xcc CMakeFiles/I2C_EEPROM.dir/D_/win/Pico/pico-sdk/lib/tinyusb/src/device/usbd.c.obj
                0x10005bc4                tud_init
 .text.usbd_defer_func
                0x10005c90       0x2a CMakeFiles/I2C_EEPROM.dir/D_/win/Pico/pico-sdk/lib/tinyusb/src/device/usbd.c.obj
                0x10005c90                usbd_defer_func
 *fill*         0x10005cba        0x2 
 .text.usbd_edpt_open
                0x10005cbc       0x34 CMakeFiles/I2C_EEPROM.dir/D_/win/Pico/pico-sdk/lib/tinyusb/src/device/usbd.c.obj
                0x10005cbc                usbd_edpt_open
 .text.usbd_open_edpt_pair
                0x10005cf0       0x62 CMakeFiles/I2C_EEPROM.dir/D_/win/Pico/pico-sdk/lib/tinyusb/src/device/usbd.c.obj
                0x10005cf0                usbd_open_edpt_pair
 *fill*         0x10005d52        0x2 
 .text.usbd_edpt_claim
                0x10005d54       0x28 CMakeFiles/I2C_EEPROM.dir/D_/win/Pico/pico-sdk/lib/tinyusb/src/device/usbd.c.obj
                0x10005d54                usbd_edpt_claim
 .text.usbd_edpt_release
                0x10005d7c       0x28 CMakeFiles/I2C_EEPROM.dir/D_/win/Pico/pico-sdk/lib/tinyusb/src/device/usbd.c.obj
                0x10005d7c                usbd_edpt_release
 .text.usbd_edpt_xfer
                0x10005da4       0x78 CMakeFiles/I2C_EEPROM.dir/D_/win/Pico/pico-sdk/lib/tinyusb/src/device/usbd.c.obj
                0x10005da4                usbd_edpt_xfer
 .text.usbd_edpt_stall
                0x10005e1c       0x48 CMakeFiles/I2C_EEPROM.dir/D_/win/Pico/pico-sdk/lib/tinyusb/src/device/usbd.c.obj
                0x10005e1c                usbd_edpt_stall
 .text.usbd_edpt_clear_stall
                0x10005e64       0x48 CMakeFiles/I2C_EEPROM.dir/D_/win/Pico/pico-sdk/lib/tinyusb/src/device/usbd.c.obj
                0x10005e64                usbd_edpt_clear_stall
 .text.usbd_edpt_stalled
                0x10005eac       0x1c CMakeFiles/I2C_EEPROM.dir/D_/win/Pico/pico-sdk/lib/tinyusb/src/device/usbd.c.obj
                0x10005eac                usbd_edpt_stalled
 .text.process_control_request
                0x10005ec8      0x37c CMakeFiles/I2C_EEPROM.dir/D_/win/Pico/pico-sdk/lib/tinyusb/src/device/usbd.c.obj
 .text.tud_task_ext
                0x10006244      0x1b4 CMakeFiles/I2C_EEPROM.dir/D_/win/Pico/pico-sdk/lib/tinyusb/src/device/usbd.c.obj
                0x10006244                tud_task_ext
 .text._data_stage_xact
                0x100063f8       0x58 CMakeFiles/I2C_EEPROM.dir/D_/win/Pico/pico-sdk/lib/tinyusb/src/device/usbd_control.c.obj
 .text.tud_control_status
                0x10006450       0x38 CMakeFiles/I2C_EEPROM.dir/D_/win/Pico/pico-sdk/lib/tinyusb/src/device/usbd_control.c.obj
                0x10006450                tud_control_status
 .text.tud_control_xfer
                0x10006488       0x74 CMakeFiles/I2C_EEPROM.dir/D_/win/Pico/pico-sdk/lib/tinyusb/src/device/usbd_control.c.obj
                0x10006488                tud_control_xfer
 .text.usbd_control_reset
                0x100064fc       0x14 CMakeFiles/I2C_EEPROM.dir/D_/win/Pico/pico-sdk/lib/tinyusb/src/device/usbd_control.c.obj
                0x100064fc                usbd_control_reset
 .text.usbd_control_set_complete_callback
                0x10006510        0xc CMakeFiles/I2C_EEPROM.dir/D_/win/Pico/pico-sdk/lib/tinyusb/src/device/usbd_control.c.obj
                0x10006510                usbd_control_set_complete_callback
 .text.usbd_control_set_request
                0x1000651c       0x1c CMakeFiles/I2C_EEPROM.dir/D_/win/Pico/pico-sdk/lib/tinyusb/src/device/usbd_control.c.obj
                0x1000651c                usbd_control_set_request
 .text.usbd_control_xfer_cb
                0x10006538       0xcc CMakeFiles/I2C_EEPROM.dir/D_/win/Pico/pico-sdk/lib/tinyusb/src/device/usbd_control.c.obj
                0x10006538                usbd_control_xfer_cb
 .text._prep_out_transaction
                0x10006604       0x4a CMakeFiles/I2C_EEPROM.dir/D_/win/Pico/pico-sdk/lib/tinyusb/src/class/cdc/cdc_device.c.obj
 *fill*         0x1000664e        0x2 
 .text.tud_cdc_n_connected
                0x10006650       0x44 CMakeFiles/I2C_EEPROM.dir/D_/win/Pico/pico-sdk/lib/tinyusb/src/class/cdc/cdc_device.c.obj
                0x10006650                tud_cdc_n_connected
 .text.tud_cdc_n_available
                0x10006694       0x18 CMakeFiles/I2C_EEPROM.dir/D_/win/Pico/pico-sdk/lib/tinyusb/src/class/cdc/cdc_device.c.obj
                0x10006694                tud_cdc_n_available
 .text.tud_cdc_n_read
                0x100066ac       0x28 CMakeFiles/I2C_EEPROM.dir/D_/win/Pico/pico-sdk/lib/tinyusb/src/class/cdc/cdc_device.c.obj
                0x100066ac                tud_cdc_n_read
 .text.tud_cdc_n_write_flush
                0x100066d4       0xb8 CMakeFiles/I2C_EEPROM.dir/D_/win/Pico/pico-sdk/lib/tinyusb/src/class/cdc/cdc_device.c.obj
                0x100066d4                tud_cdc_n_write_flush
 .text.tud_cdc_n_write
                0x1000678c       0x38 CMakeFiles/I2C_EEPROM.dir/D_/win/Pico/pico-sdk/lib/tinyusb/src/class/cdc/cdc_device.c.obj
                0x1000678c                tud_cdc_n_write
 .text.tud_cdc_n_write_available
                0x100067c4       0x1c CMakeFiles/I2C_EEPROM.dir/D_/win/Pico/pico-sdk/lib/tinyusb/src/class/cdc/cdc_device.c.obj
                0x100067c4                tud_cdc_n_write_available
 .text.cdcd_init
                0x100067e0       0xbc CMakeFiles/I2C_EEPROM.dir/D_/win/Pico/pico-sdk/lib/tinyusb/src/class/cdc/cdc_device.c.obj
                0x100067e0                cdcd_init
 .text.cdcd_reset
                0x1000689c       0x44 CMakeFiles/I2C_EEPROM.dir/D_/win/Pico/pico-sdk/lib/tinyusb/src/class/cdc/cdc_device.c.obj
                0x1000689c                cdcd_reset
 .text.cdcd_open
                0x100068e0       0xcc CMakeFiles/I2C_EEPROM.dir/D_/win/Pico/pico-sdk/lib/tinyusb/src/class/cdc/cdc_device.c.obj
                0x100068e0                cdcd_open
 .text.cdcd_control_xfer_cb
                0x100069ac      0x134 CMakeFiles/I2C_EEPROM.dir/D_/win/Pico/pico-sdk/lib/tinyusb/src/class/cdc/cdc_device.c.obj
                0x100069ac                cdcd_control_xfer_cb
 .text.cdcd_xfer_cb
                0x10006ae0      0x130 CMakeFiles/I2C_EEPROM.dir/D_/win/Pico/pico-sdk/lib/tinyusb/src/class/cdc/cdc_device.c.obj
                0x10006ae0                cdcd_xfer_cb
 .text.tusb_init
                0x10006c10        0xa CMakeFiles/I2C_EEPROM.dir/D_/win/Pico/pico-sdk/lib/tinyusb/src/tusb.c.obj
                0x10006c10                tusb_init
 .text.tusb_inited
                0x10006c1a        0xe CMakeFiles/I2C_EEPROM.dir/D_/win/Pico/pico-sdk/lib/tinyusb/src/tusb.c.obj
                0x10006c1a                tusb_inited
 .text.tu_edpt_claim
                0x10006c28       0x50 CMakeFiles/I2C_EEPROM.dir/D_/win/Pico/pico-sdk/lib/tinyusb/src/tusb.c.obj
                0x10006c28                tu_edpt_claim
 .text.tu_edpt_release
                0x10006c78       0x3c CMakeFiles/I2C_EEPROM.dir/D_/win/Pico/pico-sdk/lib/tinyusb/src/tusb.c.obj
                0x10006c78                tu_edpt_release
 .text.tu_edpt_validate
                0x10006cb4       0x78 CMakeFiles/I2C_EEPROM.dir/D_/win/Pico/pico-sdk/lib/tinyusb/src/tusb.c.obj
                0x10006cb4                tu_edpt_validate
 .text.tu_edpt_bind_driver
                0x10006d2c       0x26 CMakeFiles/I2C_EEPROM.dir/D_/win/Pico/pico-sdk/lib/tinyusb/src/tusb.c.obj
                0x10006d2c                tu_edpt_bind_driver
 .text.advance_index
                0x10006d52       0x1a CMakeFiles/I2C_EEPROM.dir/D_/win/Pico/pico-sdk/lib/tinyusb/src/common/tusb_fifo.c.obj
 .text._tu_fifo_peek
                0x10006d6c       0x56 CMakeFiles/I2C_EEPROM.dir/D_/win/Pico/pico-sdk/lib/tinyusb/src/common/tusb_fifo.c.obj
 .text._ff_pull_const_addr
                0x10006dc2       0x4c CMakeFiles/I2C_EEPROM.dir/D_/win/Pico/pico-sdk/lib/tinyusb/src/common/tusb_fifo.c.obj
 .text._ff_pull_n
                0x10006e0e      0x110 CMakeFiles/I2C_EEPROM.dir/D_/win/Pico/pico-sdk/lib/tinyusb/src/common/tusb_fifo.c.obj
 .text._tu_fifo_peek_n
                0x10006f1e       0x6a CMakeFiles/I2C_EEPROM.dir/D_/win/Pico/pico-sdk/lib/tinyusb/src/common/tusb_fifo.c.obj
 .text._tu_fifo_read_n
                0x10006f88       0x4e CMakeFiles/I2C_EEPROM.dir/D_/win/Pico/pico-sdk/lib/tinyusb/src/common/tusb_fifo.c.obj
 .text._ff_push_const_addr
                0x10006fd6       0x40 CMakeFiles/I2C_EEPROM.dir/D_/win/Pico/pico-sdk/lib/tinyusb/src/common/tusb_fifo.c.obj
 .text._ff_push_n
                0x10007016      0x10c CMakeFiles/I2C_EEPROM.dir/D_/win/Pico/pico-sdk/lib/tinyusb/src/common/tusb_fifo.c.obj
 .text._tu_fifo_write_n
                0x10007122       0xf0 CMakeFiles/I2C_EEPROM.dir/D_/win/Pico/pico-sdk/lib/tinyusb/src/common/tusb_fifo.c.obj
 .text.tu_fifo_config
                0x10007212       0x7c CMakeFiles/I2C_EEPROM.dir/D_/win/Pico/pico-sdk/lib/tinyusb/src/common/tusb_fifo.c.obj
                0x10007212                tu_fifo_config
 .text.tu_fifo_count
                0x1000728e       0x2a CMakeFiles/I2C_EEPROM.dir/D_/win/Pico/pico-sdk/lib/tinyusb/src/common/tusb_fifo.c.obj
                0x1000728e                tu_fifo_count
 .text.tu_fifo_empty
                0x100072b8       0x10 CMakeFiles/I2C_EEPROM.dir/D_/win/Pico/pico-sdk/lib/tinyusb/src/common/tusb_fifo.c.obj
                0x100072b8                tu_fifo_empty
 .text.tu_fifo_full
                0x100072c8       0x28 CMakeFiles/I2C_EEPROM.dir/D_/win/Pico/pico-sdk/lib/tinyusb/src/common/tusb_fifo.c.obj
                0x100072c8                tu_fifo_full
 .text.tu_fifo_remaining
                0x100072f0       0x2c CMakeFiles/I2C_EEPROM.dir/D_/win/Pico/pico-sdk/lib/tinyusb/src/common/tusb_fifo.c.obj
                0x100072f0                tu_fifo_remaining
 .text.tu_fifo_read
                0x1000731c       0x42 CMakeFiles/I2C_EEPROM.dir/D_/win/Pico/pico-sdk/lib/tinyusb/src/common/tusb_fifo.c.obj
                0x1000731c                tu_fifo_read
 .text.tu_fifo_read_n
                0x1000735e        0xa CMakeFiles/I2C_EEPROM.dir/D_/win/Pico/pico-sdk/lib/tinyusb/src/common/tusb_fifo.c.obj
                0x1000735e                tu_fifo_read_n
 .text.tu_fifo_write
                0x10007368       0x64 CMakeFiles/I2C_EEPROM.dir/D_/win/Pico/pico-sdk/lib/tinyusb/src/common/tusb_fifo.c.obj
                0x10007368                tu_fifo_write
 .text.tu_fifo_write_n
                0x100073cc        0xa CMakeFiles/I2C_EEPROM.dir/D_/win/Pico/pico-sdk/lib/tinyusb/src/common/tusb_fifo.c.obj
                0x100073cc                tu_fifo_write_n
 .text.tu_fifo_clear
                0x100073d6       0x3e CMakeFiles/I2C_EEPROM.dir/D_/win/Pico/pico-sdk/lib/tinyusb/src/common/tusb_fifo.c.obj
                0x100073d6                tu_fifo_clear
 .text.tu_fifo_set_overwritable
                0x10007414       0x46 CMakeFiles/I2C_EEPROM.dir/D_/win/Pico/pico-sdk/lib/tinyusb/src/common/tusb_fifo.c.obj
                0x10007414                tu_fifo_set_overwritable
 *fill*         0x1000745a        0x2 
 .text          0x1000745c       0x88 d:/win/pico/gcc-arm-none-eabi/bin/../lib/gcc/arm-none-eabi/10.3.1/../../../../arm-none-eabi/lib/thumb/v6-m/nofp\libg.a(lib_a-strcmp.o)
                0x1000745c                strcmp
 .text.strlen   0x100074e4       0x5c d:/win/pico/gcc-arm-none-eabi/bin/../lib/gcc/arm-none-eabi/10.3.1/../../../../arm-none-eabi/lib/thumb/v6-m/nofp\libg.a(lib_a-strlen-stub.o)
                0x100074e4                strlen
 *(.fini)
 .fini          0x10007540        0x4 d:/win/pico/gcc-arm-none-eabi/bin/../lib/gcc/arm-none-eabi/10.3.1/thumb/v6-m/nofp/crti.o
                0x10007540                _fini
 *fill*         0x10007544        0x4 
 .fini.__stub   0x10007548       0xe0 linker stubs
 *crtbegin.o(.ctors)
 *crtbegin?.o(.ctors)
 *(EXCLUDE_FILE(*crtend.o *crtend?.o) .ctors)
 *(SORT_BY_NAME(.ctors.*))
 *(.ctors)
 *crtbegin.o(.dtors)
 *crtbegin?.o(.dtors)
 *(EXCLUDE_FILE(*crtend.o *crtend?.o) .dtors)
 *(SORT_BY_NAME(.dtors.*))
 *(.dtors)
 *(.eh_frame*)
 .eh_frame      0x10007628        0x0 d:/win/pico/gcc-arm-none-eabi/bin/../lib/gcc/arm-none-eabi/10.3.1/thumb/v6-m/nofp/crtbegin.o
                0x10007628                . = ALIGN (0x4)

.glue_7         0x10007628        0x0
 .glue_7        0x10007628        0x0 linker stubs

.glue_7t        0x10007628        0x0
 .glue_7t       0x10007628        0x0 linker stubs

.vfp11_veneer   0x10007628        0x0
 .vfp11_veneer  0x10007628        0x0 linker stubs

.v4_bx          0x10007628        0x0
 .v4_bx         0x10007628        0x0 linker stubs

.iplt           0x10007628        0x0
 .iplt          0x10007628        0x0 d:/win/pico/gcc-arm-none-eabi/bin/../lib/gcc/arm-none-eabi/10.3.1/thumb/v6-m/nofp/crtbegin.o

.rodata         0x10007628     0x1770
 *(EXCLUDE_FILE(*libm.a: *libc.a:*lib_a-mem*.o *libgcc.a:) .rodata*)
 .rodata.print_state.str1.4
                0x10007628       0x41 CMakeFiles/I2C_EEPROM.dir/main.c.obj
 *fill*         0x10007669        0x3 
 .rodata.print_time.str1.4
                0x1000766c       0x1c CMakeFiles/I2C_EEPROM.dir/main.c.obj
 .rodata.write_log.str1.4
                0x10007688       0x13 CMakeFiles/I2C_EEPROM.dir/main.c.obj
 *fill*         0x1000769b        0x1 
 .rodata.read_log.str1.4
                0x1000769c        0x5 CMakeFiles/I2C_EEPROM.dir/main.c.obj
 *fill*         0x100076a1        0x3 
 .rodata.main.str1.4
                0x100076a4      0x148 CMakeFiles/I2C_EEPROM.dir/main.c.obj
 .rodata.spin_lock_claim_unused.str1.4
                0x100077ec       0x1b CMakeFiles/I2C_EEPROM.dir/D_/win/Pico/pico-sdk/src/rp2_common/hardware_sync/sync.c.obj
 *fill*         0x10007807        0x1 
 .rodata.make_branch.str1.4
                0x10007808       0x67 CMakeFiles/I2C_EEPROM.dir/D_/win/Pico/pico-sdk/src/rp2_common/hardware_irq/irq.c.obj
 *fill*         0x1000786f        0x1 
 .rodata.insert_branch_and_link.str1.4
                0x10007870       0x10 CMakeFiles/I2C_EEPROM.dir/D_/win/Pico/pico-sdk/src/rp2_common/hardware_irq/irq.c.obj
 .rodata.irq_set_exclusive_handler.str1.4
                0x10007880       0x36 CMakeFiles/I2C_EEPROM.dir/D_/win/Pico/pico-sdk/src/rp2_common/hardware_irq/irq.c.obj
 *fill*         0x100078b6        0x2 
 .rodata.irq_add_shared_handler.str1.4
                0x100078b8       0xd9 CMakeFiles/I2C_EEPROM.dir/D_/win/Pico/pico-sdk/src/rp2_common/hardware_irq/irq.c.obj
 *fill*         0x10007991        0x3 
 .rodata.irq_remove_handler.str1.4
                0x10007994       0x3a CMakeFiles/I2C_EEPROM.dir/D_/win/Pico/pico-sdk/src/rp2_common/hardware_irq/irq.c.obj
 *fill*         0x100079ce        0x2 
 .rodata.irq_add_tail_to_free_list.str1.4
                0x100079d0       0x3a CMakeFiles/I2C_EEPROM.dir/D_/win/Pico/pico-sdk/src/rp2_common/hardware_irq/irq.c.obj
 *fill*         0x10007a0a        0x2 
 .rodata.user_irq_claim_unused.str1.4
                0x10007a0c       0x1b CMakeFiles/I2C_EEPROM.dir/D_/win/Pico/pico-sdk/src/rp2_common/hardware_irq/irq.c.obj
 *fill*         0x10007a27        0x1 
 .rodata.__func__.0
                0x10007a28       0x1a CMakeFiles/I2C_EEPROM.dir/D_/win/Pico/pico-sdk/src/rp2_common/hardware_irq/irq.c.obj
 *fill*         0x10007a42        0x2 
 .rodata.__func__.1
                0x10007a44       0x17 CMakeFiles/I2C_EEPROM.dir/D_/win/Pico/pico-sdk/src/rp2_common/hardware_irq/irq.c.obj
 *fill*         0x10007a5b        0x1 
 .rodata.__func__.2
                0x10007a5c       0x13 CMakeFiles/I2C_EEPROM.dir/D_/win/Pico/pico-sdk/src/rp2_common/hardware_irq/irq.c.obj
 *fill*         0x10007a6f        0x1 
 .rodata.__func__.3
                0x10007a70        0xc CMakeFiles/I2C_EEPROM.dir/D_/win/Pico/pico-sdk/src/rp2_common/hardware_irq/irq.c.obj
 .rodata.__func__.4
                0x10007a7c        0xf CMakeFiles/I2C_EEPROM.dir/D_/win/Pico/pico-sdk/src/rp2_common/hardware_irq/irq.c.obj
 *fill*         0x10007a8b        0x1 
 .rodata.__func__.5
                0x10007a8c       0x17 CMakeFiles/I2C_EEPROM.dir/D_/win/Pico/pico-sdk/src/rp2_common/hardware_irq/irq.c.obj
 *fill*         0x10007aa3        0x1 
 .rodata.__func__.6
                0x10007aa4       0x1a CMakeFiles/I2C_EEPROM.dir/D_/win/Pico/pico-sdk/src/rp2_common/hardware_irq/irq.c.obj
 *fill*         0x10007abe        0x2 
 .rodata.str1.4
                0x10007ac0       0xe1 CMakeFiles/I2C_EEPROM.dir/D_/win/Pico/pico-sdk/src/common/pico_sync/mutex.c.obj
 *fill*         0x10007ba1        0x3 
 .rodata.__func__.1
                0x10007ba4        0xb CMakeFiles/I2C_EEPROM.dir/D_/win/Pico/pico-sdk/src/common/pico_sync/mutex.c.obj
 *fill*         0x10007baf        0x1 
 .rodata.__func__.3
                0x10007bb0       0x18 CMakeFiles/I2C_EEPROM.dir/D_/win/Pico/pico-sdk/src/common/pico_sync/mutex.c.obj
 .rodata.__func__.4
                0x10007bc8       0x15 CMakeFiles/I2C_EEPROM.dir/D_/win/Pico/pico-sdk/src/common/pico_sync/mutex.c.obj
 *fill*         0x10007bdd        0x3 
 .rodata.repeating_timer_callback.str1.4
                0x10007be0       0x45 CMakeFiles/I2C_EEPROM.dir/D_/win/Pico/pico-sdk/src/common/pico_time/time.c.obj
 *fill*         0x10007c25        0x3 
 .rodata.timer_pool_entry_comparator.str1.4
                0x10007c28       0x22 CMakeFiles/I2C_EEPROM.dir/D_/win/Pico/pico-sdk/src/common/pico_time/time.c.obj
 *fill*         0x10007c4a        0x2 
 .rodata.ph_add_child_node.str1.4
                0x10007c4c       0x8e CMakeFiles/I2C_EEPROM.dir/D_/win/Pico/pico-sdk/src/common/pico_time/time.c.obj
 *fill*         0x10007cda        0x2 
 .rodata.add_alarm_under_lock.str1.4
                0x10007cdc       0x28 CMakeFiles/I2C_EEPROM.dir/D_/win/Pico/pico-sdk/src/common/pico_time/time.c.obj
                                 0x2b (size before relaxing)
 .rodata.alarm_pool_alarm_callback.str1.4
                0x10007d04       0x98 CMakeFiles/I2C_EEPROM.dir/D_/win/Pico/pico-sdk/src/common/pico_time/time.c.obj
                                 0xf4 (size before relaxing)
 .rodata.alarm_pool_get_default.str1.4
                0x10007d9c       0x21 CMakeFiles/I2C_EEPROM.dir/D_/win/Pico/pico-sdk/src/common/pico_time/time.c.obj
 *fill*         0x10007dbd        0x3 
 .rodata.alarm_pool_cancel_alarm.str1.4
                0x10007dc0       0x27 CMakeFiles/I2C_EEPROM.dir/D_/win/Pico/pico-sdk/src/common/pico_time/time.c.obj
 *fill*         0x10007de7        0x1 
 .rodata.sleep_until.str1.4
                0x10007de8       0x4d CMakeFiles/I2C_EEPROM.dir/D_/win/Pico/pico-sdk/src/common/pico_time/time.c.obj
 *fill*         0x10007e35        0x3 
 .rodata.__func__.1
                0x10007e38       0x18 CMakeFiles/I2C_EEPROM.dir/D_/win/Pico/pico-sdk/src/common/pico_time/time.c.obj
 .rodata.__func__.10
                0x10007e50       0x15 CMakeFiles/I2C_EEPROM.dir/D_/win/Pico/pico-sdk/src/common/pico_time/time.c.obj
 *fill*         0x10007e65        0x3 
 .rodata.__func__.11
                0x10007e68       0x1a CMakeFiles/I2C_EEPROM.dir/D_/win/Pico/pico-sdk/src/common/pico_time/time.c.obj
 *fill*         0x10007e82        0x2 
 .rodata.__func__.12
                0x10007e84        0xa CMakeFiles/I2C_EEPROM.dir/D_/win/Pico/pico-sdk/src/common/pico_time/time.c.obj
 *fill*         0x10007e8e        0x2 
 .rodata.__func__.3
                0x10007e90       0x17 CMakeFiles/I2C_EEPROM.dir/D_/win/Pico/pico-sdk/src/common/pico_time/time.c.obj
 *fill*         0x10007ea7        0x1 
 .rodata.__func__.4
                0x10007ea8       0x12 CMakeFiles/I2C_EEPROM.dir/D_/win/Pico/pico-sdk/src/common/pico_time/time.c.obj
 *fill*         0x10007eba        0x2 
 .rodata.__func__.5
                0x10007ebc        0xd CMakeFiles/I2C_EEPROM.dir/D_/win/Pico/pico-sdk/src/common/pico_time/time.c.obj
 *fill*         0x10007ec9        0x3 
 .rodata.__func__.6
                0x10007ecc       0x12 CMakeFiles/I2C_EEPROM.dir/D_/win/Pico/pico-sdk/src/common/pico_time/time.c.obj
 *fill*         0x10007ede        0x2 
 .rodata.__func__.7
                0x10007ee0        0xf CMakeFiles/I2C_EEPROM.dir/D_/win/Pico/pico-sdk/src/common/pico_time/time.c.obj
 *fill*         0x10007eef        0x1 
 .rodata.__func__.8
                0x10007ef0        0xc CMakeFiles/I2C_EEPROM.dir/D_/win/Pico/pico-sdk/src/common/pico_time/time.c.obj
 .rodata.__func__.9
                0x10007efc       0x15 CMakeFiles/I2C_EEPROM.dir/D_/win/Pico/pico-sdk/src/common/pico_time/time.c.obj
 *fill*         0x10007f11        0x3 
 .rodata.hardware_alarm_claim.str1.4
                0x10007f14       0x22 CMakeFiles/I2C_EEPROM.dir/D_/win/Pico/pico-sdk/src/rp2_common/hardware_timer/timer.c.obj
 *fill*         0x10007f36        0x2 
 .rodata.hardware_alarm_set_target.str1.4
                0x10007f38       0x5f CMakeFiles/I2C_EEPROM.dir/D_/win/Pico/pico-sdk/src/rp2_common/hardware_timer/timer.c.obj
 *fill*         0x10007f97        0x1 
 .rodata.__func__.0
                0x10007f98       0x1a CMakeFiles/I2C_EEPROM.dir/D_/win/Pico/pico-sdk/src/rp2_common/hardware_timer/timer.c.obj
 .rodata.ph_add_child_node.str1.4
                0x10007fb2       0x8e CMakeFiles/I2C_EEPROM.dir/D_/win/Pico/pico-sdk/src/common/pico_util/pheap.c.obj
 *fill*         0x10007fb2        0x2 
 .rodata.ph_remove_any_head.str1.4
                0x10007fb4       0x88 CMakeFiles/I2C_EEPROM.dir/D_/win/Pico/pico-sdk/src/common/pico_util/pheap.c.obj
                                 0x9c (size before relaxing)
 .rodata.ph_remove_and_free_node.str1.4
                0x1000803c       0x1e CMakeFiles/I2C_EEPROM.dir/D_/win/Pico/pico-sdk/src/common/pico_util/pheap.c.obj
                                 0x26 (size before relaxing)
 *fill*         0x1000805a        0x2 
 .rodata.__func__.0
                0x1000805c       0x18 CMakeFiles/I2C_EEPROM.dir/D_/win/Pico/pico-sdk/src/common/pico_util/pheap.c.obj
 .rodata.__func__.1
                0x10008074       0x13 CMakeFiles/I2C_EEPROM.dir/D_/win/Pico/pico-sdk/src/common/pico_util/pheap.c.obj
 *fill*         0x10008087        0x1 
 .rodata.__func__.2
                0x10008088       0x12 CMakeFiles/I2C_EEPROM.dir/D_/win/Pico/pico-sdk/src/common/pico_util/pheap.c.obj
 *fill*         0x1000809a        0x2 
 .rodata.__func__.3
                0x1000809c        0xc CMakeFiles/I2C_EEPROM.dir/D_/win/Pico/pico-sdk/src/common/pico_util/pheap.c.obj
 .rodata.clock_configure.str1.4
                0x100080a8       0x51 CMakeFiles/I2C_EEPROM.dir/D_/win/Pico/pico-sdk/src/rp2_common/hardware_clocks/clocks.c.obj
 *fill*         0x100080f9        0x3 
 .rodata.__func__.1
                0x100080fc       0x10 CMakeFiles/I2C_EEPROM.dir/D_/win/Pico/pico-sdk/src/rp2_common/hardware_clocks/clocks.c.obj
 .rodata.pll_init.str1.4
                0x1000810c      0x11b CMakeFiles/I2C_EEPROM.dir/D_/win/Pico/pico-sdk/src/rp2_common/hardware_pll/pll.c.obj
 *fill*         0x10008227        0x1 
 .rodata.__func__.0
                0x10008228        0x9 CMakeFiles/I2C_EEPROM.dir/D_/win/Pico/pico-sdk/src/rp2_common/hardware_pll/pll.c.obj
 *fill*         0x10008231        0x3 
 .rodata.__assert_func.str1.4
                0x10008234       0x3f CMakeFiles/I2C_EEPROM.dir/D_/win/Pico/pico-sdk/src/rp2_common/pico_runtime/runtime.c.obj
                                 0x43 (size before relaxing)
 *fill*         0x10008273        0x1 
 .rodata.runtime_init.str1.4
                0x10008274       0x5b CMakeFiles/I2C_EEPROM.dir/D_/win/Pico/pico-sdk/src/rp2_common/pico_runtime/runtime.c.obj
 *fill*         0x100082cf        0x1 
 .rodata.panic.str1.4
                0x100082d0       0x10 CMakeFiles/I2C_EEPROM.dir/D_/win/Pico/pico-sdk/src/rp2_common/pico_runtime/runtime.c.obj
                                 0x12 (size before relaxing)
 .rodata.__func__.2
                0x100082e0        0xd CMakeFiles/I2C_EEPROM.dir/D_/win/Pico/pico-sdk/src/rp2_common/pico_runtime/runtime.c.obj
 *fill*         0x100082ed        0x3 
 .rodata._ftoa.str1.4
                0x100082f0       0x15 CMakeFiles/I2C_EEPROM.dir/D_/win/Pico/pico-sdk/src/rp2_common/pico_printf/printf.c.obj
 *fill*         0x10008305        0x3 
 .rodata._vsnprintf
                0x10008308      0x1e0 CMakeFiles/I2C_EEPROM.dir/D_/win/Pico/pico-sdk/src/rp2_common/pico_printf/printf.c.obj
 .rodata.pow10.0
                0x100084e8       0x50 CMakeFiles/I2C_EEPROM.dir/D_/win/Pico/pico-sdk/src/rp2_common/pico_printf/printf.c.obj
 .rodata.missing_double_func_shim.str1.4
                0x10008538       0x18 CMakeFiles/I2C_EEPROM.dir/D_/win/Pico/pico-sdk/src/rp2_common/pico_double/double_init_rom.c.obj
 .rodata.__aeabi_double_init.str1.4
                0x10008550       0xa2 CMakeFiles/I2C_EEPROM.dir/D_/win/Pico/pico-sdk/src/rp2_common/pico_double/double_init_rom.c.obj
 *fill*         0x100085f2        0x2 
 .rodata.__func__.0
                0x100085f4       0x14 CMakeFiles/I2C_EEPROM.dir/D_/win/Pico/pico-sdk/src/rp2_common/pico_double/double_init_rom.c.obj
 .rodata.missing_float_func_shim.str1.4
                0x10008608        0x1 CMakeFiles/I2C_EEPROM.dir/D_/win/Pico/pico-sdk/src/rp2_common/pico_float/float_init_rom.c.obj
 .rodata.__aeabi_float_init.str1.4
                0x10008608       0x74 CMakeFiles/I2C_EEPROM.dir/D_/win/Pico/pico-sdk/src/rp2_common/pico_float/float_init_rom.c.obj
 .rodata.__func__.0
                0x1000867c       0x13 CMakeFiles/I2C_EEPROM.dir/D_/win/Pico/pico-sdk/src/rp2_common/pico_float/float_init_rom.c.obj
 *fill*         0x1000868f        0x1 
 .rodata.str1.4
                0x10008690       0x40 CMakeFiles/I2C_EEPROM.dir/D_/win/Pico/pico-sdk/src/rp2_common/pico_standard_link/binary_info.c.obj
 .rodata.__bi_44
                0x100086d0        0xc CMakeFiles/I2C_EEPROM.dir/D_/win/Pico/pico-sdk/src/rp2_common/pico_standard_link/binary_info.c.obj
 .rodata.__bi_75
                0x100086dc        0xc CMakeFiles/I2C_EEPROM.dir/D_/win/Pico/pico-sdk/src/rp2_common/pico_standard_link/binary_info.c.obj
 .rodata.__bi_81
                0x100086e8        0xc CMakeFiles/I2C_EEPROM.dir/D_/win/Pico/pico-sdk/src/rp2_common/pico_standard_link/binary_info.c.obj
 .rodata.stdout_serialize_begin.str1.4
                0x100086f4       0x5b CMakeFiles/I2C_EEPROM.dir/D_/win/Pico/pico-sdk/src/rp2_common/pico_stdio/stdio.c.obj
 .rodata.__func__.3
                0x100086f4       0x15 CMakeFiles/I2C_EEPROM.dir/D_/win/Pico/pico-sdk/src/rp2_common/pico_stdio/stdio.c.obj
 *fill*         0x10008709        0x3 
 .rodata.crlf_str.2
                0x1000870c        0x2 CMakeFiles/I2C_EEPROM.dir/D_/win/Pico/pico-sdk/src/rp2_common/pico_stdio/stdio.c.obj
 *fill*         0x1000870e        0x2 
 .rodata.str1.4
                0x10008710       0x2c CMakeFiles/I2C_EEPROM.dir/D_/win/Pico/pico-sdk/src/rp2_common/pico_stdio_uart/stdio_uart.c.obj
 .rodata.__bi_33.4
                0x1000873c        0xc CMakeFiles/I2C_EEPROM.dir/D_/win/Pico/pico-sdk/src/rp2_common/pico_stdio_uart/stdio_uart.c.obj
 .rodata.__bi_34.5
                0x10008748        0x8 CMakeFiles/I2C_EEPROM.dir/D_/win/Pico/pico-sdk/src/rp2_common/pico_stdio_uart/stdio_uart.c.obj
 .rodata.i2c_set_baudrate.str1.4
                0x10008750       0x57 CMakeFiles/I2C_EEPROM.dir/D_/win/Pico/pico-sdk/src/rp2_common/hardware_i2c/i2c.c.obj
 *fill*         0x100087a7        0x1 
 .rodata.__func__.0
                0x100087a8       0x11 CMakeFiles/I2C_EEPROM.dir/D_/win/Pico/pico-sdk/src/rp2_common/hardware_i2c/i2c.c.obj
 *fill*         0x100087b9        0x3 
 .rodata._resetd_driver
                0x100087bc       0x18 CMakeFiles/I2C_EEPROM.dir/D_/win/Pico/pico-sdk/src/rp2_common/pico_stdio_usb/reset_interface.c.obj
 .rodata.low_priority_worker_irq.str1.4
                0x100087d4       0x5b CMakeFiles/I2C_EEPROM.dir/D_/win/Pico/pico-sdk/src/rp2_common/pico_stdio_usb/stdio_usb.c.obj
 .rodata.stdio_usb_init.str1.4
                0x100087d4       0x3f CMakeFiles/I2C_EEPROM.dir/D_/win/Pico/pico-sdk/src/rp2_common/pico_stdio_usb/stdio_usb.c.obj
                                 0x47 (size before relaxing)
 *fill*         0x10008813        0x1 
 .rodata.str1.4
                0x10008814       0x13 CMakeFiles/I2C_EEPROM.dir/D_/win/Pico/pico-sdk/src/rp2_common/pico_stdio_usb/stdio_usb.c.obj
 *fill*         0x10008827        0x1 
 .rodata.__bi_188.0
                0x10008828        0xc CMakeFiles/I2C_EEPROM.dir/D_/win/Pico/pico-sdk/src/rp2_common/pico_stdio_usb/stdio_usb.c.obj
 .rodata.__func__.1
                0x10008834        0xf CMakeFiles/I2C_EEPROM.dir/D_/win/Pico/pico-sdk/src/rp2_common/pico_stdio_usb/stdio_usb.c.obj
 *fill*         0x10008843        0x1 
 .rodata.__func__.3
                0x10008844       0x15 CMakeFiles/I2C_EEPROM.dir/D_/win/Pico/pico-sdk/src/rp2_common/pico_stdio_usb/stdio_usb.c.obj
 *fill*         0x10008859        0x3 
 .rodata.str1.4
                0x1000885c       0x2a CMakeFiles/I2C_EEPROM.dir/D_/win/Pico/pico-sdk/src/rp2_common/pico_stdio_usb/stdio_usb_descriptors.c.obj
 *fill*         0x10008886        0x2 
 .rodata.usbd_desc_cfg
                0x10008888       0x54 CMakeFiles/I2C_EEPROM.dir/D_/win/Pico/pico-sdk/src/rp2_common/pico_stdio_usb/stdio_usb_descriptors.c.obj
 .rodata.usbd_desc_device
                0x100088dc       0x12 CMakeFiles/I2C_EEPROM.dir/D_/win/Pico/pico-sdk/src/rp2_common/pico_stdio_usb/stdio_usb_descriptors.c.obj
 *fill*         0x100088ee        0x2 
 .rodata.usbd_desc_str
                0x100088f0       0x18 CMakeFiles/I2C_EEPROM.dir/D_/win/Pico/pico-sdk/src/rp2_common/pico_stdio_usb/stdio_usb_descriptors.c.obj
 .rodata.pico_get_unique_board_id_string.str1.4
                0x10008908       0x47 CMakeFiles/I2C_EEPROM.dir/D_/win/Pico/pico-sdk/src/rp2_common/pico_unique_id/unique_id.c.obj
 *fill*         0x1000894f        0x1 
 .rodata.__func__.0
                0x10008950       0x20 CMakeFiles/I2C_EEPROM.dir/D_/win/Pico/pico-sdk/src/rp2_common/pico_unique_id/unique_id.c.obj
 .rodata.str1.4
                0x10008970      0x152 CMakeFiles/I2C_EEPROM.dir/D_/win/Pico/pico-sdk/src/rp2_common/hardware_flash/flash.c.obj
 *fill*         0x10008ac2        0x2 
 .rodata.__func__.0
                0x10008ac4        0xd CMakeFiles/I2C_EEPROM.dir/D_/win/Pico/pico-sdk/src/rp2_common/hardware_flash/flash.c.obj
 *fill*         0x10008ad1        0x3 
 .rodata._hw_endpoint_alloc.str1.4
                0x10008ad4       0xb1 CMakeFiles/I2C_EEPROM.dir/D_/win/Pico/pico-sdk/lib/tinyusb/src/portable/raspberrypi/rp2040/dcd_rp2040.c.obj
 *fill*         0x10008b85        0x3 
 .rodata.str1.4
                0x10008b88       0x14 CMakeFiles/I2C_EEPROM.dir/D_/win/Pico/pico-sdk/lib/tinyusb/src/portable/raspberrypi/rp2040/dcd_rp2040.c.obj
 .rodata.dcd_int_enable.str1.4
                0x10008b9c        0xc CMakeFiles/I2C_EEPROM.dir/D_/win/Pico/pico-sdk/lib/tinyusb/src/portable/raspberrypi/rp2040/dcd_rp2040.c.obj
 .rodata.__func__.0
                0x10008ba8        0xe CMakeFiles/I2C_EEPROM.dir/D_/win/Pico/pico-sdk/lib/tinyusb/src/portable/raspberrypi/rp2040/dcd_rp2040.c.obj
 *fill*         0x10008bb6        0x2 
 .rodata.__func__.1
                0x10008bb8        0xe CMakeFiles/I2C_EEPROM.dir/D_/win/Pico/pico-sdk/lib/tinyusb/src/portable/raspberrypi/rp2040/dcd_rp2040.c.obj
 *fill*         0x10008bc6        0x2 
 .rodata.__func__.3
                0x10008bc8       0x10 CMakeFiles/I2C_EEPROM.dir/D_/win/Pico/pico-sdk/lib/tinyusb/src/portable/raspberrypi/rp2040/dcd_rp2040.c.obj
 .rodata.__func__.5
                0x10008bd8        0xf CMakeFiles/I2C_EEPROM.dir/D_/win/Pico/pico-sdk/lib/tinyusb/src/portable/raspberrypi/rp2040/dcd_rp2040.c.obj
 *fill*         0x10008be7        0x1 
 .rodata.__func__.6
                0x10008be8       0x13 CMakeFiles/I2C_EEPROM.dir/D_/win/Pico/pico-sdk/lib/tinyusb/src/portable/raspberrypi/rp2040/dcd_rp2040.c.obj
 *fill*         0x10008bfb        0x1 
 .rodata.__func__.7
                0x10008bfc        0x9 CMakeFiles/I2C_EEPROM.dir/D_/win/Pico/pico-sdk/lib/tinyusb/src/portable/raspberrypi/rp2040/dcd_rp2040.c.obj
 *fill*         0x10008c05        0x3 
 .rodata.str1.4
                0x10008c08       0xd9 CMakeFiles/I2C_EEPROM.dir/D_/win/Pico/pico-sdk/lib/tinyusb/src/portable/raspberrypi/rp2040/rp2040_usb.c.obj
                                 0xe3 (size before relaxing)
 *fill*         0x10008ce1        0x3 
 .rodata.__func__.0
                0x10008ce4        0xf CMakeFiles/I2C_EEPROM.dir/D_/win/Pico/pico-sdk/lib/tinyusb/src/portable/raspberrypi/rp2040/rp2040_usb.c.obj
 *fill*         0x10008cf3        0x1 
 .rodata.process_get_descriptor
                0x10008cf4       0x40 CMakeFiles/I2C_EEPROM.dir/D_/win/Pico/pico-sdk/lib/tinyusb/src/device/usbd.c.obj
 .rodata.process_control_request
                0x10008d34       0x28 CMakeFiles/I2C_EEPROM.dir/D_/win/Pico/pico-sdk/lib/tinyusb/src/device/usbd.c.obj
 .rodata.tud_task_ext
                0x10008d5c       0x24 CMakeFiles/I2C_EEPROM.dir/D_/win/Pico/pico-sdk/lib/tinyusb/src/device/usbd.c.obj
 .rodata._usbd_driver
                0x10008d80       0x18 CMakeFiles/I2C_EEPROM.dir/D_/win/Pico/pico-sdk/lib/tinyusb/src/device/usbd.c.obj
                0x10008d98                . = ALIGN (0x4)
 *(SORT_BY_ALIGNMENT(SORT_BY_NAME(.flashdata*)))
                0x10008d98                . = ALIGN (0x4)

.rel.dyn        0x10008d98        0x0
 .rel.iplt      0x10008d98        0x0 d:/win/pico/gcc-arm-none-eabi/bin/../lib/gcc/arm-none-eabi/10.3.1/thumb/v6-m/nofp/crtbegin.o

.ARM.extab
 *(.ARM.extab* .gnu.linkonce.armextab.*)
                0x10008d98                __exidx_start = .

.ARM.exidx
 *(.ARM.exidx* .gnu.linkonce.armexidx.*)
                0x10008d98                __exidx_end = .
                0x10008d98                . = ALIGN (0x4)
                0x10008d98                __binary_info_start = .

.binary_info    0x10008d98       0x28
 *(.binary_info.keep.*)
 .binary_info.keep.__bi_ptr22
                0x10008d98        0x4 CMakeFiles/I2C_EEPROM.dir/D_/win/Pico/pico-sdk/src/rp2_common/pico_standard_link/binary_info.c.obj
 .binary_info.keep.__bi_ptr30
                0x10008d9c        0x4 CMakeFiles/I2C_EEPROM.dir/D_/win/Pico/pico-sdk/src/rp2_common/pico_standard_link/binary_info.c.obj
 .binary_info.keep.__bi_ptr38
                0x10008da0        0x4 CMakeFiles/I2C_EEPROM.dir/D_/win/Pico/pico-sdk/src/rp2_common/pico_standard_link/binary_info.c.obj
 .binary_info.keep.__bi_ptr44
                0x10008da4        0x4 CMakeFiles/I2C_EEPROM.dir/D_/win/Pico/pico-sdk/src/rp2_common/pico_standard_link/binary_info.c.obj
 .binary_info.keep.__bi_ptr50
                0x10008da8        0x4 CMakeFiles/I2C_EEPROM.dir/D_/win/Pico/pico-sdk/src/rp2_common/pico_standard_link/binary_info.c.obj
 .binary_info.keep.__bi_ptr75
                0x10008dac        0x4 CMakeFiles/I2C_EEPROM.dir/D_/win/Pico/pico-sdk/src/rp2_common/pico_standard_link/binary_info.c.obj
 .binary_info.keep.__bi_ptr81
                0x10008db0        0x4 CMakeFiles/I2C_EEPROM.dir/D_/win/Pico/pico-sdk/src/rp2_common/pico_standard_link/binary_info.c.obj
 *(.binary_info.*)
 .binary_info.__bi_ptr33
                0x10008db4        0x4 CMakeFiles/I2C_EEPROM.dir/D_/win/Pico/pico-sdk/src/rp2_common/pico_stdio_uart/stdio_uart.c.obj
 .binary_info.__bi_ptr34
                0x10008db8        0x4 CMakeFiles/I2C_EEPROM.dir/D_/win/Pico/pico-sdk/src/rp2_common/pico_stdio_uart/stdio_uart.c.obj
 .binary_info.__bi_ptr188
                0x10008dbc        0x4 CMakeFiles/I2C_EEPROM.dir/D_/win/Pico/pico-sdk/src/rp2_common/pico_stdio_usb/stdio_usb.c.obj
                0x10008dc0                __binary_info_end = .
                0x10008dc0                . = ALIGN (0x4)
                0x10008dc0                __etext = .

.ram_vector_table
                0x20000000       0xc0
 *(.ram_vector_table)
 .ram_vector_table
                0x20000000       0xc0 CMakeFiles/I2C_EEPROM.dir/D_/win/Pico/pico-sdk/src/rp2_common/pico_runtime/runtime.c.obj
                0x20000000                ram_vector_table

.data           0x200000c0      0xc00 load address 0x10008dc0
                0x200000c0                __data_start__ = .
 *(vtable)
 *(.time_critical*)
 .time_critical.mutex_try_enter
                0x200000c0       0x46 CMakeFiles/I2C_EEPROM.dir/D_/win/Pico/pico-sdk/src/common/pico_sync/mutex.c.obj
                0x200000c0                mutex_try_enter
 *fill*         0x20000106        0x2 
 .time_critical.mutex_enter_block_until
                0x20000108       0x8c CMakeFiles/I2C_EEPROM.dir/D_/win/Pico/pico-sdk/src/common/pico_sync/mutex.c.obj
                0x20000108                mutex_enter_block_until
 .time_critical.mutex_try_enter_block_until
                0x20000194       0x34 CMakeFiles/I2C_EEPROM.dir/D_/win/Pico/pico-sdk/src/common/pico_sync/mutex.c.obj
                0x20000194                mutex_try_enter_block_until
 .time_critical.mutex_enter_timeout_ms
                0x200001c8       0x68 CMakeFiles/I2C_EEPROM.dir/D_/win/Pico/pico-sdk/src/common/pico_sync/mutex.c.obj
                0x200001c8                mutex_enter_timeout_ms
 .time_critical.mutex_exit
                0x20000230       0x4c CMakeFiles/I2C_EEPROM.dir/D_/win/Pico/pico-sdk/src/common/pico_sync/mutex.c.obj
                0x20000230                mutex_exit
 .time_critical.flash_init_boot2_copyout
                0x2000027c       0x30 CMakeFiles/I2C_EEPROM.dir/D_/win/Pico/pico-sdk/src/rp2_common/hardware_flash/flash.c.obj
 .time_critical.flash_enable_xip_via_boot2
                0x200002ac       0x10 CMakeFiles/I2C_EEPROM.dir/D_/win/Pico/pico-sdk/src/rp2_common/hardware_flash/flash.c.obj
 .time_critical.flash_cs_force
                0x200002bc       0x28 CMakeFiles/I2C_EEPROM.dir/D_/win/Pico/pico-sdk/src/rp2_common/hardware_flash/flash.c.obj
 .time_critical.flash_do_cmd
                0x200002e4       0xd8 CMakeFiles/I2C_EEPROM.dir/D_/win/Pico/pico-sdk/src/rp2_common/hardware_flash/flash.c.obj
                0x200002e4                flash_do_cmd
 .time_critical.reset_non_control_endpoints
                0x200003bc       0x40 CMakeFiles/I2C_EEPROM.dir/D_/win/Pico/pico-sdk/lib/tinyusb/src/portable/raspberrypi/rp2040/dcd_rp2040.c.obj
 .time_critical.hw_handle_buff_status
                0x200003fc       0xa4 CMakeFiles/I2C_EEPROM.dir/D_/win/Pico/pico-sdk/lib/tinyusb/src/portable/raspberrypi/rp2040/dcd_rp2040.c.obj
 .time_critical.dcd_rp2040_irq
                0x200004a0      0x1cc CMakeFiles/I2C_EEPROM.dir/D_/win/Pico/pico-sdk/lib/tinyusb/src/portable/raspberrypi/rp2040/dcd_rp2040.c.obj
 .time_critical.e15_is_bulkin_ep
                0x2000066c       0x2c CMakeFiles/I2C_EEPROM.dir/D_/win/Pico/pico-sdk/lib/tinyusb/src/portable/raspberrypi/rp2040/rp2040_usb.c.obj
 .time_critical.e15_is_critical_frame_period
                0x20000698       0x30 CMakeFiles/I2C_EEPROM.dir/D_/win/Pico/pico-sdk/lib/tinyusb/src/portable/raspberrypi/rp2040/rp2040_usb.c.obj
 .time_critical.prepare_ep_buffer
                0x200006c8       0x70 CMakeFiles/I2C_EEPROM.dir/D_/win/Pico/pico-sdk/lib/tinyusb/src/portable/raspberrypi/rp2040/rp2040_usb.c.obj
 .time_critical.sync_ep_buffer
                0x20000738       0x80 CMakeFiles/I2C_EEPROM.dir/D_/win/Pico/pico-sdk/lib/tinyusb/src/portable/raspberrypi/rp2040/rp2040_usb.c.obj
 .time_critical._hw_endpoint_xfer_sync
                0x200007b8       0x28 CMakeFiles/I2C_EEPROM.dir/D_/win/Pico/pico-sdk/lib/tinyusb/src/portable/raspberrypi/rp2040/rp2040_usb.c.obj
 .time_critical.hw_endpoint_reset_transfer
                0x200007e0        0xc CMakeFiles/I2C_EEPROM.dir/D_/win/Pico/pico-sdk/lib/tinyusb/src/portable/raspberrypi/rp2040/rp2040_usb.c.obj
                0x200007e0                hw_endpoint_reset_transfer
 .time_critical._hw_endpoint_buffer_control_update32
                0x200007ec       0x58 CMakeFiles/I2C_EEPROM.dir/D_/win/Pico/pico-sdk/lib/tinyusb/src/portable/raspberrypi/rp2040/rp2040_usb.c.obj
                0x200007ec                _hw_endpoint_buffer_control_update32
 .time_critical.hw_endpoint_start_next_buffer
                0x20000844       0x88 CMakeFiles/I2C_EEPROM.dir/D_/win/Pico/pico-sdk/lib/tinyusb/src/portable/raspberrypi/rp2040/rp2040_usb.c.obj
                0x20000844                hw_endpoint_start_next_buffer
 .time_critical.hw_endpoint_xfer_continue
                0x200008cc       0x50 CMakeFiles/I2C_EEPROM.dir/D_/win/Pico/pico-sdk/lib/tinyusb/src/portable/raspberrypi/rp2040/rp2040_usb.c.obj
                0x200008cc                hw_endpoint_xfer_continue
 .time_critical.tinyusb
                0x2000091c      0x1ec CMakeFiles/I2C_EEPROM.dir/D_/win/Pico/pico-sdk/lib/tinyusb/src/device/usbd.c.obj
                0x2000091c                dcd_event_handler
 *(.text*)
 .text          0x20000b08        0x4 d:/win/pico/gcc-arm-none-eabi/bin/../lib/gcc/arm-none-eabi/10.3.1/thumb/v6-m/nofp\libgcc.a(_dvmd_tls.o)
                0x20000b08                __aeabi_idiv0
                0x20000b08                __aeabi_ldiv0
 *fill*         0x20000b0c        0x4 
 .text.__stub   0x20000b10       0x90 linker stubs
                0x20000ba0                . = ALIGN (0x4)
 *(.rodata*)
                0x20000ba0                . = ALIGN (0x4)
 *(.data*)
 .data.striped_spin_lock_num
                0x20000ba0        0x1 CMakeFiles/I2C_EEPROM.dir/D_/win/Pico/pico-sdk/src/rp2_common/hardware_sync/sync.c.obj
 *fill*         0x20000ba1        0x3 
 .data          0x20000ba4       0x48 CMakeFiles/I2C_EEPROM.dir/D_/win/Pico/pico-sdk/src/rp2_common/hardware_irq/irq_handler_chain.S.obj
                0x20000ba4                irq_handler_chain_slots
                0x20000bd4                irq_handler_chain_first_slot
                0x20000bde                irq_handler_chain_remove_tail
 .data.default_alarm_pool
                0x20000bec       0x18 CMakeFiles/I2C_EEPROM.dir/D_/win/Pico/pico-sdk/src/common/pico_time/time.c.obj
 .data.default_alarm_pool_heap
                0x20000c04       0x10 CMakeFiles/I2C_EEPROM.dir/D_/win/Pico/pico-sdk/src/common/pico_time/time.c.obj
 *fill*         0x20000c14        0xc 
 .data.aeabi_bits_funcs
                0x20000c20       0x10 CMakeFiles/I2C_EEPROM.dir/D_/win/Pico/pico-sdk/src/rp2_common/pico_bit_ops/bit_ops_aeabi.S.obj
                0x20000c20                aeabi_bits_funcs
                0x20000c30                aeabi_bits_funcs_end
 .data.aeabi_mem_funcs
                0x20000c30       0x10 CMakeFiles/I2C_EEPROM.dir/D_/win/Pico/pico-sdk/src/rp2_common/pico_mem_ops/mem_ops_aeabi.S.obj
                0x20000c30                aeabi_mem_funcs
                0x20000c40                aeabi_mem_funcs_end
 .data.stdio_uart
                0x20000c40       0x18 CMakeFiles/I2C_EEPROM.dir/D_/win/Pico/pico-sdk/src/rp2_common/pico_stdio_uart/stdio_uart.c.obj
                0x20000c40                stdio_uart
 .data.i2c0_inst
                0x20000c58        0x8 CMakeFiles/I2C_EEPROM.dir/D_/win/Pico/pico-sdk/src/rp2_common/hardware_i2c/i2c.c.obj
                0x20000c58                i2c0_inst
 .data.stdio_usb
                0x20000c60       0x18 CMakeFiles/I2C_EEPROM.dir/D_/win/Pico/pico-sdk/src/rp2_common/pico_stdio_usb/stdio_usb.c.obj
                0x20000c60                stdio_usb
 .data.ep_dir_string
                0x20000c78        0x8 CMakeFiles/I2C_EEPROM.dir/D_/win/Pico/pico-sdk/lib/tinyusb/src/portable/raspberrypi/rp2040/rp2040_usb.c.obj
                0x20000c78                ep_dir_string
 .data._usbd_qdef
                0x20000c80       0x1c CMakeFiles/I2C_EEPROM.dir/D_/win/Pico/pico-sdk/lib/tinyusb/src/device/usbd.c.obj
                0x20000c80                _usbd_qdef
 .data._usbd_rhport
                0x20000c9c        0x1 CMakeFiles/I2C_EEPROM.dir/D_/win/Pico/pico-sdk/lib/tinyusb/src/device/usbd.c.obj
                0x20000ca0                . = ALIGN (0x4)
 *fill*         0x20000c9d        0x3 
 *(.after_data.*)
                0x20000ca0                . = ALIGN (0x4)
                0x20000ca0                PROVIDE (__mutex_array_start = .)
 *(SORT_BY_NAME(.mutex_array.*))
 *(.mutex_array)
 .mutex_array   0x20000ca0        0x8 CMakeFiles/I2C_EEPROM.dir/D_/win/Pico/pico-sdk/src/rp2_common/pico_stdio/stdio.c.obj
                0x20000ca8                PROVIDE (__mutex_array_end = .)
                0x20000ca8                . = ALIGN (0x4)
                0x20000ca8                PROVIDE (__preinit_array_start = .)
 *(SORT_BY_NAME(.preinit_array.*))
 .preinit_array.00001
                0x20000ca8        0x4 CMakeFiles/I2C_EEPROM.dir/D_/win/Pico/pico-sdk/src/rp2_common/pico_mem_ops/mem_ops_aeabi.S.obj
 .preinit_array.00010
                0x20000cac        0x4 CMakeFiles/I2C_EEPROM.dir/D_/win/Pico/pico-sdk/src/rp2_common/pico_bit_ops/bit_ops_aeabi.S.obj
 .preinit_array.00020
                0x20000cb0        0x4 CMakeFiles/I2C_EEPROM.dir/D_/win/Pico/pico-sdk/src/rp2_common/pico_double/double_aeabi.S.obj
 .preinit_array.00020
                0x20000cb4        0x4 CMakeFiles/I2C_EEPROM.dir/D_/win/Pico/pico-sdk/src/rp2_common/pico_float/float_aeabi.S.obj
 *(.preinit_array)
                0x20000cb8                PROVIDE (__preinit_array_end = .)
                0x20000cb8                . = ALIGN (0x4)
                0x20000cb8                PROVIDE (__init_array_start = .)
 *(SORT_BY_NAME(.init_array.*))
 *(.init_array)
 .init_array    0x20000cb8        0x4 d:/win/pico/gcc-arm-none-eabi/bin/../lib/gcc/arm-none-eabi/10.3.1/thumb/v6-m/nofp/crtbegin.o
 .init_array    0x20000cbc        0x4 CMakeFiles/I2C_EEPROM.dir/D_/win/Pico/pico-sdk/src/rp2_common/pico_unique_id/unique_id.c.obj
                0x20000cc0                PROVIDE (__init_array_end = .)
                0x20000cc0                . = ALIGN (0x4)
                [!provide]                PROVIDE (__fini_array_start = .)
 *(SORT_BY_NAME(.fini_array.*))
 *(.fini_array)
                [!provide]                PROVIDE (__fini_array_end = .)
 *(.jcr)
                0x20000cc0                . = ALIGN (0x4)
                0x20000cc0                __data_end__ = .

.igot.plt       0x20000cc0        0x0 load address 0x100099c0
 .igot.plt      0x20000cc0        0x0 d:/win/pico/gcc-arm-none-eabi/bin/../lib/gcc/arm-none-eabi/10.3.1/thumb/v6-m/nofp/crtbegin.o

.uninitialized_data
                0x20000cc0        0x0 load address 0x100099c0
                0x20000cc0                . = ALIGN (0x4)
 *(.uninitialized_data*)

.scratch_x      0x20040000        0x0 load address 0x100099c0
                0x20040000                __scratch_x_start__ = .
 *(.scratch_x.*)
                0x20040000                . = ALIGN (0x4)
                0x20040000                __scratch_x_end__ = .
                0x100099c0                __scratch_x_source__ = LOADADDR (.scratch_x)

.scratch_y      0x20041000        0x0 load address 0x100099c0
                0x20041000                __scratch_y_start__ = .
 *(.scratch_y.*)
                0x20041000                . = ALIGN (0x4)
                0x20041000                __scratch_y_end__ = .
                0x100099c0                __scratch_y_source__ = LOADADDR (.scratch_y)

.bss            0x20000cc0      0xd98
                0x20000cc0                . = ALIGN (0x4)
                0x20000cc0                __bss_start__ = .
 *(SORT_BY_ALIGNMENT(SORT_BY_NAME(.bss*)))
 .bss.default_alarm_pool_entries
                0x20000cc0      0x100 CMakeFiles/I2C_EEPROM.dir/D_/win/Pico/pico-sdk/src/common/pico_time/time.c.obj
 .bss.last_avail_time.2
                0x20000dc0        0x8 CMakeFiles/I2C_EEPROM.dir/D_/win/Pico/pico-sdk/src/rp2_common/pico_stdio_usb/stdio_usb.c.obj
 .bss           0x20000dc8       0x1c d:/win/pico/gcc-arm-none-eabi/bin/../lib/gcc/arm-none-eabi/10.3.1/thumb/v6-m/nofp/crtbegin.o
 .bss._app_driver
                0x20000de4        0x4 CMakeFiles/I2C_EEPROM.dir/D_/win/Pico/pico-sdk/lib/tinyusb/src/device/usbd.c.obj
 .bss._cdcd_itf
                0x20000de8      0x2c8 CMakeFiles/I2C_EEPROM.dir/D_/win/Pico/pico-sdk/lib/tinyusb/src/class/cdc/cdc_device.c.obj
 .bss._ctrl_xfer
                0x200010b0       0x14 CMakeFiles/I2C_EEPROM.dir/D_/win/Pico/pico-sdk/lib/tinyusb/src/device/usbd_control.c.obj
 .bss._ubsd_mutexdef
                0x200010c4        0x8 CMakeFiles/I2C_EEPROM.dir/D_/win/Pico/pico-sdk/lib/tinyusb/src/device/usbd.c.obj